Archive member included to satisfy reference by file (symbol)

contiki-srf06-cc26xx.a(contiki-main.o)
                              obj_srf06-cc26xx/startup_gcc.o (main)
contiki-srf06-cc26xx.a(sensors.o)
                              contiki-srf06-cc26xx.a(contiki-main.o) (sensors_process)
contiki-srf06-cc26xx.a(leds.o)
                              contiki-srf06-cc26xx.a(contiki-main.o) (leds_init)
contiki-srf06-cc26xx.a(board.o)
                              contiki-srf06-cc26xx.a(contiki-main.o) (board_init)
contiki-srf06-cc26xx.a(launchpad-senso)
                              contiki-srf06-cc26xx.a(sensors.o) (sensors_flags)
contiki-srf06-cc26xx.a(leds-arch.o)
                              contiki-srf06-cc26xx.a(leds.o) (leds_arch_init)
contiki-srf06-cc26xx.a(button-sensor.o)
                              contiki-srf06-cc26xx.a(launchpad-senso) (button_right_sensor)
contiki-srf06-cc26xx.a(ext-flash.o)
                              contiki-srf06-cc26xx.a(board.o) (ext_flash_init)
contiki-srf06-cc26xx.a(board-spi.o)
                              contiki-srf06-cc26xx.a(ext-flash.o) (board_spi_write)
contiki-srf06-cc26xx.a(clock.o)
                              contiki-srf06-cc26xx.a(contiki-main.o) (clock_init)
contiki-srf06-cc26xx.a(soc-rtc.o)
                              contiki-srf06-cc26xx.a(contiki-main.o) (soc_rtc_init)
contiki-srf06-cc26xx.a(contiki-watchdo)
                              contiki-srf06-cc26xx.a(contiki-main.o) (watchdog_init)
contiki-srf06-cc26xx.a(putchar.o)
                              udp-client.co (putchar)
contiki-srf06-cc26xx.a(ieee-addr.o)
                              contiki-srf06-cc26xx.a(contiki-main.o) (ieee_addr_cpy_to)
contiki-srf06-cc26xx.a(cc26xx-uart.o)
                              contiki-srf06-cc26xx.a(contiki-main.o) (cc26xx_uart_init)
contiki-srf06-cc26xx.a(lpm.o)
                              contiki-srf06-cc26xx.a(button-sensor.o) (lpm_shutdown)
contiki-srf06-cc26xx.a(gpio-interrupt.)
                              contiki-srf06-cc26xx.a(button-sensor.o) (gpio_interrupt_register_handler)
contiki-srf06-cc26xx.a(oscillators.o)
                              contiki-srf06-cc26xx.a(contiki-main.o) (oscillators_select_lf_xosc)
contiki-srf06-cc26xx.a(ieee-mode.o)
                              contiki-srf06-cc26xx.a(contiki-main.o) (ieee_mode_driver)
contiki-srf06-cc26xx.a(random.o)
                              udp-client.co (random_rand)
contiki-srf06-cc26xx.a(soc-trng.o)
                              contiki-srf06-cc26xx.a(random.o) (soc_trng_rand_synchronous)
contiki-srf06-cc26xx.a(dbg-printf.o)
                              udp-client.co (printf)
contiki-srf06-cc26xx.a(dbg-sprintf.o)
                              udp-client.co (sprintf)
contiki-srf06-cc26xx.a(strformat.o)
                              contiki-srf06-cc26xx.a(dbg-printf.o) (format_str_v)
contiki-srf06-cc26xx.a(autostart.o)
                              contiki-srf06-cc26xx.a(contiki-main.o) (autostart_start)
contiki-srf06-cc26xx.a(stimer.o)
                              udp-client.co (stimer_remaining)
contiki-srf06-cc26xx.a(energest.o)
                              contiki-srf06-cc26xx.a(contiki-main.o) (energest_init)
contiki-srf06-cc26xx.a(ctimer.o)
                              contiki-srf06-cc26xx.a(contiki-main.o) (ctimer_init)
contiki-srf06-cc26xx.a(etimer.o)
                              contiki-srf06-cc26xx.a(clock.o) (etimer_request_poll)
contiki-srf06-cc26xx.a(process.o)
                              contiki-srf06-cc26xx.a(sensors.o) (process_alloc_event)
contiki-srf06-cc26xx.a(rtimer.o)
                              contiki-srf06-cc26xx.a(contiki-main.o) (rtimer_init)
contiki-srf06-cc26xx.a(timer.o)
                              contiki-srf06-cc26xx.a(button-sensor.o) (timer_set)
contiki-srf06-cc26xx.a(serial-line.o)
                              udp-client.co (serial_line_event_message)
contiki-srf06-cc26xx.a(list.o)
                              contiki-srf06-cc26xx.a(lpm.o) (list_init)
contiki-srf06-cc26xx.a(ringbuf.o)
                              contiki-srf06-cc26xx.a(serial-line.o) (ringbuf_init)
contiki-srf06-cc26xx.a(uip-ds6.o)
                              udp-client.co (uip_ds6_if)
contiki-srf06-cc26xx.a(uip-ds6-route.o)
                              contiki-srf06-cc26xx.a(uip-ds6.o) (uip_ds6_route_init)
contiki-srf06-cc26xx.a(uip6.o)
                              udp-client.co (uip_len)
contiki-srf06-cc26xx.a(uip-ds6-nbr.o)
                              contiki-srf06-cc26xx.a(uip-ds6.o) (uip_ds6_neighbors_init)
contiki-srf06-cc26xx.a(uip-nd6.o)
                              contiki-srf06-cc26xx.a(uip6.o) (uip_nd6_init)
contiki-srf06-cc26xx.a(sicslowpan.o)
                              contiki-srf06-cc26xx.a(contiki-main.o) (sicslowpan_driver)
contiki-srf06-cc26xx.a(uip-udp-packet.)
                              udp-client.co (uip_udp_packet_sendto)
contiki-srf06-cc26xx.a(tcpip.o)
                              contiki-srf06-cc26xx.a(sicslowpan.o) (tcpip_set_outputfunc)
[...]
Memory Configuration

Name             Origin             Length             Attributes
FLASH            0x0000000000000000 0x000000000001ffa8 xr
FLASH_CCFG       0x000000000001ffa8 0x0000000000000058 xr
SRAM             0x0000000020000000 0x0000000000005000 xrw
GPRAM            0x0000000011000000 0x0000000000002000 xrw
*default*        0x0000000000000000 0xffffffffffffffff

Linker script and memory map

LOAD obj_srf06-cc26xx/fault-handlers.o
LOAD obj_srf06-cc26xx/ccfg.o
LOAD obj_srf06-cc26xx/startup_gcc.o
LOAD udp-client.co
LOAD contiki-srf06-cc26xx.a
LOAD /usr/bin/../lib/gcc/arm-none-eabi/7.3.1/../../../../arm-none-eabi/lib/thumb/v7-m/libm.a
START GROUP
LOAD /usr/bin/../lib/gcc/arm-none-eabi/7.3.1/thumb/v7-m/libgcc.a
LOAD /usr/bin/../lib/gcc/arm-none-eabi/7.3.1/../../../../arm-none-eabi/lib/thumb/v7-m/libc.a
END GROUP
                0x0000000020005000                _estack = (ORIGIN (SRAM) + LENGTH (SRAM))
                0x0000000000000000                _Min_Heap_Size = 0x0
                0x0000000000000100                _Min_Stack_Size = 0x100

.text           0x0000000000000000     0xd76c
                0x0000000000000000                _text = .
 *(SORT_BY_ALIGNMENT(.vectors))
 .vectors       0x0000000000000000       0xc8 obj_srf06-cc26xx/startup_gcc.o
                0x0000000000000000                g_pfnVectors
 *(SORT_BY_ALIGNMENT(.text*))
 .text.FaultISR
                0x00000000000000c8       0x18 obj_srf06-cc26xx/fault-handlers.o
                0x00000000000000c8                FaultISR
 .text.NmiSRHandler
                0x00000000000000e0        0x4 obj_srf06-cc26xx/startup_gcc.o
                0x00000000000000e0                NmiSR
 .text.IntDefaultHandler
                0x00000000000000e4        0x4 obj_srf06-cc26xx/startup_gcc.o
                0x00000000000000e4                SSI0IntHandler
                0x00000000000000e4                SWEvent0IntHandler
                0x00000000000000e4                uDMAIntHandler
                0x00000000000000e4                WatchdogIntHandler
                0x00000000000000e4                RFCHardwareIntHandler
                0x00000000000000e4                Timer1BIntHandler
                0x00000000000000e4                I2SIntHandler
                0x00000000000000e4                Timer2BIntHandler
                0x00000000000000e4                Timer2AIntHandler
                0x00000000000000e4                Timer1AIntHandler
                0x00000000000000e4                AONIntHandler
                0x00000000000000e4                AUXSWEvent0IntHandler
                0x00000000000000e4                AUXADCIntHandler
                0x00000000000000e4                PendSVIntHandler
                0x00000000000000e4                AUXSWEvent1IntHandler
                0x00000000000000e4                SVCallIntHandler
                0x00000000000000e4                MPUFaultIntHandler
                0x00000000000000e4                SysTickIntHandler
                0x00000000000000e4                BusFaultIntHandler
                0x00000000000000e4                AONProgIntHandler
                0x00000000000000e4                AUXCompAIntHandler
                0x00000000000000e4                SSI1IntHandler
                0x00000000000000e4                FlashIntHandler
                0x00000000000000e4                uDMAErrIntHandler
                0x00000000000000e4                UsageFaultIntHandler
                0x00000000000000e4                RFCCmdAckIntHandler
                0x00000000000000e4                CryptoIntHandler
                0x00000000000000e4                Timer0AIntHandler
                0x00000000000000e4                I2CIntHandler
                0x00000000000000e4                DebugMonIntHandler
                0x00000000000000e4                Timer0BIntHandler
                0x00000000000000e4                AUXCombEventIntHandler
                0x00000000000000e4                Timer3AIntHandler
                0x00000000000000e4                DynProgIntHandler
                0x00000000000000e4                Timer3BIntHandler
 .text.ResetISR
                0x00000000000000e8       0x58 obj_srf06-cc26xx/startup_gcc.o
                0x00000000000000e8                ResetISR
 .text.send_packet
                0x0000000000000140       0x54 udp-client.co
 .text.process_thread_udp_client_process
                0x0000000000000194      0x278 udp-client.co
 .text.fade     0x000000000000040c       0x64 contiki-srf06-cc26xx.a(contiki-main.o)
 .text.startup.main
                0x0000000000000470      0x24c contiki-srf06-cc26xx.a(contiki-main.o)
                0x0000000000000470                main
 .text.process_thread_sensors_process
                0x00000000000006bc       0xf0 contiki-srf06-cc26xx.a(sensors.o)
 .text.sensors_changed
                0x00000000000007ac       0x4c contiki-srf06-cc26xx.a(sensors.o)
                0x00000000000007ac                sensors_changed
 .text.leds_init
                0x00000000000007f8       0x14 contiki-srf06-cc26xx.a(leds.o)
                0x00000000000007f8                leds_init
 .text.leds_on  0x000000000000080c       0x14 contiki-srf06-cc26xx.a(leds.o)
                0x000000000000080c                leds_on
 .text.leds_off
                0x0000000000000820       0x14 contiki-srf06-cc26xx.a(leds.o)
                0x0000000000000820                leds_off
 .text.wakeup_handler
                0x0000000000000834       0x20 contiki-srf06-cc26xx.a(board.o)
 .text.board_init
                0x0000000000000854       0x8c contiki-srf06-cc26xx.a(board.o)
                0x0000000000000854                board_init
 .text.leds_arch_init
                0x00000000000008e0       0x34 contiki-srf06-cc26xx.a(leds-arch.o)
                0x00000000000008e0                leds_arch_init
 .text.leds_arch_set
                0x0000000000000914       0x2c contiki-srf06-cc26xx.a(leds-arch.o)
                0x0000000000000914                leds_arch_set
 .text.status_left
                0x0000000000000940       0x20 contiki-srf06-cc26xx.a(button-sensor.o)
 .text.status_right
                0x0000000000000960       0x20 contiki-srf06-cc26xx.a(button-sensor.o)
 .text.value_left
                0x0000000000000980       0x24 contiki-srf06-cc26xx.a(button-sensor.o)
 .text.value_right
                0x00000000000009a4       0x18 contiki-srf06-cc26xx.a(button-sensor.o)
 .text.config_buttons
                0x00000000000009bc       0x84 contiki-srf06-cc26xx.a(button-sensor.o)
 .text.config_left
                0x0000000000000a40        0xc contiki-srf06-cc26xx.a(button-sensor.o)
 .text.config_right
                0x0000000000000a4c        0xc contiki-srf06-cc26xx.a(button-sensor.o)
 .text.button_press_handler
                0x0000000000000a58       0x64 contiki-srf06-cc26xx.a(button-sensor.o)
 .text.verify_part
                0x0000000000000abc       0x80 contiki-srf06-cc26xx.a(ext-flash.o)
 .text.wait_ready
                0x0000000000000b3c       0x58 contiki-srf06-cc26xx.a(ext-flash.o)
 .text.power_down
                0x0000000000000b94       0x50 contiki-srf06-cc26xx.a(ext-flash.o)
 .text.ext_flash_open
                0x0000000000000be4       0x60 contiki-srf06-cc26xx.a(ext-flash.o)
                0x0000000000000be4                ext_flash_open
 .text.ext_flash_init
                0x0000000000000c44       0x14 contiki-srf06-cc26xx.a(ext-flash.o)
                0x0000000000000c44                ext_flash_init
 .text.accessible
                0x0000000000000c58       0x24 contiki-srf06-cc26xx.a(board-spi.o)
 .text.board_spi_write
                0x0000000000000c7c       0x40 contiki-srf06-cc26xx.a(board-spi.o)
                0x0000000000000c7c                board_spi_write
 .text.board_spi_read
                0x0000000000000cbc       0x4c contiki-srf06-cc26xx.a(board-spi.o)
                0x0000000000000cbc                board_spi_read
 .text.board_spi_flush
                0x0000000000000d08       0x24 contiki-srf06-cc26xx.a(board-spi.o)
                0x0000000000000d08                board_spi_flush
 .text.board_spi_open
                0x0000000000000d2c       0xb8 contiki-srf06-cc26xx.a(board-spi.o)
                0x0000000000000d2c                board_spi_open
 .text.board_spi_close
                0x0000000000000de4       0x70 contiki-srf06-cc26xx.a(board-spi.o)
                0x0000000000000de4                board_spi_close
 .text.power_domain_on
                0x0000000000000e54       0x20 contiki-srf06-cc26xx.a(clock.o)
 .text.clock_init
                0x0000000000000e74       0x9c contiki-srf06-cc26xx.a(clock.o)
                0x0000000000000e74                clock_init
 .text.clock_time
                0x0000000000000f10       0x34 contiki-srf06-cc26xx.a(clock.o)
                0x0000000000000f10                clock_time
 .text.clock_update
                0x0000000000000f44       0x3c contiki-srf06-cc26xx.a(clock.o)
                0x0000000000000f44                clock_update
 .text.clock_seconds
                0x0000000000000f80       0x18 contiki-srf06-cc26xx.a(clock.o)
                0x0000000000000f80                clock_seconds
 .text.soc_rtc_init
                0x0000000000000f98       0xa0 contiki-srf06-cc26xx.a(soc-rtc.o)
                0x0000000000000f98                soc_rtc_init
 .text.soc_rtc_schedule_one_shot
                0x0000000000001038       0x6c contiki-srf06-cc26xx.a(soc-rtc.o)
                0x0000000000001038                soc_rtc_schedule_one_shot
 .text.soc_rtc_last_isr_time
                0x00000000000010a4        0xc contiki-srf06-cc26xx.a(soc-rtc.o)
                0x00000000000010a4                soc_rtc_last_isr_time
 .text.AONRTCIntHandler
                0x00000000000010b0       0x88 contiki-srf06-cc26xx.a(soc-rtc.o)
                0x00000000000010b0                AONRTCIntHandler
 .text.watchdog_init
                0x0000000000001138       0x1c contiki-srf06-cc26xx.a(contiki-watchdo)
                0x0000000000001138                watchdog_init
 .text.watchdog_start
                0x0000000000001154       0x68 contiki-srf06-cc26xx.a(contiki-watchdo)
                0x0000000000001154                watchdog_start
 .text.watchdog_periodic
                0x00000000000011bc       0x1c contiki-srf06-cc26xx.a(contiki-watchdo)
                0x00000000000011bc                watchdog_periodic
 .text.putchar  0x00000000000011d8       0x10 contiki-srf06-cc26xx.a(putchar.o)
                0x00000000000011d8                putchar
 .text.puts     0x00000000000011e8       0x30 contiki-srf06-cc26xx.a(putchar.o)
                0x00000000000011e8                puts
 .text.dbg_send_bytes
                0x0000000000001218       0x40 contiki-srf06-cc26xx.a(putchar.o)
                0x0000000000001218                dbg_send_bytes
 .text.ieee_addr_cpy_to
                0x0000000000001258       0x3c contiki-srf06-cc26xx.a(ieee-addr.o)
                0x0000000000001258                ieee_addr_cpy_to
 .text.power_and_clock
                0x0000000000001294       0x40 contiki-srf06-cc26xx.a(cc26xx-uart.o)
 .text.enable   0x00000000000012d4       0xf0 contiki-srf06-cc26xx.a(cc26xx-uart.o)
 .text.accessible
                0x00000000000013c4       0x24 contiki-srf06-cc26xx.a(cc26xx-uart.o)
 .text.lpm_drop_handler
                0x00000000000013e8       0xc4 contiki-srf06-cc26xx.a(cc26xx-uart.o)
 .text.cc26xx_uart_init
                0x00000000000014ac       0x28 contiki-srf06-cc26xx.a(cc26xx-uart.o)
                0x00000000000014ac                cc26xx_uart_init
 .text.cc26xx_uart_write_byte
                0x00000000000014d4       0x28 contiki-srf06-cc26xx.a(cc26xx-uart.o)
                0x00000000000014d4                cc26xx_uart_write_byte
 .text.cc26xx_uart_busy
                0x00000000000014fc       0x18 contiki-srf06-cc26xx.a(cc26xx-uart.o)
                0x00000000000014fc                cc26xx_uart_busy
 .text.UART0IntHandler
                0x0000000000001514       0x54 contiki-srf06-cc26xx.a(cc26xx-uart.o)
                0x0000000000001514                UART0IntHandler
 .text.lpm_shutdown
                0x0000000000001568      0x188 contiki-srf06-cc26xx.a(lpm.o)
                0x0000000000001568                lpm_shutdown
 .text.lpm_sleep
                0x00000000000016f0       0x14 contiki-srf06-cc26xx.a(lpm.o)
                0x00000000000016f0                lpm_sleep
 .text.lpm_drop
                0x0000000000001704      0x250 contiki-srf06-cc26xx.a(lpm.o)
                0x0000000000001704                lpm_drop
 .text.lpm_register_module
                0x0000000000001954        0xc contiki-srf06-cc26xx.a(lpm.o)
                0x0000000000001954                lpm_register_module
 .text.lpm_unregister_module
                0x0000000000001960        0xc contiki-srf06-cc26xx.a(lpm.o)
                0x0000000000001960                lpm_unregister_module
 .text.lpm_init
                0x000000000000196c       0x20 contiki-srf06-cc26xx.a(lpm.o)
                0x000000000000196c                lpm_init
 .text.lpm_pin_set_default_state
                0x000000000000198c       0x2c contiki-srf06-cc26xx.a(lpm.o)
                0x000000000000198c                lpm_pin_set_default_state
 .text.gpio_interrupt_register_handler
                0x00000000000019b8       0x2c contiki-srf06-cc26xx.a(gpio-interrupt.)
                0x00000000000019b8                gpio_interrupt_register_handler
 .text.gpio_interrupt_init
                0x00000000000019e4       0x24 contiki-srf06-cc26xx.a(gpio-interrupt.)
                0x00000000000019e4                gpio_interrupt_init
 .text.GPIOIntHandler
                0x0000000000001a08       0x30 contiki-srf06-cc26xx.a(gpio-interrupt.)
                0x0000000000001a08                GPIOIntHandler
 .text.oscillators_select_lf_xosc
                0x0000000000001a38       0x50 contiki-srf06-cc26xx.a(oscillators.o)
                0x0000000000001a38                oscillators_select_lf_xosc
 .text.oscillators_select_lf_rcosc
                0x0000000000001a88       0x3c contiki-srf06-cc26xx.a(oscillators.o)
                0x0000000000001a88                oscillators_select_lf_rcosc
 .text.oscillators_request_hf_xosc
                0x0000000000001ac4       0x30 contiki-srf06-cc26xx.a(oscillators.o)
                0x0000000000001ac4                oscillators_request_hf_xosc
 .text.oscillators_switch_to_hf_xosc
                0x0000000000001af4       0x34 contiki-srf06-cc26xx.a(oscillators.o)
                0x0000000000001af4                oscillators_switch_to_hf_xosc
 .text.oscillators_switch_to_hf_rc
                0x0000000000001b28       0x38 contiki-srf06-cc26xx.a(oscillators.o)
                0x0000000000001b28                oscillators_switch_to_hf_rc
 .text.request  0x0000000000001b60       0x20 contiki-srf06-cc26xx.a(ieee-mode.o)
 .text.rx_on    0x0000000000001b80       0x5c contiki-srf06-cc26xx.a(ieee-mode.o)
 .text.rf_radio_setup
                0x0000000000001bdc       0x60 contiki-srf06-cc26xx.a(ieee-mode.o)
 .text.soft_on  0x0000000000001c3c       0x18 contiki-srf06-cc26xx.a(ieee-mode.o)
 .text.pending_packet
                0x0000000000001c54       0x48 contiki-srf06-cc26xx.a(ieee-mode.o)
 .text.prepare  0x0000000000001c9c       0x1c contiki-srf06-cc26xx.a(ieee-mode.o)
 .text.soft_off
                0x0000000000001cb8       0x44 contiki-srf06-cc26xx.a(ieee-mode.o)
 .text.get_object
                0x0000000000001cfc       0x48 contiki-srf06-cc26xx.a(ieee-mode.o)
 .text.transmitting.part.1
                0x0000000000001d44       0x44 contiki-srf06-cc26xx.a(ieee-mode.o)
 .text.rx_off   0x0000000000001d88       0x74 contiki-srf06-cc26xx.a(ieee-mode.o)
 .text.set_object
                0x0000000000001dfc       0x60 contiki-srf06-cc26xx.a(ieee-mode.o)
 .text.get_cca_info
                0x0000000000001e5c       0x54 contiki-srf06-cc26xx.a(ieee-mode.o)
 .text.check_rat_overflow
                0x0000000000001eb0       0x84 contiki-srf06-cc26xx.a(ieee-mode.o)
 .text.receiving_packet
                0x0000000000001f34       0x3c contiki-srf06-cc26xx.a(ieee-mode.o)
 .text.off.part.7
                0x0000000000001f70       0x68 contiki-srf06-cc26xx.a(ieee-mode.o)
 .text.off      0x0000000000001fd8       0x14 contiki-srf06-cc26xx.a(ieee-mode.o)
 .text.on       0x0000000000001fec       0xa4 contiki-srf06-cc26xx.a(ieee-mode.o)
 .text.set_value
                0x0000000000002090      0x174 contiki-srf06-cc26xx.a(ieee-mode.o)
 .text.get_value
                0x0000000000002204      0x198 contiki-srf06-cc26xx.a(ieee-mode.o)
 .text.transmit
                0x000000000000239c      0x104 contiki-srf06-cc26xx.a(ieee-mode.o)
 .text.send     0x00000000000024a0       0x24 contiki-srf06-cc26xx.a(ieee-mode.o)
 .text.channel_clear
                0x00000000000024c4       0x84 contiki-srf06-cc26xx.a(ieee-mode.o)
 .text.read_frame
                0x0000000000002548      0x194 contiki-srf06-cc26xx.a(ieee-mode.o)
 .text.handle_rat_overflow
                0x00000000000026dc       0x68 contiki-srf06-cc26xx.a(ieee-mode.o)
 .text.init     0x0000000000002744      0x114 contiki-srf06-cc26xx.a(ieee-mode.o)
 .text.random_rand
                0x0000000000002858        0xc contiki-srf06-cc26xx.a(random.o)
                0x0000000000002858                random_rand
 .text.random_init
                0x0000000000002864        0x4 contiki-srf06-cc26xx.a(random.o)
                0x0000000000002864                random_init
 .text.power_up
                0x0000000000002868       0x40 contiki-srf06-cc26xx.a(soc-trng.o)
 .text.request  0x00000000000028a8       0x14 contiki-srf06-cc26xx.a(soc-trng.o)
 .text.process_thread_soc_trng_process
                0x00000000000028bc       0x94 contiki-srf06-cc26xx.a(soc-trng.o)
 .text.accessible
                0x0000000000002950       0x24 contiki-srf06-cc26xx.a(soc-trng.o)
 .text.soc_trng_rand_synchronous
                0x0000000000002974       0xcc contiki-srf06-cc26xx.a(soc-trng.o)
                0x0000000000002974                soc_trng_rand_synchronous
 .text.TRNGIntHandler
                0x0000000000002a40       0x50 contiki-srf06-cc26xx.a(soc-trng.o)
                0x0000000000002a40                TRNGIntHandler
 .text.soc_trng_init
                0x0000000000002a90       0x28 contiki-srf06-cc26xx.a(soc-trng.o)
                0x0000000000002a90                soc_trng_init
 .text.write_str
                0x0000000000002ab8       0x14 contiki-srf06-cc26xx.a(dbg-printf.o)
 .text.printf   0x0000000000002acc       0x24 contiki-srf06-cc26xx.a(dbg-printf.o)
                0x0000000000002acc                printf
 .text.buffer_str
                0x0000000000002af0       0x18 contiki-srf06-cc26xx.a(dbg-sprintf.o)
 .text.sprintf  0x0000000000002b08       0x34 contiki-srf06-cc26xx.a(dbg-sprintf.o)
                0x0000000000002b08                sprintf
 .text.fill_space
                0x0000000000002b3c       0x40 contiki-srf06-cc26xx.a(strformat.o)
 .text.format_str_v
                0x0000000000002b7c      0x928 contiki-srf06-cc26xx.a(strformat.o)
                0x0000000000002b7c                format_str_v
 .text.autostart_start
                0x00000000000034a4       0x18 contiki-srf06-cc26xx.a(autostart.o)
                0x00000000000034a4                autostart_start
 .text.stimer_set
                0x00000000000034bc       0x10 contiki-srf06-cc26xx.a(stimer.o)
                0x00000000000034bc                stimer_set
 .text.stimer_expired
                0x00000000000034cc       0x20 contiki-srf06-cc26xx.a(stimer.o)
                0x00000000000034cc                stimer_expired
 .text.stimer_remaining
                0x00000000000034ec       0x10 contiki-srf06-cc26xx.a(stimer.o)
                0x00000000000034ec                stimer_remaining
 .text.energest_init
                0x00000000000034fc        0x4 contiki-srf06-cc26xx.a(energest.o)
                0x00000000000034fc                energest_init
 .text.process_thread_ctimer_process
                0x0000000000003500       0x94 contiki-srf06-cc26xx.a(ctimer.o)
 .text.ctimer_init
                0x0000000000003594       0x28 contiki-srf06-cc26xx.a(ctimer.o)
                0x0000000000003594                ctimer_init
 .text.ctimer_set_with_process
                0x00000000000035bc       0x4c contiki-srf06-cc26xx.a(ctimer.o)
                0x00000000000035bc                ctimer_set_with_process
 .text.ctimer_set
                0x0000000000003608       0x18 contiki-srf06-cc26xx.a(ctimer.o)
                0x0000000000003608                ctimer_set
 .text.ctimer_reset
                0x0000000000003620       0x38 contiki-srf06-cc26xx.a(ctimer.o)
                0x0000000000003620                ctimer_reset
 .text.ctimer_restart
                0x0000000000003658       0x38 contiki-srf06-cc26xx.a(ctimer.o)
                0x0000000000003658                ctimer_restart
 .text.ctimer_stop
                0x0000000000003690       0x34 contiki-srf06-cc26xx.a(ctimer.o)
                0x0000000000003690                ctimer_stop
 .text.update_time.part.0
                0x00000000000036c4       0x3c contiki-srf06-cc26xx.a(etimer.o)
 .text.process_thread_etimer_process
                0x0000000000003700       0xdc contiki-srf06-cc26xx.a(etimer.o)
 .text.add_timer
                0x00000000000037dc       0x54 contiki-srf06-cc26xx.a(etimer.o)
 .text.etimer_request_poll
                0x0000000000003830        0xc contiki-srf06-cc26xx.a(etimer.o)
                0x0000000000003830                etimer_request_poll
 .text.etimer_set
                0x000000000000383c       0x14 contiki-srf06-cc26xx.a(etimer.o)
                0x000000000000383c                etimer_set
 .text.etimer_reset
                0x0000000000003850       0x14 contiki-srf06-cc26xx.a(etimer.o)
                0x0000000000003850                etimer_reset
 .text.etimer_restart
                0x0000000000003864       0x14 contiki-srf06-cc26xx.a(etimer.o)
                0x0000000000003864                etimer_restart
 .text.etimer_expired
                0x0000000000003878        0xc contiki-srf06-cc26xx.a(etimer.o)
                0x0000000000003878                etimer_expired
 .text.etimer_expiration_time
                0x0000000000003884        0x8 contiki-srf06-cc26xx.a(etimer.o)
                0x0000000000003884                etimer_expiration_time
 .text.etimer_pending
                0x000000000000388c       0x10 contiki-srf06-cc26xx.a(etimer.o)
                0x000000000000388c                etimer_pending
 .text.etimer_next_expiration_time
                0x000000000000389c       0x14 contiki-srf06-cc26xx.a(etimer.o)
                0x000000000000389c                etimer_next_expiration_time
 .text.etimer_stop
                0x00000000000038b0       0x50 contiki-srf06-cc26xx.a(etimer.o)
                0x00000000000038b0                etimer_stop
 .text.exit_process
                0x0000000000003900       0x9c contiki-srf06-cc26xx.a(process.o)
 .text.call_process.part.0
                0x000000000000399c       0x38 contiki-srf06-cc26xx.a(process.o)
 .text.do_poll  0x00000000000039d4       0x38 contiki-srf06-cc26xx.a(process.o)
 .text.process_alloc_event
                0x0000000000003a0c       0x10 contiki-srf06-cc26xx.a(process.o)
                0x0000000000003a0c                process_alloc_event
 .text.process_start
                0x0000000000003a1c       0x48 contiki-srf06-cc26xx.a(process.o)
                0x0000000000003a1c                process_start
 .text.process_init
                0x0000000000003a64       0x34 contiki-srf06-cc26xx.a(process.o)
                0x0000000000003a64                process_init
 .text.process_run
                0x0000000000003a98       0xa4 contiki-srf06-cc26xx.a(process.o)
                0x0000000000003a98                process_run
 .text.process_nevents
                0x0000000000003b3c       0x14 contiki-srf06-cc26xx.a(process.o)
                0x0000000000003b3c                process_nevents
 .text.process_post
                0x0000000000003b50       0x40 contiki-srf06-cc26xx.a(process.o)
                0x0000000000003b50                process_post
 .text.process_post_synch
                0x0000000000003b90       0x18 contiki-srf06-cc26xx.a(process.o)
                0x0000000000003b90                process_post_synch
 .text.process_poll
                0x0000000000003ba8       0x1c contiki-srf06-cc26xx.a(process.o)
                0x0000000000003ba8                process_poll
 .text.rtimer_init
                0x0000000000003bc4        0x4 contiki-srf06-cc26xx.a(rtimer.o)
                0x0000000000003bc4                rtimer_init
 .text.rtimer_run_next
                0x0000000000003bc8       0x28 contiki-srf06-cc26xx.a(rtimer.o)
                0x0000000000003bc8                rtimer_run_next
 .text.timer_set
                0x0000000000003bf0       0x10 contiki-srf06-cc26xx.a(timer.o)
                0x0000000000003bf0                timer_set
 .text.timer_reset
                0x0000000000003c00        0xc contiki-srf06-cc26xx.a(timer.o)
                0x0000000000003c00                timer_reset
 .text.timer_restart
                0x0000000000003c0c        0xc contiki-srf06-cc26xx.a(timer.o)
                0x0000000000003c0c                timer_restart
 .text.timer_expired
                0x0000000000003c18       0x1c contiki-srf06-cc26xx.a(timer.o)
                0x0000000000003c18                timer_expired
 .text.process_thread_serial_line_process
                0x0000000000003c34       0xa4 contiki-srf06-cc26xx.a(serial-line.o)
 .text.serial_line_init
                0x0000000000003cd8       0x24 contiki-srf06-cc26xx.a(serial-line.o)
                0x0000000000003cd8                serial_line_init
 .text.list_init
                0x0000000000003cfc        0x8 contiki-srf06-cc26xx.a(list.o)
                0x0000000000003cfc                list_init
 .text.list_head
                0x0000000000003d04        0x4 contiki-srf06-cc26xx.a(list.o)
                0x0000000000003d04                list_head
 .text.list_add
                0x0000000000003d08       0x4c contiki-srf06-cc26xx.a(list.o)
                0x0000000000003d08                list_add
 .text.list_push
                0x0000000000003d54       0x40 contiki-srf06-cc26xx.a(list.o)
                0x0000000000003d54                list_push
 .text.list_remove
                0x0000000000003d94       0x38 contiki-srf06-cc26xx.a(list.o)
                0x0000000000003d94                list_remove
 .text.list_length
                0x0000000000003dcc       0x14 contiki-srf06-cc26xx.a(list.o)
                0x0000000000003dcc                list_length
 .text.list_item_next
                0x0000000000003de0        0x8 contiki-srf06-cc26xx.a(list.o)
                0x0000000000003de0                list_item_next
 .text.ringbuf_init
                0x0000000000003de8       0x10 contiki-srf06-cc26xx.a(ringbuf.o)
                0x0000000000003de8                ringbuf_init
 .text.ringbuf_get
                0x0000000000003df8       0x24 contiki-srf06-cc26xx.a(ringbuf.o)
                0x0000000000003df8                ringbuf_get
 .text.uip_ds6_list_loop
                0x0000000000003e1c       0x58 contiki-srf06-cc26xx.a(uip-ds6.o)
                0x0000000000003e1c                uip_ds6_list_loop
 .text.uip_ds6_prefix_add
                0x0000000000003e74       0x6c contiki-srf06-cc26xx.a(uip-ds6.o)
                0x0000000000003e74                uip_ds6_prefix_add
 .text.uip_ds6_is_addr_onlink
                0x0000000000003ee0       0x40 contiki-srf06-cc26xx.a(uip-ds6.o)
                0x0000000000003ee0                uip_ds6_is_addr_onlink
 .text.uip_ds6_addr_lookup
                0x0000000000003f20       0x2c contiki-srf06-cc26xx.a(uip-ds6.o)
                0x0000000000003f20                uip_ds6_addr_lookup
 .text.uip_ds6_get_link_local
                0x0000000000003f4c       0x54 contiki-srf06-cc26xx.a(uip-ds6.o)
                0x0000000000003f4c                uip_ds6_get_link_local
 .text.uip_ds6_maddr_add
                0x0000000000003fa0       0x50 contiki-srf06-cc26xx.a(uip-ds6.o)
                0x0000000000003fa0                uip_ds6_maddr_add
 .text.uip_ds6_addr_add
                0x0000000000003ff0       0xa0 contiki-srf06-cc26xx.a(uip-ds6.o)
                0x0000000000003ff0                uip_ds6_addr_add
 .text.uip_ds6_maddr_lookup
                0x0000000000004090       0x2c contiki-srf06-cc26xx.a(uip-ds6.o)
                0x0000000000004090                uip_ds6_maddr_lookup
 .text.uip_ds6_addr_rm.part.0
                0x00000000000040bc       0x40 contiki-srf06-cc26xx.a(uip-ds6.o)
 .text.uip_ds6_addr_rm
                0x00000000000040fc        0x8 contiki-srf06-cc26xx.a(uip-ds6.o)
                0x00000000000040fc                uip_ds6_addr_rm
 .text.uip_ds6_periodic
                0x0000000000004104       0x58 contiki-srf06-cc26xx.a(uip-ds6.o)
                0x0000000000004104                uip_ds6_periodic
 .text.uip_ds6_select_src
                0x000000000000415c      0x114 contiki-srf06-cc26xx.a(uip-ds6.o)
                0x000000000000415c                uip_ds6_select_src
 .text.uip_ds6_set_addr_iid
                0x0000000000004270       0x14 contiki-srf06-cc26xx.a(uip-ds6.o)
                0x0000000000004270                uip_ds6_set_addr_iid
 .text.uip_ds6_compute_reachable_time
                0x0000000000004284       0x2c contiki-srf06-cc26xx.a(uip-ds6.o)
                0x0000000000004284                uip_ds6_compute_reachable_time
 .text.uip_ds6_init
                0x00000000000042b0       0xe0 contiki-srf06-cc26xx.a(uip-ds6.o)
                0x00000000000042b0                uip_ds6_init
 .text.call_route_callback
                0x0000000000004390       0x54 contiki-srf06-cc26xx.a(uip-ds6-route.o)
 .text.uip_ds6_route_init
                0x00000000000043e4       0x4c contiki-srf06-cc26xx.a(uip-ds6-route.o)
                0x00000000000043e4                uip_ds6_route_init
 .text.uip_ds6_route_nexthop
                0x0000000000004430       0x1c contiki-srf06-cc26xx.a(uip-ds6-route.o)
                0x0000000000004430                uip_ds6_route_nexthop
 .text.uip_ds6_route_rm.part.0
                0x000000000000444c       0x9c contiki-srf06-cc26xx.a(uip-ds6-route.o)
 .text.rm_routelist
                0x00000000000044e8       0x3c contiki-srf06-cc26xx.a(uip-ds6-route.o)
 .text.rm_routelist_callback
                0x0000000000004524        0x4 contiki-srf06-cc26xx.a(uip-ds6-route.o)
 .text.uip_ds6_route_head
                0x0000000000004528        0xc contiki-srf06-cc26xx.a(uip-ds6-route.o)
                0x0000000000004528                uip_ds6_route_head
 .text.uip_ds6_route_next
                0x0000000000004534        0x8 contiki-srf06-cc26xx.a(uip-ds6-route.o)
                0x0000000000004534                uip_ds6_route_next
 .text.uip_ds6_route_is_nexthop
                0x000000000000453c       0x20 contiki-srf06-cc26xx.a(uip-ds6-route.o)
                0x000000000000453c                uip_ds6_route_is_nexthop
 .text.uip_ds6_route_lookup
                0x000000000000455c       0x78 contiki-srf06-cc26xx.a(uip-ds6-route.o)
                0x000000000000455c                uip_ds6_route_lookup
 .text.uip_ds6_route_add
                0x00000000000045d4      0x114 contiki-srf06-cc26xx.a(uip-ds6-route.o)
                0x00000000000045d4                uip_ds6_route_add
 .text.uip_ds6_route_rm
                0x00000000000046e8        0xc contiki-srf06-cc26xx.a(uip-ds6-route.o)
                0x00000000000046e8                uip_ds6_route_rm
 .text.uip_ds6_defrt_rm
                0x00000000000046f4       0x48 contiki-srf06-cc26xx.a(uip-ds6-route.o)
                0x00000000000046f4                uip_ds6_defrt_rm
 .text.uip_ds6_defrt_lookup
                0x000000000000473c       0x38 contiki-srf06-cc26xx.a(uip-ds6-route.o)
                0x000000000000473c                uip_ds6_defrt_lookup
 .text.uip_ds6_defrt_add
                0x0000000000004774       0x5c contiki-srf06-cc26xx.a(uip-ds6-route.o)
                0x0000000000004774                uip_ds6_defrt_add
 .text.uip_ds6_defrt_choose
                0x00000000000047d0       0x34 contiki-srf06-cc26xx.a(uip-ds6-route.o)
                0x00000000000047d0                uip_ds6_defrt_choose
 .text.uip_ds6_defrt_periodic
                0x0000000000004804       0x44 contiki-srf06-cc26xx.a(uip-ds6-route.o)
                0x0000000000004804                uip_ds6_defrt_periodic
 .text.chksum   0x0000000000004848       0x58 contiki-srf06-cc26xx.a(uip6.o)
 .text.upper_layer_chksum
                0x00000000000048a0       0x54 contiki-srf06-cc26xx.a(uip6.o)
 .text.ext_hdr_options_process
                0x00000000000048f4       0xd0 contiki-srf06-cc26xx.a(uip6.o)
 .text.uip_add32
                0x00000000000049c4       0x58 contiki-srf06-cc26xx.a(uip6.o)
                0x00000000000049c4                uip_add32
 .text.unlikely.uip_add_rcv_nxt
                0x0000000000004a1c       0x2c contiki-srf06-cc26xx.a(uip6.o)
 .text.uip_icmp6chksum
                0x0000000000004a48        0x8 contiki-srf06-cc26xx.a(uip6.o)
                0x0000000000004a48                uip_icmp6chksum
 .text.uip_init
                0x0000000000004a50       0x5c contiki-srf06-cc26xx.a(uip6.o)
                0x0000000000004a50                uip_init
 .text.remove_ext_hdr
                0x0000000000004aac       0x54 contiki-srf06-cc26xx.a(uip6.o)
                0x0000000000004aac                remove_ext_hdr
 .text.uip_udp_new
                0x0000000000004b00       0x94 contiki-srf06-cc26xx.a(uip6.o)
                0x0000000000004b00                uip_udp_new
 .text.uip_unlisten
                0x0000000000004b94       0x28 contiki-srf06-cc26xx.a(uip6.o)
                0x0000000000004b94                uip_unlisten
 .text.uip_process
                0x0000000000004bbc      0xf3c contiki-srf06-cc26xx.a(uip6.o)
                0x0000000000004bbc                uip_process
 .text.uip_htonl
                0x0000000000005af8       0x1c contiki-srf06-cc26xx.a(uip6.o)
                0x0000000000005af8                uip_htonl
 .text.uip_ds6_nbr_rm
                0x0000000000005b14       0x20 contiki-srf06-cc26xx.a(uip-ds6-nbr.o)
                0x0000000000005b14                uip_ds6_nbr_rm
 .text.uip_ds6_neighbors_init
                0x0000000000005b34       0x1c contiki-srf06-cc26xx.a(uip-ds6-nbr.o)
                0x0000000000005b34                uip_ds6_neighbors_init
 .text.uip_ds6_nbr_add
                0x0000000000005b50       0x38 contiki-srf06-cc26xx.a(uip-ds6-nbr.o)
                0x0000000000005b50                uip_ds6_nbr_add
 .text.uip_ds6_nbr_get_ll
                0x0000000000005b88       0x10 contiki-srf06-cc26xx.a(uip-ds6-nbr.o)
                0x0000000000005b88                uip_ds6_nbr_get_ll
 .text.uip_ds6_nbr_lookup
                0x0000000000005b98       0x34 contiki-srf06-cc26xx.a(uip-ds6-nbr.o)
                0x0000000000005b98                uip_ds6_nbr_lookup
 .text.uip_ds6_nbr_ipaddr_from_lladdr
                0x0000000000005bcc       0x10 contiki-srf06-cc26xx.a(uip-ds6-nbr.o)
                0x0000000000005bcc                uip_ds6_nbr_ipaddr_from_lladdr
 .text.uip_ds6_nbr_lladdr_from_ipaddr
                0x0000000000005bdc       0x1c contiki-srf06-cc26xx.a(uip-ds6-nbr.o)
                0x0000000000005bdc                uip_ds6_nbr_lladdr_from_ipaddr
 .text.uip_ds6_link_neighbor_callback
                0x0000000000005bf8       0x34 contiki-srf06-cc26xx.a(uip-ds6-nbr.o)
                0x0000000000005bf8                uip_ds6_link_neighbor_callback
 .text.ns_input
                0x0000000000005c2c      0x278 contiki-srf06-cc26xx.a(uip-nd6.o)
 .text.uip_nd6_init
                0x0000000000005ea4        0xc contiki-srf06-cc26xx.a(uip-nd6.o)
                0x0000000000005ea4                uip_nd6_init
 .text.sicslowpan_init
                0x0000000000005eb0       0x1c contiki-srf06-cc26xx.a(sicslowpan.o)
                0x0000000000005eb0                sicslowpan_init
 .text.compress_addr_64
                0x0000000000005ecc       0x98 contiki-srf06-cc26xx.a(sicslowpan.o)
 .text.set_packet_attrs
                0x0000000000005f64       0x50 contiki-srf06-cc26xx.a(sicslowpan.o)
 .text.addr_context_lookup_by_prefix
                0x0000000000005fb4       0x40 contiki-srf06-cc26xx.a(sicslowpan.o)
 .text.send_packet
                0x0000000000005ff4       0x24 contiki-srf06-cc26xx.a(sicslowpan.o)
 .text.packet_sent
                0x0000000000006018       0x28 contiki-srf06-cc26xx.a(sicslowpan.o)
 .text.store_fragment
                0x0000000000006040       0x74 contiki-srf06-cc26xx.a(sicslowpan.o)
 .text.add_fragment
                0x00000000000060b4      0x1bc contiki-srf06-cc26xx.a(sicslowpan.o)
 .text.uncompress_addr
                0x0000000000006270       0xc0 contiki-srf06-cc26xx.a(sicslowpan.o)
 .text.input    0x0000000000006330      0x5fc contiki-srf06-cc26xx.a(sicslowpan.o)
 .text.output   0x000000000000692c      0x738 contiki-srf06-cc26xx.a(sicslowpan.o)
 .text.uip_udp_packet_send
                0x0000000000007064       0x3c contiki-srf06-cc26xx.a(uip-udp-packet.)
                0x0000000000007064                uip_udp_packet_send
 .text.uip_udp_packet_sendto
                0x00000000000070a0       0x48 contiki-srf06-cc26xx.a(uip-udp-packet.)
                0x00000000000070a0                uip_udp_packet_sendto
 .text.start_periodic_tcp_timer
                0x00000000000070e8       0x1c contiki-srf06-cc26xx.a(tcpip.o)
 .text.tcpip_set_outputfunc
                0x0000000000007104        0xc contiki-srf06-cc26xx.a(tcpip.o)
                0x0000000000007104                tcpip_set_outputfunc
 .text.udp_new  0x0000000000007110       0x18 contiki-srf06-cc26xx.a(tcpip.o)
                0x0000000000007110                udp_new
 .text.tcpip_icmp6_call
                0x0000000000007128       0x28 contiki-srf06-cc26xx.a(tcpip.o)
                0x0000000000007128                tcpip_icmp6_call
 .text.tcpip_input
                0x0000000000007150       0x24 contiki-srf06-cc26xx.a(tcpip.o)
                0x0000000000007150                tcpip_input
 .text.tcpip_ipv6_output
                0x0000000000007174       0xc4 contiki-srf06-cc26xx.a(tcpip.o)
                0x0000000000007174                tcpip_ipv6_output
 .text.process_thread_tcpip_process
                0x0000000000007238      0x1c8 contiki-srf06-cc26xx.a(tcpip.o)
 .text.tcpip_uipcall
                0x0000000000007400       0x70 contiki-srf06-cc26xx.a(tcpip.o)
                0x0000000000007400                tcpip_uipcall
 .text.uip_debug_ipaddr_print
                0x0000000000007470       0xc4 contiki-srf06-cc26xx.a(uip-debug.o)
                0x0000000000007470                uip_debug_ipaddr_print
 .text.update_hbh_header
                0x0000000000007534       0xd0 contiki-srf06-cc26xx.a(rpl-ext-header.)
 .text.insert_hbh_header.isra.0
                0x0000000000007604       0xa8 contiki-srf06-cc26xx.a(rpl-ext-header.)
 .text.rpl_verify_hbh_header
                0x00000000000076ac       0xe8 contiki-srf06-cc26xx.a(rpl-ext-header.)
                0x00000000000076ac                rpl_verify_hbh_header
 .text.rpl_remove_header
                0x0000000000007794       0x78 contiki-srf06-cc26xx.a(rpl-ext-header.)
                0x0000000000007794                rpl_remove_header
 .text.rpl_update_header
                0x000000000000780c       0x74 contiki-srf06-cc26xx.a(rpl-ext-header.)
                0x000000000000780c                rpl_update_header
 .text.rpl_get_mode
                0x0000000000007880        0xc contiki-srf06-cc26xx.a(rpl.o)
                0x0000000000007880                rpl_get_mode
 .text.rpl_purge_routes
                0x000000000000788c       0x80 contiki-srf06-cc26xx.a(rpl.o)
                0x000000000000788c                rpl_purge_routes
 .text.rpl_remove_routes
                0x000000000000790c       0x24 contiki-srf06-cc26xx.a(rpl.o)
                0x000000000000790c                rpl_remove_routes
 .text.rpl_remove_routes_by_nexthop
                0x0000000000007930       0x34 contiki-srf06-cc26xx.a(rpl.o)
                0x0000000000007930                rpl_remove_routes_by_nexthop
 .text.rpl_add_route
                0x0000000000007964       0x38 contiki-srf06-cc26xx.a(rpl.o)
                0x0000000000007964                rpl_add_route
 .text.rpl_link_neighbor_callback
                0x000000000000799c       0x48 contiki-srf06-cc26xx.a(rpl.o)
                0x000000000000799c                rpl_link_neighbor_callback
 .text.rpl_ipv6_neighbor_callback
                0x00000000000079e4       0x30 contiki-srf06-cc26xx.a(rpl.o)
                0x00000000000079e4                rpl_ipv6_neighbor_callback
 .text.rpl_purge_dags
                0x0000000000007a14       0x5c contiki-srf06-cc26xx.a(rpl.o)
                0x0000000000007a14                rpl_purge_dags
 .text.rpl_init
                0x0000000000007a70       0x34 contiki-srf06-cc26xx.a(rpl.o)
                0x0000000000007a70                rpl_init
 .text.dao_ack_input
                0x0000000000007aa4       0x14 contiki-srf06-cc26xx.a(rpl-icmp6.o)
 .text.dao_output_target_seq
                0x0000000000007ab8      0x118 contiki-srf06-cc26xx.a(rpl-icmp6.o)
 .text.dio_input
                0x0000000000007bd0      0x29c contiki-srf06-cc26xx.a(rpl-icmp6.o)
 .text.rpl_icmp6_update_nbr_table
                0x0000000000007e6c       0x38 contiki-srf06-cc26xx.a(rpl-icmp6.o)
                0x0000000000007e6c                rpl_icmp6_update_nbr_table
 .text.dao_input
                0x0000000000007ea4      0x2d4 contiki-srf06-cc26xx.a(rpl-icmp6.o)
 .text.dis_output
                0x0000000000008178       0x40 contiki-srf06-cc26xx.a(rpl-icmp6.o)
                0x0000000000008178                dis_output
 .text.dio_output
                0x00000000000081b8      0x29c contiki-srf06-cc26xx.a(rpl-icmp6.o)
                0x00000000000081b8                dio_output
 .text.dis_input
                0x0000000000008454       0x54 contiki-srf06-cc26xx.a(rpl-icmp6.o)
 .text.dao_output
                0x00000000000084a8       0x88 contiki-srf06-cc26xx.a(rpl-icmp6.o)
                0x00000000000084a8                dao_output
 .text.dao_output_target
                0x0000000000008530        0xc contiki-srf06-cc26xx.a(rpl-icmp6.o)
                0x0000000000008530                dao_output_target
 .text.rpl_icmp6_register_handlers
                0x000000000000853c       0x30 contiki-srf06-cc26xx.a(rpl-icmp6.o)
                0x000000000000853c                rpl_icmp6_register_handlers
 .text.rpl_set_preferred_parent
                0x000000000000856c       0x2c contiki-srf06-cc26xx.a(rpl-dag.o)
 .text.set_ip_from_prefix
                0x0000000000008598       0x24 contiki-srf06-cc26xx.a(rpl-dag.o)
 .text.check_prefix
                0x00000000000085bc       0x7c contiki-srf06-cc26xx.a(rpl-dag.o)
 .text.find_parent_any_dag_any_instance
                0x0000000000008638       0x1c contiki-srf06-cc26xx.a(rpl-dag.o)
 .text.lollipop_greater_than
                0x0000000000008654       0x3c contiki-srf06-cc26xx.a(rpl-dag.o)
 .text.rpl_dag_init
                0x0000000000008690       0x14 contiki-srf06-cc26xx.a(rpl-dag.o)
                0x0000000000008690                rpl_dag_init
 .text.rpl_get_parent
                0x00000000000086a4       0x10 contiki-srf06-cc26xx.a(rpl-dag.o)
                0x00000000000086a4                rpl_get_parent
 .text.rpl_rank_via_parent
                0x00000000000086b4       0x1c contiki-srf06-cc26xx.a(rpl-dag.o)
                0x00000000000086b4                rpl_rank_via_parent
 .text.rpl_get_parent_ipaddr
                0x00000000000086d0       0x18 contiki-srf06-cc26xx.a(rpl-dag.o)
                0x00000000000086d0                rpl_get_parent_ipaddr
 .text.rpl_get_parent_link_stats
                0x00000000000086e8       0x18 contiki-srf06-cc26xx.a(rpl-dag.o)
                0x00000000000086e8                rpl_get_parent_link_stats
 .text.best_parent
                0x0000000000008700       0x94 contiki-srf06-cc26xx.a(rpl-dag.o)
 .text.rpl_parent_is_fresh
                0x0000000000008794       0x10 contiki-srf06-cc26xx.a(rpl-dag.o)
                0x0000000000008794                rpl_parent_is_fresh
 .text.rpl_parent_is_reachable
                0x00000000000087a4       0x38 contiki-srf06-cc26xx.a(rpl-dag.o)
                0x00000000000087a4                rpl_parent_is_reachable
 .text.rpl_repair_root
                0x00000000000087dc       0x54 contiki-srf06-cc26xx.a(rpl-dag.o)
                0x00000000000087dc                rpl_repair_root
 .text.rpl_set_prefix
                0x0000000000008830       0x9c contiki-srf06-cc26xx.a(rpl-dag.o)
                0x0000000000008830                rpl_set_prefix
 .text.rpl_set_default_route
                0x00000000000088cc       0x30 contiki-srf06-cc26xx.a(rpl-dag.o)
                0x00000000000088cc                rpl_set_default_route
 .text.rpl_alloc_instance
                0x00000000000088fc       0x34 contiki-srf06-cc26xx.a(rpl-dag.o)
                0x00000000000088fc                rpl_alloc_instance
 .text.rpl_alloc_dag
                0x0000000000008930       0x5c contiki-srf06-cc26xx.a(rpl-dag.o)
                0x0000000000008930                rpl_alloc_dag
 .text.rpl_add_parent
                0x000000000000898c       0x30 contiki-srf06-cc26xx.a(rpl-dag.o)
                0x000000000000898c                rpl_add_parent
 .text.rpl_join_instance.part.6
                0x00000000000089bc      0x150 contiki-srf06-cc26xx.a(rpl-dag.o)
 .text.rpl_find_parent
                0x0000000000008b0c       0x18 contiki-srf06-cc26xx.a(rpl-dag.o)
                0x0000000000008b0c                rpl_find_parent
 .text.rpl_find_parent_any_dag
                0x0000000000008b24       0x20 contiki-srf06-cc26xx.a(rpl-dag.o)
                0x0000000000008b24                rpl_find_parent_any_dag
 .text.rpl_select_parent
                0x0000000000008b44       0x58 contiki-srf06-cc26xx.a(rpl-dag.o)
                0x0000000000008b44                rpl_select_parent
 .text.rpl_select_dag
                0x0000000000008b9c      0x170 contiki-srf06-cc26xx.a(rpl-dag.o)
                0x0000000000008b9c                rpl_select_dag
 .text.rpl_nullify_parent
                0x0000000000008d0c       0x58 contiki-srf06-cc26xx.a(rpl-dag.o)
                0x0000000000008d0c                rpl_nullify_parent
 .text.nbr_callback
                0x0000000000008d64       0x1c contiki-srf06-cc26xx.a(rpl-dag.o)
 .text.remove_parents.constprop.9
                0x0000000000008d80       0x48 contiki-srf06-cc26xx.a(rpl-dag.o)
 .text.rpl_free_dag
                0x0000000000008dc8       0x48 contiki-srf06-cc26xx.a(rpl-dag.o)
                0x0000000000008dc8                rpl_free_dag
 .text.rpl_move_parent
                0x0000000000008e10       0x58 contiki-srf06-cc26xx.a(rpl-dag.o)
                0x0000000000008e10                rpl_move_parent
 .text.rpl_get_dag
                0x0000000000008e68       0x58 contiki-srf06-cc26xx.a(rpl-dag.o)
                0x0000000000008e68                rpl_get_dag
 .text.rpl_get_any_dag
                0x0000000000008ec0       0x18 contiki-srf06-cc26xx.a(rpl-dag.o)
                0x0000000000008ec0                rpl_get_any_dag
 .text.rpl_get_instance
                0x0000000000008ed8       0x1c contiki-srf06-cc26xx.a(rpl-dag.o)
                0x0000000000008ed8                rpl_get_instance
 .text.rpl_local_repair
                0x0000000000008ef4       0x80 contiki-srf06-cc26xx.a(rpl-dag.o)
                0x0000000000008ef4                rpl_local_repair
 .text.rpl_process_parent_event
                0x0000000000008f74       0xa0 contiki-srf06-cc26xx.a(rpl-dag.o)
                0x0000000000008f74                rpl_process_parent_event
 .text.rpl_add_dag
                0x0000000000009014      0x14c contiki-srf06-cc26xx.a(rpl-dag.o)
                0x0000000000009014                rpl_add_dag
 .text.rpl_recalculate_ranks
                0x0000000000009160       0x50 contiki-srf06-cc26xx.a(rpl-dag.o)
                0x0000000000009160                rpl_recalculate_ranks
 .text.rpl_process_dio
                0x00000000000091b0      0x314 contiki-srf06-cc26xx.a(rpl-dag.o)
                0x00000000000091b0                rpl_process_dio
 .text.NOROM_PowerCtrlSourceSet
                0x00000000000094c4       0x30 contiki-srf06-cc26xx.a(pwr_ctrl.o)
                0x00000000000094c4                NOROM_PowerCtrlSourceSet
 .text.NOROM_AONRTCCurrentCompareValueGet
                0x00000000000094f4       0x24 contiki-srf06-cc26xx.a(aon_rtc.o)
                0x00000000000094f4                NOROM_AONRTCCurrentCompareValueGet
 .text.NOROM_TRNGConfigure
                0x0000000000009518       0x38 contiki-srf06-cc26xx.a(trng.o)
                0x0000000000009518                NOROM_TRNGConfigure
 .text.SafeHapiVoid
                0x0000000000009550       0x28 contiki-srf06-cc26xx.a(adi.o)
                0x0000000000009550                SafeHapiVoid
 .text.NOROM_CPUcpsid
                0x0000000000009578        0x8 contiki-srf06-cc26xx.a(cpu.o)
                0x0000000000009578                NOROM_CPUcpsid
 .text.NOROM_CPUcpsie
                0x0000000000009580        0x8 contiki-srf06-cc26xx.a(cpu.o)
                0x0000000000009580                NOROM_CPUcpsie
 .text.NOROM_ChipInfo_GetSupportedProtocol_BV
                0x0000000000009588       0x10 contiki-srf06-cc26xx.a(chipinfo.o)
                0x0000000000009588                NOROM_ChipInfo_GetSupportedProtocol_BV
 .text.NOROM_ChipInfo_GetChipFamily
                0x0000000000009598       0x4c contiki-srf06-cc26xx.a(chipinfo.o)
                0x0000000000009598                NOROM_ChipInfo_GetChipFamily
 .text.NOROM_ChipInfo_GetChipType
                0x00000000000095e4       0x50 contiki-srf06-cc26xx.a(chipinfo.o)
                0x00000000000095e4                NOROM_ChipInfo_GetChipType
 .text.NOROM_ChipInfo_GetHwRevision
                0x0000000000009634       0x6c contiki-srf06-cc26xx.a(chipinfo.o)
                0x0000000000009634                NOROM_ChipInfo_GetHwRevision
 .text.NOROM_ThisCodeIsBuiltForCC26xxHwRev22AndLater_HaltIfViolated
                0x00000000000096a0       0x14 contiki-srf06-cc26xx.a(chipinfo.o)
                0x00000000000096a0                NOROM_ThisCodeIsBuiltForCC26xxHwRev22AndLater_HaltIfViolated
 .text.TrimAfterColdResetWakeupFromShutDown
                0x00000000000096b4       0xe4 contiki-srf06-cc26xx.a(setup.o)
 .text.NOROM_SetupTrimDevice
                0x0000000000009798       0xa0 contiki-srf06-cc26xx.a(setup.o)
                0x0000000000009798                NOROM_SetupTrimDevice
 .text.NOROM_DDI32RegWrite
                0x0000000000009838       0x2c contiki-srf06-cc26xx.a(ddi.o)
                0x0000000000009838                NOROM_DDI32RegWrite
 .text.NOROM_DDI16BitfieldWrite
                0x0000000000009864       0x48 contiki-srf06-cc26xx.a(ddi.o)
                0x0000000000009864                NOROM_DDI16BitfieldWrite
 .text.NOROM_DDI16BitfieldRead
                0x00000000000098ac       0x48 contiki-srf06-cc26xx.a(ddi.o)
                0x00000000000098ac                NOROM_DDI16BitfieldRead
 .text.NOROM_SysCtrlSetRechargeBeforePowerDown
                0x00000000000098f4      0x238 contiki-srf06-cc26xx.a(sys_ctrl.o)
                0x00000000000098f4                NOROM_SysCtrlSetRechargeBeforePowerDown
 .text.NOROM_SysCtrlAdjustRechargeAfterPowerDown
                0x0000000000009b2c       0x64 contiki-srf06-cc26xx.a(sys_ctrl.o)
                0x0000000000009b2c                NOROM_SysCtrlAdjustRechargeAfterPowerDown
 .text.NOROM_SysCtrl_DCDC_VoltageConditionalControl
                0x0000000000009b90       0x7c contiki-srf06-cc26xx.a(sys_ctrl.o)
                0x0000000000009b90                NOROM_SysCtrl_DCDC_VoltageConditionalControl
 .text.NOROM_OSCClockSourceSet
                0x0000000000009c0c       0x50 contiki-srf06-cc26xx.a(osc.o)
                0x0000000000009c0c                NOROM_OSCClockSourceSet
 .text.NOROM_OSCClockSourceGet
                0x0000000000009c5c       0x20 contiki-srf06-cc26xx.a(osc.o)
                0x0000000000009c5c                NOROM_OSCClockSourceGet
 .text.queuebuf_init
                0x0000000000009c7c       0x1c contiki-srf06-cc26xx.a(queuebuf.o)
                0x0000000000009c7c                queuebuf_init
 .text.queuebuf_numfree
                0x0000000000009c98        0xc contiki-srf06-cc26xx.a(queuebuf.o)
                0x0000000000009c98                queuebuf_numfree
 .text.queuebuf_new_from_packetbuf
                0x0000000000009ca4       0x44 contiki-srf06-cc26xx.a(queuebuf.o)
                0x0000000000009ca4                queuebuf_new_from_packetbuf
 .text.queuebuf_update_attr_from_packetbuf
                0x0000000000009ce8        0xc contiki-srf06-cc26xx.a(queuebuf.o)
                0x0000000000009ce8                queuebuf_update_attr_from_packetbuf
 .text.queuebuf_free
                0x0000000000009cf4       0x2c contiki-srf06-cc26xx.a(queuebuf.o)
                0x0000000000009cf4                queuebuf_free
 .text.queuebuf_to_packetbuf
                0x0000000000009d20       0x30 contiki-srf06-cc26xx.a(queuebuf.o)
                0x0000000000009d20                queuebuf_to_packetbuf
 .text.queuebuf_attr
                0x0000000000009d50        0xc contiki-srf06-cc26xx.a(queuebuf.o)
                0x0000000000009d50                queuebuf_attr
 .text.index_from_lladdr
                0x0000000000009d5c       0x50 contiki-srf06-cc26xx.a(nbr-table.o)
 .text.remove_key
                0x0000000000009dac       0x90 contiki-srf06-cc26xx.a(nbr-table.o)
 .text.nbr_table_register
                0x0000000000009e3c       0x2c contiki-srf06-cc26xx.a(nbr-table.o)
                0x0000000000009e3c                nbr_table_register
 .text.nbr_table_next
                0x0000000000009e68       0x70 contiki-srf06-cc26xx.a(nbr-table.o)
                0x0000000000009e68                nbr_table_next
 .text.nbr_table_head
                0x0000000000009ed8       0x58 contiki-srf06-cc26xx.a(nbr-table.o)
                0x0000000000009ed8                nbr_table_head
 .text.nbr_table_add_lladdr
                0x0000000000009f30      0x150 contiki-srf06-cc26xx.a(nbr-table.o)
                0x0000000000009f30                nbr_table_add_lladdr
 .text.nbr_table_get_from_lladdr
                0x000000000000a080       0x38 contiki-srf06-cc26xx.a(nbr-table.o)
                0x000000000000a080                nbr_table_get_from_lladdr
 .text.nbr_table_remove
                0x000000000000a0b8       0x5c contiki-srf06-cc26xx.a(nbr-table.o)
                0x000000000000a0b8                nbr_table_remove
 .text.nbr_table_lock
                0x000000000000a114       0x34 contiki-srf06-cc26xx.a(nbr-table.o)
                0x000000000000a114                nbr_table_lock
 .text.nbr_table_unlock
                0x000000000000a148       0x38 contiki-srf06-cc26xx.a(nbr-table.o)
                0x000000000000a148                nbr_table_unlock
 .text.nbr_table_get_lladdr
                0x000000000000a180       0x30 contiki-srf06-cc26xx.a(nbr-table.o)
                0x000000000000a180                nbr_table_get_lladdr
 .text.nbr_table_update_lladdr
                0x000000000000a1b0       0x58 contiki-srf06-cc26xx.a(nbr-table.o)
                0x000000000000a1b0                nbr_table_update_lladdr
 .text.packetbuf_copyto
                0x000000000000a208       0x50 contiki-srf06-cc26xx.a(packetbuf.o)
                0x000000000000a208                packetbuf_copyto
 .text.packetbuf_hdralloc
                0x000000000000a258       0x60 contiki-srf06-cc26xx.a(packetbuf.o)
                0x000000000000a258                packetbuf_hdralloc
 .text.packetbuf_hdrreduce
                0x000000000000a2b8       0x2c contiki-srf06-cc26xx.a(packetbuf.o)
                0x000000000000a2b8                packetbuf_hdrreduce
 .text.packetbuf_set_datalen
                0x000000000000a2e4        0xc contiki-srf06-cc26xx.a(packetbuf.o)
                0x000000000000a2e4                packetbuf_set_datalen
 .text.packetbuf_dataptr
                0x000000000000a2f0       0x20 contiki-srf06-cc26xx.a(packetbuf.o)
                0x000000000000a2f0                packetbuf_dataptr
 .text.packetbuf_hdrptr
                0x000000000000a310        0x8 contiki-srf06-cc26xx.a(packetbuf.o)
                0x000000000000a310                packetbuf_hdrptr
 .text.packetbuf_datalen
                0x000000000000a318        0xc contiki-srf06-cc26xx.a(packetbuf.o)
                0x000000000000a318                packetbuf_datalen
 .text.packetbuf_totlen
                0x000000000000a324       0x24 contiki-srf06-cc26xx.a(packetbuf.o)
                0x000000000000a324                packetbuf_totlen
 .text.packetbuf_attr_clear
                0x000000000000a348       0x34 contiki-srf06-cc26xx.a(packetbuf.o)
                0x000000000000a348                packetbuf_attr_clear
 .text.packetbuf_clear
                0x000000000000a37c       0x20 contiki-srf06-cc26xx.a(packetbuf.o)
                0x000000000000a37c                packetbuf_clear
 .text.packetbuf_copyfrom
                0x000000000000a39c       0x40 contiki-srf06-cc26xx.a(packetbuf.o)
                0x000000000000a39c                packetbuf_copyfrom
 .text.packetbuf_attr_copyto
                0x000000000000a3dc       0x44 contiki-srf06-cc26xx.a(packetbuf.o)
                0x000000000000a3dc                packetbuf_attr_copyto
 .text.packetbuf_attr_copyfrom
                0x000000000000a420       0x44 contiki-srf06-cc26xx.a(packetbuf.o)
                0x000000000000a420                packetbuf_attr_copyfrom
 .text.packetbuf_set_attr
                0x000000000000a464       0x10 contiki-srf06-cc26xx.a(packetbuf.o)
                0x000000000000a464                packetbuf_set_attr
 .text.packetbuf_attr
                0x000000000000a474        0xc contiki-srf06-cc26xx.a(packetbuf.o)
                0x000000000000a474                packetbuf_attr
 .text.packetbuf_set_addr
                0x000000000000a480       0x18 contiki-srf06-cc26xx.a(packetbuf.o)
                0x000000000000a480                packetbuf_set_addr
 .text.packetbuf_addr
                0x000000000000a498       0x10 contiki-srf06-cc26xx.a(packetbuf.o)
                0x000000000000a498                packetbuf_addr
 .text.packetbuf_holds_broadcast
                0x000000000000a4a8       0x10 contiki-srf06-cc26xx.a(packetbuf.o)
                0x000000000000a4a8                packetbuf_holds_broadcast
 .text.netstack_init
                0x000000000000a4b8       0x38 contiki-srf06-cc26xx.a(netstack.o)
                0x000000000000a4b8                netstack_init
 .text.linkaddr_copy
                0x000000000000a4f0        0xc contiki-srf06-cc26xx.a(linkaddr.o)
                0x000000000000a4f0                linkaddr_copy
 .text.linkaddr_cmp
                0x000000000000a4fc       0x10 contiki-srf06-cc26xx.a(linkaddr.o)
                0x000000000000a4fc                linkaddr_cmp
 .text.periodic
                0x000000000000a50c       0x30 contiki-srf06-cc26xx.a(link-stats.o)
 .text.link_stats_from_lladdr
                0x000000000000a53c        0xc contiki-srf06-cc26xx.a(link-stats.o)
                0x000000000000a53c                link_stats_from_lladdr
 .text.link_stats_is_fresh
                0x000000000000a548       0x28 contiki-srf06-cc26xx.a(link-stats.o)
                0x000000000000a548                link_stats_is_fresh
 .text.link_stats_packet_sent
                0x000000000000a570       0xcc contiki-srf06-cc26xx.a(link-stats.o)
                0x000000000000a570                link_stats_packet_sent
 .text.link_stats_input_callback
                0x000000000000a63c       0x5c contiki-srf06-cc26xx.a(link-stats.o)
                0x000000000000a63c                link_stats_input_callback
 .text.link_stats_init
                0x000000000000a698       0x28 contiki-srf06-cc26xx.a(link-stats.o)
                0x000000000000a698                link_stats_init
 .text.parse    0x000000000000a6c0       0xa0 contiki-srf06-cc26xx.a(framer-802154.o)
 .text.create_frame.isra.0
                0x000000000000a760      0x144 contiki-srf06-cc26xx.a(framer-802154.o)
 .text.create   0x000000000000a8a4        0x8 contiki-srf06-cc26xx.a(framer-802154.o)
 .text.hdr_length
                0x000000000000a8ac        0x8 contiki-srf06-cc26xx.a(framer-802154.o)
 .text.input_packet
                0x000000000000a8b4        0xc contiki-srf06-cc26xx.a(csma.o)
 .text.on       0x000000000000a8c0        0xc contiki-srf06-cc26xx.a(csma.o)
 .text.off      0x000000000000a8cc        0xc contiki-srf06-cc26xx.a(csma.o)
 .text.channel_check_interval
                0x000000000000a8d8       0x10 contiki-srf06-cc26xx.a(csma.o)
 .text.schedule_transmission
                0x000000000000a8e8       0x4c contiki-srf06-cc26xx.a(csma.o)
 .text.send_packet
                0x000000000000a934      0x150 contiki-srf06-cc26xx.a(csma.o)
 .text.init     0x000000000000aa84       0x24 contiki-srf06-cc26xx.a(csma.o)
 .text.transmit_packet_list
                0x000000000000aaa8       0x34 contiki-srf06-cc26xx.a(csma.o)
 .text.tx_done  0x000000000000aadc       0x8c contiki-srf06-cc26xx.a(csma.o)
 .text.packet_sent
                0x000000000000ab68       0xe4 contiki-srf06-cc26xx.a(csma.o)
 .text.on       0x000000000000ac4c        0xc contiki-srf06-cc26xx.a(nullrdc.o)
 .text.channel_check_interval
                0x000000000000ac58        0x4 contiki-srf06-cc26xx.a(nullrdc.o)
 .text.init     0x000000000000ac5c        0xc contiki-srf06-cc26xx.a(nullrdc.o)
 .text.send_one_packet
                0x000000000000ac68      0x130 contiki-srf06-cc26xx.a(nullrdc.o)
 .text.send_list
                0x000000000000ad98       0x28 contiki-srf06-cc26xx.a(nullrdc.o)
 .text.send_packet
                0x000000000000adc0        0x4 contiki-srf06-cc26xx.a(nullrdc.o)
 .text.off      0x000000000000adc4       0x1c contiki-srf06-cc26xx.a(nullrdc.o)
 .text.packet_input
                0x000000000000ade0       0x54 contiki-srf06-cc26xx.a(nullrdc.o)
 .text.init     0x000000000000ae34        0x4 contiki-srf06-cc26xx.a(nullsec.o)
 .text.input    0x000000000000ae38        0xc contiki-srf06-cc26xx.a(nullsec.o)
 .text.send     0x000000000000ae44       0x20 contiki-srf06-cc26xx.a(nullsec.o)
 .text.rtimer_arch_init
                0x000000000000ae64        0x4 contiki-srf06-cc26xx.a(rtimer-arch.o)
                0x000000000000ae64                rtimer_arch_init
 .text.rtimer_arch_schedule
                0x000000000000ae68        0x8 contiki-srf06-cc26xx.a(rtimer-arch.o)
                0x000000000000ae68                rtimer_arch_schedule
 .text.rtimer_arch_now
                0x000000000000ae70        0x4 contiki-srf06-cc26xx.a(rtimer-arch.o)
                0x000000000000ae70                rtimer_arch_now
 .text.aux_ctrl_power_up
                0x000000000000ae74       0x28 contiki-srf06-cc26xx.a(aux-ctrl.o)
                0x000000000000ae74                aux_ctrl_power_up
 .text.aux_ctrl_register_consumer
                0x000000000000ae9c       0x40 contiki-srf06-cc26xx.a(aux-ctrl.o)
                0x000000000000ae9c                aux_ctrl_register_consumer
 .text.aux_ctrl_power_down
                0x000000000000aedc       0x6c contiki-srf06-cc26xx.a(aux-ctrl.o)
                0x000000000000aedc                aux_ctrl_power_down
 .text.aux_ctrl_unregister_consumer
                0x000000000000af48       0x28 contiki-srf06-cc26xx.a(aux-ctrl.o)
                0x000000000000af48                aux_ctrl_unregister_consumer
 .text.process_thread_rf_core_process
                0x000000000000af70       0x58 contiki-srf06-cc26xx.a(rf-core.o)
 .text.rf_core_is_accessible
                0x000000000000afc8       0x10 contiki-srf06-cc26xx.a(rf-core.o)
                0x000000000000afc8                rf_core_is_accessible
 .text.rf_core_send_cmd
                0x000000000000afd8       0x98 contiki-srf06-cc26xx.a(rf-core.o)
                0x000000000000afd8                rf_core_send_cmd
 .text.rf_core_wait_cmd_done
                0x000000000000b070       0x30 contiki-srf06-cc26xx.a(rf-core.o)
                0x000000000000b070                rf_core_wait_cmd_done
 .text.rf_core_power_up
                0x000000000000b0a0       0xcc contiki-srf06-cc26xx.a(rf-core.o)
                0x000000000000b0a0                rf_core_power_up
 .text.rf_core_start_rat
                0x000000000000b16c       0x78 contiki-srf06-cc26xx.a(rf-core.o)
                0x000000000000b16c                rf_core_start_rat
 .text.rf_core_stop_rat
                0x000000000000b1e4       0x8c contiki-srf06-cc26xx.a(rf-core.o)
                0x000000000000b1e4                rf_core_stop_rat
 .text.rf_core_power_down
                0x000000000000b270       0xfc contiki-srf06-cc26xx.a(rf-core.o)
                0x000000000000b270                rf_core_power_down
 .text.rf_core_set_modesel
                0x000000000000b36c       0x44 contiki-srf06-cc26xx.a(rf-core.o)
                0x000000000000b36c                rf_core_set_modesel
 .text.rf_core_boot
                0x000000000000b3b0       0x1c contiki-srf06-cc26xx.a(rf-core.o)
                0x000000000000b3b0                rf_core_boot
 .text.rf_core_restart_rat
                0x000000000000b3cc       0x18 contiki-srf06-cc26xx.a(rf-core.o)
                0x000000000000b3cc                rf_core_restart_rat
 .text.rf_core_setup_interrupts
                0x000000000000b3e4       0x70 contiki-srf06-cc26xx.a(rf-core.o)
                0x000000000000b3e4                rf_core_setup_interrupts
 .text.rf_core_cmd_done_en
                0x000000000000b454       0x28 contiki-srf06-cc26xx.a(rf-core.o)
                0x000000000000b454                rf_core_cmd_done_en
 .text.rf_core_cmd_done_dis
                0x000000000000b47c       0x18 contiki-srf06-cc26xx.a(rf-core.o)
                0x000000000000b47c                rf_core_cmd_done_dis
 .text.rf_core_get_last_radio_op
                0x000000000000b494        0xc contiki-srf06-cc26xx.a(rf-core.o)
                0x000000000000b494                rf_core_get_last_radio_op
 .text.rf_core_init_radio_op
                0x000000000000b4a0       0x1c contiki-srf06-cc26xx.a(rf-core.o)
                0x000000000000b4a0                rf_core_init_radio_op
 .text.rf_core_primary_mode_register
                0x000000000000b4bc        0xc contiki-srf06-cc26xx.a(rf-core.o)
                0x000000000000b4bc                rf_core_primary_mode_register
 .text.RFCCPE1IntHandler
                0x000000000000b4c8       0x28 contiki-srf06-cc26xx.a(rf-core.o)
                0x000000000000b4c8                RFCCPE1IntHandler
 .text.RFCCPE0IntHandler
                0x000000000000b4f0       0x5c contiki-srf06-cc26xx.a(rf-core.o)
                0x000000000000b4f0                RFCCPE0IntHandler
 .text.rf_ble_is_active
                0x000000000000b54c        0xc contiki-srf06-cc26xx.a(rf-ble.o)
                0x000000000000b54c                rf_ble_is_active
 .text.memb_init
                0x000000000000b558       0x24 contiki-srf06-cc26xx.a(memb.o)
                0x000000000000b558                memb_init
 .text.memb_alloc
                0x000000000000b57c       0x3c contiki-srf06-cc26xx.a(memb.o)
                0x000000000000b57c                memb_alloc
 .text.memb_free
                0x000000000000b5b8       0x3c contiki-srf06-cc26xx.a(memb.o)
                0x000000000000b5b8                memb_free
 .text.memb_inmemb
                0x000000000000b5f4       0x1c contiki-srf06-cc26xx.a(memb.o)
                0x000000000000b5f4                memb_inmemb
 .text.memb_numfree
                0x000000000000b610       0x20 contiki-srf06-cc26xx.a(memb.o)
                0x000000000000b610                memb_numfree
 .text.echo_reply_input
                0x000000000000b630       0xb0 contiki-srf06-cc26xx.a(uip-icmp6.o)
 .text.echo_request_input
                0x000000000000b6e0       0xb8 contiki-srf06-cc26xx.a(uip-icmp6.o)
 .text.uip_icmp6_input
                0x000000000000b798       0x3c contiki-srf06-cc26xx.a(uip-icmp6.o)
                0x000000000000b798                uip_icmp6_input
 .text.uip_icmp6_register_input_handler
                0x000000000000b7d4        0xc contiki-srf06-cc26xx.a(uip-icmp6.o)
                0x000000000000b7d4                uip_icmp6_register_input_handler
 .text.uip_icmp6_error_output
                0x000000000000b7e0      0x16c contiki-srf06-cc26xx.a(uip-icmp6.o)
                0x000000000000b7e0                uip_icmp6_error_output
 .text.uip_icmp6_send
                0x000000000000b94c       0x8c contiki-srf06-cc26xx.a(uip-icmp6.o)
                0x000000000000b94c                uip_icmp6_send
 .text.uip_icmp6_init
                0x000000000000b9d8       0x24 contiki-srf06-cc26xx.a(uip-icmp6.o)
                0x000000000000b9d8                uip_icmp6_init
 .text.update_nbr
                0x000000000000b9fc      0x10c contiki-srf06-cc26xx.a(rpl-nbr-policy.)
 .text.handle_periodic_timer
                0x000000000000bb08       0x14 contiki-srf06-cc26xx.a(rpl-nbr-policy.)
 .text.find_removable_dio
                0x000000000000bb1c       0x3c contiki-srf06-cc26xx.a(rpl-nbr-policy.)
                0x000000000000bb1c                find_removable_dio
 .text.rpl_nbr_policy_find_removable
                0x000000000000bb58       0x60 contiki-srf06-cc26xx.a(rpl-nbr-policy.)
                0x000000000000bb58                rpl_nbr_policy_find_removable
 .text.new_dio_interval
                0x000000000000bbb8       0x60 contiki-srf06-cc26xx.a(rpl-timers.o)
 .text.handle_periodic_timer
                0x000000000000bc18       0x60 contiki-srf06-cc26xx.a(rpl-timers.o)
 .text.handle_unicast_dio_timer
                0x000000000000bc78       0x1c contiki-srf06-cc26xx.a(rpl-timers.o)
 .text.handle_dio_timer
                0x000000000000bc94       0x8c contiki-srf06-cc26xx.a(rpl-timers.o)
 .text.set_dao_lifetime_timer.part.1
                0x000000000000bd20       0x40 contiki-srf06-cc26xx.a(rpl-timers.o)
 .text.schedule_dao
                0x000000000000bd60       0x5c contiki-srf06-cc26xx.a(rpl-timers.o)
 .text.handle_dao_timer
                0x000000000000bdbc       0x64 contiki-srf06-cc26xx.a(rpl-timers.o)
 .text.rpl_reset_periodic_timer
                0x000000000000be20       0x3c contiki-srf06-cc26xx.a(rpl-timers.o)
                0x000000000000be20                rpl_reset_periodic_timer
 .text.rpl_reset_dio_timer
                0x000000000000be5c       0x1c contiki-srf06-cc26xx.a(rpl-timers.o)
                0x000000000000be5c                rpl_reset_dio_timer
 .text.rpl_schedule_dao
                0x000000000000be78        0x8 contiki-srf06-cc26xx.a(rpl-timers.o)
                0x000000000000be78                rpl_schedule_dao
 .text.rpl_schedule_unicast_dio_immediately
                0x000000000000be80       0x14 contiki-srf06-cc26xx.a(rpl-timers.o)
                0x000000000000be80                rpl_schedule_unicast_dio_immediately
 .text.get_probing_delay
                0x000000000000be94       0x4c contiki-srf06-cc26xx.a(rpl-timers.o)
                0x000000000000be94                get_probing_delay
 .text.get_probing_target
                0x000000000000bee0       0xd8 contiki-srf06-cc26xx.a(rpl-timers.o)
                0x000000000000bee0                get_probing_target
 .text.rpl_schedule_probing
                0x000000000000bfb8       0x20 contiki-srf06-cc26xx.a(rpl-timers.o)
                0x000000000000bfb8                rpl_schedule_probing
 .text.handle_probing_timer
                0x000000000000bfd8       0x34 contiki-srf06-cc26xx.a(rpl-timers.o)
 .text.reset    0x000000000000c00c        0x4 contiki-srf06-cc26xx.a(rpl-mrhof.o)
 .text.update_metric_container
                0x000000000000c010        0x8 contiki-srf06-cc26xx.a(rpl-mrhof.o)
 .text.parent_link_metric
                0x000000000000c018       0x14 contiki-srf06-cc26xx.a(rpl-mrhof.o)
 .text.parent_has_usable_link
                0x000000000000c02c       0x18 contiki-srf06-cc26xx.a(rpl-mrhof.o)
 .text.best_dag
                0x000000000000c044       0x30 contiki-srf06-cc26xx.a(rpl-mrhof.o)
 .text.parent_path_cost
                0x000000000000c074       0x4c contiki-srf06-cc26xx.a(rpl-mrhof.o)
 .text.rank_via_parent
                0x000000000000c0c0       0x3c contiki-srf06-cc26xx.a(rpl-mrhof.o)
 .text.parent_is_acceptable
                0x000000000000c0fc       0x34 contiki-srf06-cc26xx.a(rpl-mrhof.o)
 .text.best_parent
                0x000000000000c130       0x68 contiki-srf06-cc26xx.a(rpl-mrhof.o)
 .text.NOROM_SetupGetTrimForXoscHfCtl.part.3
                0x000000000000c198       0x20 contiki-srf06-cc26xx.a(setup_rom.o)
 .text.NOROM_SetupGetTrimForRadcExtCfg.part.4
                0x000000000000c1b8       0x1c contiki-srf06-cc26xx.a(setup_rom.o)
 .text.NOROM_SetupAfterColdResetWakeupFromShutDownCfg1
                0x000000000000c1d4       0x74 contiki-srf06-cc26xx.a(setup_rom.o)
                0x000000000000c1d4                NOROM_SetupAfterColdResetWakeupFromShutDownCfg1
 .text.NOROM_SetupAfterColdResetWakeupFromShutDownCfg3
                0x000000000000c248      0x1a0 contiki-srf06-cc26xx.a(setup_rom.o)
                0x000000000000c248                NOROM_SetupAfterColdResetWakeupFromShutDownCfg3
 .text.NOROM_SetupGetTrimForAnabypassValue1
                0x000000000000c3e8       0x64 contiki-srf06-cc26xx.a(setup_rom.o)
                0x000000000000c3e8                NOROM_SetupGetTrimForAnabypassValue1
 .text.NOROM_SetupGetTrimForAmpcompCtrl
                0x000000000000c44c       0x58 contiki-srf06-cc26xx.a(setup_rom.o)
                0x000000000000c44c                NOROM_SetupGetTrimForAmpcompCtrl
 .text.NOROM_SetupAfterColdResetWakeupFromShutDownCfg2
                0x000000000000c4a4      0x190 contiki-srf06-cc26xx.a(setup_rom.o)
                0x000000000000c4a4                NOROM_SetupAfterColdResetWakeupFromShutDownCfg2
 .text.NOROM_SetupSetCacheModeAccordingToCcfgSetting
                0x000000000000c634       0x6c contiki-srf06-cc26xx.a(setup_rom.o)
                0x000000000000c634                NOROM_SetupSetCacheModeAccordingToCcfgSetting
 .text.NOROM_AONBatMonTemperatureGetDegC
                0x000000000000c6a0       0x30 contiki-srf06-cc26xx.a(aon_batmon.o)
                0x000000000000c6a0                NOROM_AONBatMonTemperatureGetDegC
 .text.mac_sequence_is_duplicate
                0x000000000000c6d0       0x50 contiki-srf06-cc26xx.a(mac-sequence.o)
                0x000000000000c6d0                mac_sequence_is_duplicate
 .text.mac_sequence_register_seqno
                0x000000000000c720       0x6c contiki-srf06-cc26xx.a(mac-sequence.o)
                0x000000000000c720                mac_sequence_register_seqno
 .text.frame802154_get_pan_id
                0x000000000000c78c        0xc contiki-srf06-cc26xx.a(frame802154.o)
                0x000000000000c78c                frame802154_get_pan_id
 .text.frame802154_has_panid
                0x000000000000c798       0xd0 contiki-srf06-cc26xx.a(frame802154.o)
                0x000000000000c798                frame802154_has_panid
 .text.field_len
                0x000000000000c868       0x88 contiki-srf06-cc26xx.a(frame802154.o)
 .text.frame802154_is_broadcast_addr
                0x000000000000c8f0       0x20 contiki-srf06-cc26xx.a(frame802154.o)
                0x000000000000c8f0                frame802154_is_broadcast_addr
 .text.frame802154_hdrlen
                0x000000000000c910       0x34 contiki-srf06-cc26xx.a(frame802154.o)
                0x000000000000c910                frame802154_hdrlen
 .text.frame802154_create_fcf
                0x000000000000c944       0x64 contiki-srf06-cc26xx.a(frame802154.o)
                0x000000000000c944                frame802154_create_fcf
 .text.frame802154_create
                0x000000000000c9a8       0xa8 contiki-srf06-cc26xx.a(frame802154.o)
                0x000000000000c9a8                frame802154_create
 .text.frame802154_parse_fcf
                0x000000000000ca50       0x44 contiki-srf06-cc26xx.a(frame802154.o)
                0x000000000000ca50                frame802154_parse_fcf
 .text.frame802154_parse
                0x000000000000ca94      0x13c contiki-srf06-cc26xx.a(frame802154.o)
                0x000000000000ca94                frame802154_parse
 .text.mac_call_sent_callback
                0x000000000000cbd0       0x18 contiki-srf06-cc26xx.a(mac.o)
                0x000000000000cbd0                mac_call_sent_callback
 .text          0x000000000000cbe8       0x30 /usr/bin/../lib/gcc/arm-none-eabi/7.3.1/thumb/v7-m/libgcc.a(_aeabi_uldivmod.o)
                0x000000000000cbe8                __aeabi_uldivmod
 .text          0x000000000000cc18      0x2d0 /usr/bin/../lib/gcc/arm-none-eabi/7.3.1/thumb/v7-m/libgcc.a(_udivmoddi4.o)
                0x000000000000cc18                __udivmoddi4
 .text          0x000000000000cee8        0x4 /usr/bin/../lib/gcc/arm-none-eabi/7.3.1/thumb/v7-m/libgcc.a(_dvmd_tls.o)
                0x000000000000cee8                __aeabi_ldiv0
                0x000000000000cee8                __aeabi_idiv0
 .text.memcmp   0x000000000000ceec       0x64 /usr/bin/../lib/gcc/arm-none-eabi/7.3.1/../../../../arm-none-eabi/lib/thumb/v7-m/libc.a(lib_a-memcmp.o)
                0x000000000000ceec                memcmp
 .text          0x000000000000cf50       0xec /usr/bin/../lib/gcc/arm-none-eabi/7.3.1/../../../../arm-none-eabi/lib/thumb/v7-m/libc.a(lib_a-memcpy.o)
                0x000000000000cf50                memcpy
 .text.memmove  0x000000000000d03c       0xc4 /usr/bin/../lib/gcc/arm-none-eabi/7.3.1/../../../../arm-none-eabi/lib/thumb/v7-m/libc.a(lib_a-memmove.o)
                0x000000000000d03c                memmove
 .text.memset   0x000000000000d100       0x94 /usr/bin/../lib/gcc/arm-none-eabi/7.3.1/../../../../arm-none-eabi/lib/thumb/v7-m/libc.a(lib_a-memset.o)
                0x000000000000d100                memset
 .text.strlen   0x000000000000d194       0x5c /usr/bin/../lib/gcc/arm-none-eabi/7.3.1/../../../../arm-none-eabi/lib/thumb/v7-m/libc.a(lib_a-strlen-stub.o)
                0x000000000000d194                strlen
 *(SORT_BY_ALIGNMENT(.rodata*))
 .rodata.autostart_processes
                0x000000000000d1f0        0x8 udp-client.co
                0x000000000000d1f0                autostart_processes
 .rodata.process_thread_udp_client_process.str1.4
                0x000000000000d1f8      0x135 udp-client.co
 *fill*         0x000000000000d32d        0x3 00000000
 .rodata.send_packet.str1.4
                0x000000000000d330       0x35 udp-client.co
 *fill*         0x000000000000d365        0x3 00000000
 .rodata.str1.4
                0x000000000000d368       0x13 udp-client.co
 *fill*         0x000000000000d37b        0x1 00000000
 .rodata.main.str1.4
                0x000000000000d37c       0xf2 contiki-srf06-cc26xx.a(contiki-main.o)
 *fill*         0x000000000000d46e        0x2 00000000
 .rodata.str1.4
                0x000000000000d470        0x8 contiki-srf06-cc26xx.a(sensors.o)
 .rodata        0x000000000000d478       0x48 contiki-srf06-cc26xx.a(board.o)
 .rodata.button_left_sensor
                0x000000000000d4c0       0x10 contiki-srf06-cc26xx.a(button-sensor.o)
                0x000000000000d4c0                button_left_sensor
 .rodata.button_right_sensor
                0x000000000000d4d0       0x10 contiki-srf06-cc26xx.a(button-sensor.o)
                0x000000000000d4d0                button_right_sensor
 .rodata.str1.4
                0x000000000000d4e0        0x7 contiki-srf06-cc26xx.a(button-sensor.o)
 *fill*         0x000000000000d4e7        0x1 00000000
 .rodata        0x000000000000d4e8        0x4 contiki-srf06-cc26xx.a(ext-flash.o)
 .rodata.ieee_mode_driver
                0x000000000000d4ec       0x38 contiki-srf06-cc26xx.a(ieee-mode.o)
                0x000000000000d4ec                ieee_mode_driver
 .rodata.mode_ieee
                0x000000000000d524        0x8 contiki-srf06-cc26xx.a(ieee-mode.o)
 .rodata.output_power
                0x000000000000d52c       0x68 contiki-srf06-cc26xx.a(ieee-mode.o)
 .rodata.str1.4
                0x000000000000d594       0x1b contiki-srf06-cc26xx.a(soc-trng.o)
 *fill*         0x000000000000d5af        0x1 00000000
 .rodata.buffer.4041
                0x000000000000d5b0       0x10 contiki-srf06-cc26xx.a(strformat.o)
 .rodata.buffer.4050
                0x000000000000d5c0       0x10 contiki-srf06-cc26xx.a(strformat.o)
 .rodata.format_str_v.str1.4
                0x000000000000d5d0       0x42 contiki-srf06-cc26xx.a(strformat.o)
                                         0x46 (size before relaxing)
 *fill*         0x000000000000d612        0x2 00000000
 .rodata.str1.4
                0x000000000000d614        0xf contiki-srf06-cc26xx.a(ctimer.o)
 *fill*         0x000000000000d623        0x1 00000000
 .rodata.str1.4
                0x000000000000d624        0xc contiki-srf06-cc26xx.a(etimer.o)
 .rodata.str1.4
                0x000000000000d630        0xe contiki-srf06-cc26xx.a(serial-line.o)
 *fill*         0x000000000000d63e        0x2 00000000
 .rodata        0x000000000000d640        0x2 contiki-srf06-cc26xx.a(sicslowpan.o)
 *fill*         0x000000000000d642        0x2 00000000
 .rodata.llprefix
                0x000000000000d644        0x2 contiki-srf06-cc26xx.a(sicslowpan.o)
                0x000000000000d644                llprefix
 *fill*         0x000000000000d646        0x2 00000000
 .rodata.sicslowpan_driver
                0x000000000000d648        0xc contiki-srf06-cc26xx.a(sicslowpan.o)
                0x000000000000d648                sicslowpan_driver
 .rodata.str1.4
                0x000000000000d654        0xb contiki-srf06-cc26xx.a(sicslowpan.o)
 *fill*         0x000000000000d65f        0x1 00000000
 .rodata.ttl_values
                0x000000000000d660        0x4 contiki-srf06-cc26xx.a(sicslowpan.o)
 .rodata.unc_ctxconf
                0x000000000000d664        0x4 contiki-srf06-cc26xx.a(sicslowpan.o)
                0x000000000000d664                unc_ctxconf
 .rodata.unc_llconf
                0x000000000000d668        0x4 contiki-srf06-cc26xx.a(sicslowpan.o)
                0x000000000000d668                unc_llconf
 .rodata.unc_mxconf
                0x000000000000d66c        0x4 contiki-srf06-cc26xx.a(sicslowpan.o)
                0x000000000000d66c                unc_mxconf
 .rodata.str1.4
                0x000000000000d670        0xd contiki-srf06-cc26xx.a(tcpip.o)
 *fill*         0x000000000000d67d        0x3 00000000
 .rodata.uip_debug_ipaddr_print.str1.4
                0x000000000000d680       0x2b contiki-srf06-cc26xx.a(uip-debug.o)
 *fill*         0x000000000000d6ab        0x1 00000000
 .rodata.linkaddr_null
                0x000000000000d6ac        0x8 contiki-srf06-cc26xx.a(linkaddr.o)
                0x000000000000d6ac                linkaddr_null
 .rodata.framer_802154
                0x000000000000d6b4        0xc contiki-srf06-cc26xx.a(framer-802154.o)
                0x000000000000d6b4                framer_802154
 .rodata.csma_driver
                0x000000000000d6c0       0x1c contiki-srf06-cc26xx.a(csma.o)
                0x000000000000d6c0                csma_driver
 .rodata.str1.4
                0x000000000000d6dc        0x5 contiki-srf06-cc26xx.a(csma.o)
 *fill*         0x000000000000d6e1        0x3 00000000
 .rodata.nullrdc_driver
                0x000000000000d6e4       0x20 contiki-srf06-cc26xx.a(nullrdc.o)
                0x000000000000d6e4                nullrdc_driver
 .rodata.str1.4
                0x000000000000d704        0x8 contiki-srf06-cc26xx.a(nullrdc.o)
 .rodata.nullsec_driver
                0x000000000000d70c       0x10 contiki-srf06-cc26xx.a(nullsec.o)
                0x000000000000d70c                nullsec_driver
 .rodata.str1.4
                0x000000000000d71c        0x8 contiki-srf06-cc26xx.a(nullsec.o)
 .rodata.RFCCPE0IntHandler.str1.4
                0x000000000000d724       0x2a contiki-srf06-cc26xx.a(rf-core.o)
 *fill*         0x000000000000d74e        0x2 00000000
 .rodata.str1.4
                0x000000000000d750       0x1c contiki-srf06-cc26xx.a(rf-core.o)
                                         0x1a (size before relaxing)
                0x000000000000d76c                _etext = .

.glue_7         0x000000000000d76c        0x0
 .glue_7        0x000000000000d76c        0x0 linker stubs

.glue_7t        0x000000000000d76c        0x0
 .glue_7t       0x000000000000d76c        0x0 linker stubs

.vfp11_veneer   0x000000000000d76c        0x0
 .vfp11_veneer  0x000000000000d76c        0x0 linker stubs

.v4_bx          0x000000000000d76c        0x0
 .v4_bx         0x000000000000d76c        0x0 linker stubs

.iplt           0x000000000000d76c        0x0
 .iplt          0x000000000000d76c        0x0 obj_srf06-cc26xx/startup_gcc.o

.data           0x0000000020000000      0x248 load address 0x000000000000d76c
                0x0000000020000000                _data = .
 *(SORT_BY_ALIGNMENT(vtable))
 *(SORT_BY_ALIGNMENT(.data*))
 .data.udp_client_process
                0x0000000020000000       0x10 udp-client.co
                0x0000000020000000                udp_client_process
 .data.sensors_process
                0x0000000020000010       0x10 contiki-srf06-cc26xx.a(sensors.o)
                0x0000000020000010                sensors_process
 .data.launchpad_module
                0x0000000020000020       0x14 contiki-srf06-cc26xx.a(board.o)
 .data.sensors  0x0000000020000034        0xc contiki-srf06-cc26xx.a(launchpad-senso)
                0x0000000020000034                sensors
 .data.uart_module
                0x0000000020000040       0x14 contiki-srf06-cc26xx.a(cc26xx-uart.o)
 .data.cc26xx_rf_lpm_module
                0x0000000020000054       0x14 contiki-srf06-cc26xx.a(ieee-mode.o)
 .data.ieee_overrides
                0x0000000020000068       0x2c contiki-srf06-cc26xx.a(ieee-mode.o)
 .data.tx_power_current
                0x0000000020000094        0x4 contiki-srf06-cc26xx.a(ieee-mode.o)
                0x0000000020000094                tx_power_current
 .data.rng_module
                0x0000000020000098       0x14 contiki-srf06-cc26xx.a(soc-trng.o)
 .data.soc_trng_process
                0x00000000200000ac       0x10 contiki-srf06-cc26xx.a(soc-trng.o)
                0x00000000200000ac                soc_trng_process
 .data.ctxt     0x00000000200000bc        0x8 contiki-srf06-cc26xx.a(dbg-printf.o)
 .data.ctimer_process
                0x00000000200000c4       0x10 contiki-srf06-cc26xx.a(ctimer.o)
                0x00000000200000c4                ctimer_process
 .data.etimer_process
                0x00000000200000d4       0x10 contiki-srf06-cc26xx.a(etimer.o)
                0x00000000200000d4                etimer_process
 .data.serial_line_process
                0x00000000200000e4       0x10 contiki-srf06-cc26xx.a(serial-line.o)
                0x00000000200000e4                serial_line_process
 .data.defaultroutermemb
                0x00000000200000f4        0xc contiki-srf06-cc26xx.a(uip-ds6-route.o)
 .data.nbr_routes
                0x0000000020000100        0x4 contiki-srf06-cc26xx.a(uip-ds6-route.o)
                0x0000000020000100                nbr_routes
 .data.nbr_routes_struct
                0x0000000020000104       0x10 contiki-srf06-cc26xx.a(uip-ds6-route.o)
 .data.neighborroutememb
                0x0000000020000114        0xc contiki-srf06-cc26xx.a(uip-ds6-route.o)
 .data.routememb
                0x0000000020000120        0xc contiki-srf06-cc26xx.a(uip-ds6-route.o)
 .data.ds6_neighbors
                0x000000002000012c        0x4 contiki-srf06-cc26xx.a(uip-ds6-nbr.o)
                0x000000002000012c                ds6_neighbors
 .data.ds6_neighbors_struct
                0x0000000020000130       0x10 contiki-srf06-cc26xx.a(uip-ds6-nbr.o)
 .data.ns_input_handler
                0x0000000020000140        0xc contiki-srf06-cc26xx.a(uip-nd6.o)
 .data.tcpip_process
                0x000000002000014c       0x10 contiki-srf06-cc26xx.a(tcpip.o)
                0x000000002000014c                tcpip_process
 .data.dao_ack_handler
                0x000000002000015c        0xc contiki-srf06-cc26xx.a(rpl-icmp6.o)
 .data.dao_handler
                0x0000000020000168        0xc contiki-srf06-cc26xx.a(rpl-icmp6.o)
 .data.dio_handler
                0x0000000020000174        0xc contiki-srf06-cc26xx.a(rpl-icmp6.o)
 .data.dis_handler
                0x0000000020000180        0xc contiki-srf06-cc26xx.a(rpl-icmp6.o)
 .data.rpl_parents
                0x000000002000018c        0x4 contiki-srf06-cc26xx.a(rpl-dag.o)
                0x000000002000018c                rpl_parents
 .data.rpl_parents_struct
                0x0000000020000190       0x10 contiki-srf06-cc26xx.a(rpl-dag.o)
 .data.bufmem   0x00000000200001a0        0xc contiki-srf06-cc26xx.a(queuebuf.o)
 .data.buframmem
                0x00000000200001ac        0xc contiki-srf06-cc26xx.a(queuebuf.o)
 .data.neighbor_addr_mem
                0x00000000200001b8        0xc contiki-srf06-cc26xx.a(nbr-table.o)
 .data.link_stats_struct
                0x00000000200001c4       0x10 contiki-srf06-cc26xx.a(link-stats.o)
 .data.metadata_memb
                0x00000000200001d4        0xc contiki-srf06-cc26xx.a(csma.o)
 .data.neighbor_memb
                0x00000000200001e0        0xc contiki-srf06-cc26xx.a(csma.o)
 .data.packet_memb
                0x00000000200001ec        0xc contiki-srf06-cc26xx.a(csma.o)
 .data.rf_core_process
                0x00000000200001f8       0x10 contiki-srf06-cc26xx.a(rf-core.o)
                0x00000000200001f8                rf_core_process
 .data.echo_reply_handler
                0x0000000020000208        0xc contiki-srf06-cc26xx.a(uip-icmp6.o)
 .data.echo_request_handler
                0x0000000020000214        0xc contiki-srf06-cc26xx.a(uip-icmp6.o)
 .data.rpl_mrhof
                0x0000000020000220       0x24 contiki-srf06-cc26xx.a(rpl-mrhof.o)
                0x0000000020000220                rpl_mrhof
 .data.mac_pan_id
                0x0000000020000244        0x2 contiki-srf06-cc26xx.a(frame802154.o)
 .data.rng_ready_event
                0x0000000020000246        0x1 contiki-srf06-cc26xx.a(soc-trng.o)
 .data.dao_sequence
                0x0000000020000247        0x1 contiki-srf06-cc26xx.a(rpl-icmp6.o)
                0x0000000020000248                _edata = .

.igot.plt       0x0000000020000248        0x0 load address 0x000000000000d9b4
 .igot.plt      0x0000000020000248        0x0 obj_srf06-cc26xx/startup_gcc.o

.ARM.exidx      0x000000000000d9b4        0x8
 *(SORT_BY_ALIGNMENT(.ARM.exidx*))
 .ARM.exidx     0x000000000000d9b4        0x8 /usr/bin/../lib/gcc/arm-none-eabi/7.3.1/thumb/v7-m/libgcc.a(_udivmoddi4.o)

.bss            0x0000000020000248     0x27ec
                0x0000000020000248                _bss = .
 *(SORT_BY_ALIGNMENT(.bss*))
 .bss.count     0x0000000020000248        0x8 contiki-srf06-cc26xx.a(clock.o)
 .bss.rands_cache
                0x0000000020000250       0x20 contiki-srf06-cc26xx.a(soc-trng.o)
 .bss.backoff_timer.6356
                0x0000000020000270       0x20 udp-client.co
 .bss.client_conn
                0x0000000020000290        0x4 udp-client.co
 .bss.periodic.6355
                0x0000000020000294       0x10 udp-client.co
 .bss.reply     0x00000000200002a4        0x4 udp-client.co
 .bss.seq_id    0x00000000200002a8        0x4 udp-client.co
 .bss.server_ipaddr
                0x00000000200002ac       0x10 udp-client.co
 .bss.events.4854
                0x00000000200002bc        0x4 contiki-srf06-cc26xx.a(sensors.o)
 .bss.i.4853    0x00000000200002c0        0x4 contiki-srf06-cc26xx.a(sensors.o)
 .bss.inited    0x00000000200002c4        0x4 contiki-srf06-cc26xx.a(leds-arch.o)
 .bss.left_timer
                0x00000000200002c8       0x10 contiki-srf06-cc26xx.a(button-sensor.o)
 .bss.last_isr_time
                0x00000000200002d8        0x4 contiki-srf06-cc26xx.a(soc-rtc.o)
 .bss.input_handler
                0x00000000200002dc        0x4 contiki-srf06-cc26xx.a(cc26xx-uart.o)
 .bss.modules_list_list
                0x00000000200002e0        0x4 contiki-srf06-cc26xx.a(lpm.o)
 .bss.handlers  0x00000000200002e4       0x80 contiki-srf06-cc26xx.a(gpio-interrupt.)
 .bss.cmd_ieee_rx_buf
                0x0000000020000364       0x80 contiki-srf06-cc26xx.a(ieee-mode.o)
 .bss.filter_cmd
                0x00000000200003e4        0x8 contiki-srf06-cc26xx.a(ieee-mode.o)
 .bss.last_packet_timestamp
                0x00000000200003ec        0x4 contiki-srf06-cc26xx.a(ieee-mode.o)
 .bss.last_rat_overflow
                0x00000000200003f0        0x4 contiki-srf06-cc26xx.a(ieee-mode.o)
 .bss.last_value.8692
                0x00000000200003f4        0x4 contiki-srf06-cc26xx.a(ieee-mode.o)
 .bss.rat_overflow_counter
                0x00000000200003f8        0x4 contiki-srf06-cc26xx.a(ieee-mode.o)
 .bss.rat_overflow_timer
                0x00000000200003fc       0x20 contiki-srf06-cc26xx.a(ieee-mode.o)
 .bss.rf_stats  0x000000002000041c       0x10 contiki-srf06-cc26xx.a(ieee-mode.o)
 .bss.rx_buf_0  0x000000002000042c       0x90 contiki-srf06-cc26xx.a(ieee-mode.o)
 .bss.rx_buf_1  0x00000000200004bc       0x90 contiki-srf06-cc26xx.a(ieee-mode.o)
 .bss.rx_buf_2  0x000000002000054c       0x90 contiki-srf06-cc26xx.a(ieee-mode.o)
 .bss.rx_buf_3  0x00000000200005dc       0x90 contiki-srf06-cc26xx.a(ieee-mode.o)
 .bss.rx_data_queue
                0x000000002000066c        0x8 contiki-srf06-cc26xx.a(ieee-mode.o)
 .bss.rx_read_entry
                0x0000000020000674        0x4 contiki-srf06-cc26xx.a(ieee-mode.o)
 .bss.tx_buf    0x0000000020000678       0xb6 contiki-srf06-cc26xx.a(ieee-mode.o)
 *fill*         0x000000002000072e        0x2 
 .bss.notify_cb
                0x0000000020000730        0x4 contiki-srf06-cc26xx.a(soc-trng.o)
 .bss.rands_mask
                0x0000000020000734        0x4 contiki-srf06-cc26xx.a(soc-trng.o)
 .bss.ctimer_list_list
                0x0000000020000738        0x4 contiki-srf06-cc26xx.a(ctimer.o)
 .bss.next_expiration
                0x000000002000073c        0x4 contiki-srf06-cc26xx.a(etimer.o)
 .bss.timerlist