Archive member included to satisfy reference by file (symbol)

contiki-srf06-cc26xx.a(contiki-main.o)
                              obj_srf06-cc26xx/startup_gcc.o (main)
contiki-srf06-cc26xx.a(sensors.o)
                              border-router.co (sensors_event)
contiki-srf06-cc26xx.a(leds.o)
                              contiki-srf06-cc26xx.a(contiki-main.o) (leds_init)
contiki-srf06-cc26xx.a(board.o)
                              contiki-srf06-cc26xx.a(contiki-main.o) (board_init)
contiki-srf06-cc26xx.a(launchpad-senso)
                              contiki-srf06-cc26xx.a(sensors.o) (sensors_flags)
contiki-srf06-cc26xx.a(leds-arch.o)
                              contiki-srf06-cc26xx.a(leds.o) (leds_arch_init)
contiki-srf06-cc26xx.a(button-sensor.o)
                              contiki-srf06-cc26xx.a(launchpad-senso) (button_right_sensor)
contiki-srf06-cc26xx.a(ext-flash.o)
                              contiki-srf06-cc26xx.a(board.o) (ext_flash_init)
contiki-srf06-cc26xx.a(board-spi.o)
                              contiki-srf06-cc26xx.a(ext-flash.o) (board_spi_write)
contiki-srf06-cc26xx.a(clock.o)
                              contiki-srf06-cc26xx.a(contiki-main.o) (clock_init)
contiki-srf06-cc26xx.a(soc-rtc.o)
                              contiki-srf06-cc26xx.a(contiki-main.o) (soc_rtc_init)
contiki-srf06-cc26xx.a(contiki-watchdo)
                              contiki-srf06-cc26xx.a(contiki-main.o) (watchdog_init)
contiki-srf06-cc26xx.a(putchar.o)
                              border-router.co (putchar)
contiki-srf06-cc26xx.a(ieee-addr.o)
                              contiki-srf06-cc26xx.a(contiki-main.o) (ieee_addr_cpy_to)
contiki-srf06-cc26xx.a(slip-arch.o)
                              obj_srf06-cc26xx/slip-bridge.o (slip_arch_init)
contiki-srf06-cc26xx.a(slip.o)
                              obj_srf06-cc26xx/slip-bridge.o (slip_set_input_callback)
contiki-srf06-cc26xx.a(cc26xx-uart.o)
                              contiki-srf06-cc26xx.a(contiki-main.o) (cc26xx_uart_init)
contiki-srf06-cc26xx.a(lpm.o)
                              contiki-srf06-cc26xx.a(button-sensor.o) (lpm_shutdown)
contiki-srf06-cc26xx.a(gpio-interrupt.)
                              contiki-srf06-cc26xx.a(button-sensor.o) (gpio_interrupt_register_handler)
contiki-srf06-cc26xx.a(oscillators.o)
                              contiki-srf06-cc26xx.a(contiki-main.o) (oscillators_select_lf_xosc)
contiki-srf06-cc26xx.a(ieee-mode.o)
                              contiki-srf06-cc26xx.a(contiki-main.o) (ieee_mode_driver)
contiki-srf06-cc26xx.a(random.o)
                              contiki-srf06-cc26xx.a(contiki-main.o) (random_init)
contiki-srf06-cc26xx.a(soc-trng.o)
                              contiki-srf06-cc26xx.a(random.o) (soc_trng_rand_synchronous)
contiki-srf06-cc26xx.a(dbg-printf.o)
                              obj_srf06-cc26xx/slip-bridge.o (printf)
contiki-srf06-cc26xx.a(dbg-snprintf.o)
                              border-router.co (snprintf)
contiki-srf06-cc26xx.a(strformat.o)
                              contiki-srf06-cc26xx.a(dbg-printf.o) (format_str_v)
contiki-srf06-cc26xx.a(autostart.o)
                              contiki-srf06-cc26xx.a(contiki-main.o) (autostart_start)
contiki-srf06-cc26xx.a(energest.o)
                              contiki-srf06-cc26xx.a(contiki-main.o) (energest_init)
contiki-srf06-cc26xx.a(ctimer.o)
                              contiki-srf06-cc26xx.a(contiki-main.o) (ctimer_init)
contiki-srf06-cc26xx.a(etimer.o)
                              contiki-srf06-cc26xx.a(clock.o) (etimer_request_poll)
contiki-srf06-cc26xx.a(process.o)
                              contiki-srf06-cc26xx.a(sensors.o) (process_alloc_event)
contiki-srf06-cc26xx.a(rtimer.o)
                              contiki-srf06-cc26xx.a(contiki-main.o) (rtimer_init)
contiki-srf06-cc26xx.a(timer.o)
                              obj_srf06-cc26xx/httpd-simple.o (timer_set)
contiki-srf06-cc26xx.a(serial-line.o)
                              contiki-srf06-cc26xx.a(contiki-main.o) (serial_line_init)
contiki-srf06-cc26xx.a(list.o)
                              contiki-srf06-cc26xx.a(lpm.o) (list_init)
contiki-srf06-cc26xx.a(memb.o)
                              obj_srf06-cc26xx/httpd-simple.o (memb_init)
contiki-srf06-cc26xx.a(ringbuf.o)
                              contiki-srf06-cc26xx.a(serial-line.o) (ringbuf_init)
contiki-srf06-cc26xx.a(uip-ds6.o)
                              border-router.co (uip_ds6_if)
contiki-srf06-cc26xx.a(uip-ds6-route.o)
                              contiki-srf06-cc26xx.a(uip-ds6.o) (uip_ds6_route_init)
contiki-srf06-cc26xx.a(uip6.o)
                              border-router.co (uip_aligned_buf)
contiki-srf06-cc26xx.a(uip-ds6-nbr.o)
                              contiki-srf06-cc26xx.a(uip-ds6.o) (uip_ds6_neighbors_init)
contiki-srf06-cc26xx.a(uip-nd6.o)
                              contiki-srf06-cc26xx.a(uip6.o) (uip_nd6_init)
contiki-srf06-cc26xx.a(sicslowpan.o)
[...]
Memory Configuration

Name             Origin             Length             Attributes
FLASH            0x0000000000000000 0x000000000001ffa8 xr
FLASH_CCFG       0x000000000001ffa8 0x0000000000000058 xr
SRAM             0x0000000020000000 0x0000000000005000 xrw
GPRAM            0x0000000011000000 0x0000000000002000 xrw
*default*        0x0000000000000000 0xffffffffffffffff

Linker script and memory map

LOAD obj_srf06-cc26xx/fault-handlers.o
LOAD obj_srf06-cc26xx/ccfg.o
LOAD obj_srf06-cc26xx/startup_gcc.o
LOAD border-router.co
LOAD obj_srf06-cc26xx/slip-bridge.o
LOAD obj_srf06-cc26xx/httpd-simple.o
LOAD contiki-srf06-cc26xx.a
LOAD /usr/bin/../lib/gcc/arm-none-eabi/7.3.1/../../../../arm-none-eabi/lib/thumb/v7-m/libm.a
START GROUP
LOAD /usr/bin/../lib/gcc/arm-none-eabi/7.3.1/thumb/v7-m/libgcc.a
LOAD /usr/bin/../lib/gcc/arm-none-eabi/7.3.1/../../../../arm-none-eabi/lib/thumb/v7-m/libc.a
END GROUP
                0x0000000020005000                _estack = (ORIGIN (SRAM) + LENGTH (SRAM))
                0x0000000000000000                _Min_Heap_Size = 0x0
                0x0000000000000100                _Min_Stack_Size = 0x100

.text           0x0000000000000000     0xd553
                0x0000000000000000                _text = .
 *(SORT_BY_ALIGNMENT(.vectors))
 .vectors       0x0000000000000000       0xc8 obj_srf06-cc26xx/startup_gcc.o
                0x0000000000000000                g_pfnVectors
 *(SORT_BY_ALIGNMENT(.text*))
 .text.FaultISR
                0x00000000000000c8       0x18 obj_srf06-cc26xx/fault-handlers.o
                0x00000000000000c8                FaultISR
 .text.ResetISR
                0x00000000000000e0       0x4c obj_srf06-cc26xx/startup_gcc.o
                0x00000000000000e0                ResetISR
 .text.process_thread_webserver_nogui_process
                0x000000000000012c       0x34 border-router.co
 .text.ipaddr_add
                0x0000000000000160       0xa0 border-router.co
 .text.generate_routes
                0x0000000000000200      0x1fc border-router.co
 .text.httpd_simple_get_script
                0x00000000000003fc        0x8 border-router.co
                0x00000000000003fc                httpd_simple_get_script
 .text.request_prefix
                0x0000000000000404       0x2c border-router.co
                0x0000000000000404                request_prefix
 .text.process_thread_border_router_process
                0x0000000000000430       0xf4 border-router.co
 .text.set_prefix_64
                0x0000000000000524       0x68 border-router.co
                0x0000000000000524                set_prefix_64
 .text.init     0x000000000000058c       0x24 obj_srf06-cc26xx/slip-bridge.o
 .text.slip_input_callback
                0x00000000000005b0       0xe0 obj_srf06-cc26xx/slip-bridge.o
 .text.output   0x0000000000000690       0x4c obj_srf06-cc26xx/slip-bridge.o
 .text.handle_input
                0x00000000000006dc       0xc4 obj_srf06-cc26xx/httpd-simple.o
 .text.send_headers
                0x00000000000007a0       0x50 obj_srf06-cc26xx/httpd-simple.o
 .text.handle_output
                0x00000000000007f0       0xcc obj_srf06-cc26xx/httpd-simple.o
 .text.httpd_appcall
                0x00000000000008bc       0xc8 obj_srf06-cc26xx/httpd-simple.o
                0x00000000000008bc                httpd_appcall
 .text.httpd_init
                0x0000000000000984       0x18 obj_srf06-cc26xx/httpd-simple.o
                0x0000000000000984                httpd_init
 .text.startup.main
                0x000000000000099c      0x24c contiki-srf06-cc26xx.a(contiki-main.o)
                0x000000000000099c                main
 .text.process_thread_sensors_process
                0x0000000000000be8       0xd4 contiki-srf06-cc26xx.a(sensors.o)
 .text.sensors_changed
                0x0000000000000cbc       0x3c contiki-srf06-cc26xx.a(sensors.o)
                0x0000000000000cbc                sensors_changed
 .text.leds_init
                0x0000000000000cf8       0x14 contiki-srf06-cc26xx.a(leds.o)
                0x0000000000000cf8                leds_init
 .text.leds_on  0x0000000000000d0c       0x10 contiki-srf06-cc26xx.a(leds.o)
                0x0000000000000d0c                leds_on
 .text.leds_off
                0x0000000000000d1c       0x14 contiki-srf06-cc26xx.a(leds.o)
                0x0000000000000d1c                leds_off
 .text.wakeup_handler
                0x0000000000000d30       0x20 contiki-srf06-cc26xx.a(board.o)
 .text.board_init
                0x0000000000000d50       0x88 contiki-srf06-cc26xx.a(board.o)
                0x0000000000000d50                board_init
 .text.leds_arch_init
                0x0000000000000dd8       0x34 contiki-srf06-cc26xx.a(leds-arch.o)
                0x0000000000000dd8                leds_arch_init
 .text.leds_arch_set
                0x0000000000000e0c       0x2c contiki-srf06-cc26xx.a(leds-arch.o)
                0x0000000000000e0c                leds_arch_set
 .text.status   0x0000000000000e38       0x20 contiki-srf06-cc26xx.a(button-sensor.o)
 .text.value_left
                0x0000000000000e58       0x24 contiki-srf06-cc26xx.a(button-sensor.o)
 .text.value_right
                0x0000000000000e7c       0x18 contiki-srf06-cc26xx.a(button-sensor.o)
 .text.config_buttons
                0x0000000000000e94       0x7c contiki-srf06-cc26xx.a(button-sensor.o)
 .text.button_press_handler
                0x0000000000000f10       0x60 contiki-srf06-cc26xx.a(button-sensor.o)
 .text.verify_part
                0x0000000000000f70       0x74 contiki-srf06-cc26xx.a(ext-flash.o)
 .text.wait_ready
                0x0000000000000fe4       0x50 contiki-srf06-cc26xx.a(ext-flash.o)
 .text.ext_flash_open
                0x0000000000001034       0x54 contiki-srf06-cc26xx.a(ext-flash.o)
                0x0000000000001034                ext_flash_open
 .text.ext_flash_close
                0x0000000000001088       0x48 contiki-srf06-cc26xx.a(ext-flash.o)
                0x0000000000001088                ext_flash_close
 .text.accessible
                0x00000000000010d0       0x24 contiki-srf06-cc26xx.a(board-spi.o)
 .text.board_spi_write
                0x00000000000010f4       0x3c contiki-srf06-cc26xx.a(board-spi.o)
                0x00000000000010f4                board_spi_write
 .text.board_spi_read
                0x0000000000001130       0x44 contiki-srf06-cc26xx.a(board-spi.o)
                0x0000000000001130                board_spi_read
 .text.board_spi_flush
                0x0000000000001174       0x24 contiki-srf06-cc26xx.a(board-spi.o)
                0x0000000000001174                board_spi_flush
 .text.board_spi_open
                0x0000000000001198       0xb8 contiki-srf06-cc26xx.a(board-spi.o)
                0x0000000000001198                board_spi_open
 .text.board_spi_close
                0x0000000000001250       0x70 contiki-srf06-cc26xx.a(board-spi.o)
                0x0000000000001250                board_spi_close
 .text.power_domain_on
                0x00000000000012c0       0x20 contiki-srf06-cc26xx.a(clock.o)
 .text.update_clock_variable
                0x00000000000012e0       0x2c contiki-srf06-cc26xx.a(clock.o)
 .text.clock_init
                0x000000000000130c       0x94 contiki-srf06-cc26xx.a(clock.o)
                0x000000000000130c                clock_init
 .text.clock_time
                0x00000000000013a0       0x14 contiki-srf06-cc26xx.a(clock.o)
                0x00000000000013a0                clock_time
 .text.clock_seconds
                0x00000000000013b4       0x18 contiki-srf06-cc26xx.a(clock.o)
                0x00000000000013b4                clock_seconds
 .text.soc_rtc_init
                0x00000000000013cc       0xa0 contiki-srf06-cc26xx.a(soc-rtc.o)
                0x00000000000013cc                soc_rtc_init
 .text.soc_rtc_schedule_one_shot
                0x000000000000146c       0x5c contiki-srf06-cc26xx.a(soc-rtc.o)
                0x000000000000146c                soc_rtc_schedule_one_shot
 .text.soc_rtc_last_isr_time
                0x00000000000014c8        0xc contiki-srf06-cc26xx.a(soc-rtc.o)
                0x00000000000014c8                soc_rtc_last_isr_time
 .text.AONRTCIntHandler
                0x00000000000014d4       0x7c contiki-srf06-cc26xx.a(soc-rtc.o)
                0x00000000000014d4                AONRTCIntHandler
 .text.lock_config
                0x0000000000001550       0x18 contiki-srf06-cc26xx.a(contiki-watchdo)
 .text.unlock_config
                0x0000000000001568       0x2c contiki-srf06-cc26xx.a(contiki-watchdo)
 .text.watchdog_init
                0x0000000000001594       0x18 contiki-srf06-cc26xx.a(contiki-watchdo)
                0x0000000000001594                watchdog_init
 .text.watchdog_periodic
                0x00000000000015ac       0x14 contiki-srf06-cc26xx.a(contiki-watchdo)
                0x00000000000015ac                watchdog_periodic
 .text.watchdog_start
                0x00000000000015c0       0x1c contiki-srf06-cc26xx.a(contiki-watchdo)
                0x00000000000015c0                watchdog_start
 .text.ieee_addr_cpy_to
                0x00000000000015dc       0x38 contiki-srf06-cc26xx.a(ieee-addr.o)
                0x00000000000015dc                ieee_addr_cpy_to
 .text.slip_arch_init
                0x0000000000001614        0xc contiki-srf06-cc26xx.a(slip-arch.o)
                0x0000000000001614                slip_arch_init
 .text.process_thread_slip_process
                0x0000000000001620      0x200 contiki-srf06-cc26xx.a(slip.o)
 .text.slip_set_input_callback
                0x0000000000001820        0xc contiki-srf06-cc26xx.a(slip.o)
                0x0000000000001820                slip_set_input_callback
 .text.slip_send
                0x000000000000182c       0x4c contiki-srf06-cc26xx.a(slip.o)
                0x000000000000182c                slip_send
 .text.slip_input_byte
                0x0000000000001878       0x9c contiki-srf06-cc26xx.a(slip.o)
                0x0000000000001878                slip_input_byte
 .text.disable_interrupts
                0x0000000000001914       0x30 contiki-srf06-cc26xx.a(cc26xx-uart.o)
 .text.accessible
                0x0000000000001944       0x24 contiki-srf06-cc26xx.a(cc26xx-uart.o)
 .text.lpm_drop_handler
                0x0000000000001968       0xa0 contiki-srf06-cc26xx.a(cc26xx-uart.o)
 .text.power_and_clock
                0x0000000000001a08       0x40 contiki-srf06-cc26xx.a(cc26xx-uart.o)
 .text.enable   0x0000000000001a48       0xc8 contiki-srf06-cc26xx.a(cc26xx-uart.o)
 .text.cc26xx_uart_init
                0x0000000000001b10       0x28 contiki-srf06-cc26xx.a(cc26xx-uart.o)
                0x0000000000001b10                cc26xx_uart_init
 .text.cc26xx_uart_write_byte
                0x0000000000001b38       0x28 contiki-srf06-cc26xx.a(cc26xx-uart.o)
                0x0000000000001b38                cc26xx_uart_write_byte
 .text.cc26xx_uart_set_input
                0x0000000000001b60       0x60 contiki-srf06-cc26xx.a(cc26xx-uart.o)
                0x0000000000001b60                cc26xx_uart_set_input
 .text.cc26xx_uart_busy
                0x0000000000001bc0       0x18 contiki-srf06-cc26xx.a(cc26xx-uart.o)
                0x0000000000001bc0                cc26xx_uart_busy
 .text.UART0IntHandler
                0x0000000000001bd8       0x54 contiki-srf06-cc26xx.a(cc26xx-uart.o)
                0x0000000000001bd8                UART0IntHandler
 .text.lpm_shutdown
                0x0000000000001c2c      0x178 contiki-srf06-cc26xx.a(lpm.o)
                0x0000000000001c2c                lpm_shutdown
 .text.lpm_sleep
                0x0000000000001da4       0x14 contiki-srf06-cc26xx.a(lpm.o)
                0x0000000000001da4                lpm_sleep
 .text.lpm_drop
                0x0000000000001db8      0x214 contiki-srf06-cc26xx.a(lpm.o)
                0x0000000000001db8                lpm_drop
 .text.lpm_register_module
                0x0000000000001fcc        0xc contiki-srf06-cc26xx.a(lpm.o)
                0x0000000000001fcc                lpm_register_module
 .text.lpm_unregister_module
                0x0000000000001fd8        0xc contiki-srf06-cc26xx.a(lpm.o)
                0x0000000000001fd8                lpm_unregister_module
 .text.lpm_init
                0x0000000000001fe4       0x20 contiki-srf06-cc26xx.a(lpm.o)
                0x0000000000001fe4                lpm_init
 .text.lpm_pin_set_default_state
                0x0000000000002004       0x2c contiki-srf06-cc26xx.a(lpm.o)
                0x0000000000002004                lpm_pin_set_default_state
 .text.gpio_interrupt_register_handler
                0x0000000000002030       0x2c contiki-srf06-cc26xx.a(gpio-interrupt.)
                0x0000000000002030                gpio_interrupt_register_handler
 .text.gpio_interrupt_init
                0x000000000000205c       0x24 contiki-srf06-cc26xx.a(gpio-interrupt.)
                0x000000000000205c                gpio_interrupt_init
 .text.GPIOIntHandler
                0x0000000000002080       0x30 contiki-srf06-cc26xx.a(gpio-interrupt.)
                0x0000000000002080                GPIOIntHandler
 .text.oscillators_select_lf_xosc
                0x00000000000020b0       0x4c contiki-srf06-cc26xx.a(oscillators.o)
                0x00000000000020b0                oscillators_select_lf_xosc
 .text.oscillators_switch_to_hf_xosc
                0x00000000000020fc       0x34 contiki-srf06-cc26xx.a(oscillators.o)
                0x00000000000020fc                oscillators_switch_to_hf_xosc
 .text.oscillators_switch_to_hf_rc
                0x0000000000002130       0x38 contiki-srf06-cc26xx.a(oscillators.o)
                0x0000000000002130                oscillators_switch_to_hf_rc
 .text.release_data_entry
                0x0000000000002168       0x14 contiki-srf06-cc26xx.a(ieee-mode.o)
 .text.rf_is_on
                0x000000000000217c       0x18 contiki-srf06-cc26xx.a(ieee-mode.o)
 .text.rx_on    0x0000000000002194       0x48 contiki-srf06-cc26xx.a(ieee-mode.o)
 .text.rf_radio_setup
                0x00000000000021dc       0x60 contiki-srf06-cc26xx.a(ieee-mode.o)
 .text.pending_packet
                0x000000000000223c       0x3c contiki-srf06-cc26xx.a(ieee-mode.o)
 .text.prepare  0x0000000000002278       0x1c contiki-srf06-cc26xx.a(ieee-mode.o)
 .text.soft_off
                0x0000000000002294       0x3c contiki-srf06-cc26xx.a(ieee-mode.o)
 .text.get_object
                0x00000000000022d0       0x44 contiki-srf06-cc26xx.a(ieee-mode.o)
 .text.rx_off   0x0000000000002314       0x58 contiki-srf06-cc26xx.a(ieee-mode.o)
 .text.set_object
                0x000000000000236c       0x50 contiki-srf06-cc26xx.a(ieee-mode.o)
 .text.check_rat_overflow
                0x00000000000023bc       0x60 contiki-srf06-cc26xx.a(ieee-mode.o)
 .text.off      0x000000000000241c       0x6c contiki-srf06-cc26xx.a(ieee-mode.o)
 .text.on       0x0000000000002488       0x98 contiki-srf06-cc26xx.a(ieee-mode.o)
 .text.set_value
                0x0000000000002520      0x14c contiki-srf06-cc26xx.a(ieee-mode.o)
 .text.get_value
                0x000000000000266c      0x144 contiki-srf06-cc26xx.a(ieee-mode.o)
 .text.transmit
                0x00000000000027b0       0xd4 contiki-srf06-cc26xx.a(ieee-mode.o)
 .text.read_frame
                0x0000000000002884      0x140 contiki-srf06-cc26xx.a(ieee-mode.o)
 .text.handle_rat_overflow
                0x00000000000029c4       0x4c contiki-srf06-cc26xx.a(ieee-mode.o)
 .text.init     0x0000000000002a10       0xf8 contiki-srf06-cc26xx.a(ieee-mode.o)
 .text.request  0x0000000000002b08       0x14 contiki-srf06-cc26xx.a(soc-trng.o)
 .text.read_number
                0x0000000000002b1c       0x24 contiki-srf06-cc26xx.a(soc-trng.o)
 .text.process_thread_soc_trng_process
                0x0000000000002b40       0x74 contiki-srf06-cc26xx.a(soc-trng.o)
 .text.accessible
                0x0000000000002bb4       0x24 contiki-srf06-cc26xx.a(soc-trng.o)
 .text.power_up
                0x0000000000002bd8       0x40 contiki-srf06-cc26xx.a(soc-trng.o)
 .text.soc_trng_rand_synchronous
                0x0000000000002c18       0x9c contiki-srf06-cc26xx.a(soc-trng.o)
                0x0000000000002c18                soc_trng_rand_synchronous
 .text.TRNGIntHandler
                0x0000000000002cb4       0x50 contiki-srf06-cc26xx.a(soc-trng.o)
                0x0000000000002cb4                TRNGIntHandler
 .text.soc_trng_init
                0x0000000000002d04       0x28 contiki-srf06-cc26xx.a(soc-trng.o)
                0x0000000000002d04                soc_trng_init
 .text.printf   0x0000000000002d2c       0x20 contiki-srf06-cc26xx.a(dbg-printf.o)
                0x0000000000002d2c                printf
 .text.vsnprintf
                0x0000000000002d4c       0x28 contiki-srf06-cc26xx.a(dbg-snprintf.o)
                0x0000000000002d4c                vsnprintf
 .text.fill_space
                0x0000000000002d74       0x34 contiki-srf06-cc26xx.a(strformat.o)
 .text.format_str_v
                0x0000000000002da8      0x6dc contiki-srf06-cc26xx.a(strformat.o)
                0x0000000000002da8                format_str_v
 .text.process_thread_ctimer_process
                0x0000000000003484       0x7c contiki-srf06-cc26xx.a(ctimer.o)
 .text.ctimer_init
                0x0000000000003500       0x28 contiki-srf06-cc26xx.a(ctimer.o)
                0x0000000000003500                ctimer_init
 .text.ctimer_set_with_process
                0x0000000000003528       0x44 contiki-srf06-cc26xx.a(ctimer.o)
                0x0000000000003528                ctimer_set_with_process
 .text.ctimer_set
                0x000000000000356c       0x14 contiki-srf06-cc26xx.a(ctimer.o)
                0x000000000000356c                ctimer_set
 .text.ctimer_reset
                0x0000000000003580       0x38 contiki-srf06-cc26xx.a(ctimer.o)
                0x0000000000003580                ctimer_reset
 .text.ctimer_restart
                0x00000000000035b8       0x38 contiki-srf06-cc26xx.a(ctimer.o)
                0x00000000000035b8                ctimer_restart
 .text.ctimer_stop
                0x00000000000035f0       0x2c contiki-srf06-cc26xx.a(ctimer.o)
                0x00000000000035f0                ctimer_stop
 .text.update_time
                0x000000000000361c       0x44 contiki-srf06-cc26xx.a(etimer.o)
 .text.etimer_request_poll
                0x0000000000003660        0xc contiki-srf06-cc26xx.a(etimer.o)
                0x0000000000003660                etimer_request_poll
 .text.process_thread_etimer_process
                0x000000000000366c       0xac contiki-srf06-cc26xx.a(etimer.o)
 .text.add_timer
                0x0000000000003718       0x40 contiki-srf06-cc26xx.a(etimer.o)
 .text.etimer_pending
                0x0000000000003758       0x10 contiki-srf06-cc26xx.a(etimer.o)
                0x0000000000003758                etimer_pending
 .text.etimer_next_expiration_time
                0x0000000000003768       0x14 contiki-srf06-cc26xx.a(etimer.o)
                0x0000000000003768                etimer_next_expiration_time
 .text.etimer_stop
                0x000000000000377c       0x34 contiki-srf06-cc26xx.a(etimer.o)
                0x000000000000377c                etimer_stop
 .text.call_process.part.0
                0x00000000000037b0       0x38 contiki-srf06-cc26xx.a(process.o)
 .text.exit_process
                0x00000000000037e8       0x80 contiki-srf06-cc26xx.a(process.o)
 .text.do_poll  0x0000000000003868       0x30 contiki-srf06-cc26xx.a(process.o)
 .text.process_alloc_event
                0x0000000000003898       0x10 contiki-srf06-cc26xx.a(process.o)
                0x0000000000003898                process_alloc_event
 .text.process_init
                0x00000000000038a8       0x30 contiki-srf06-cc26xx.a(process.o)
                0x00000000000038a8                process_init
 .text.process_run
                0x00000000000038d8       0x88 contiki-srf06-cc26xx.a(process.o)
                0x00000000000038d8                process_run
 .text.process_nevents
                0x0000000000003960       0x14 contiki-srf06-cc26xx.a(process.o)
                0x0000000000003960                process_nevents
 .text.process_post
                0x0000000000003974       0x3c contiki-srf06-cc26xx.a(process.o)
                0x0000000000003974                process_post
 .text.process_post_synch
                0x00000000000039b0       0x14 contiki-srf06-cc26xx.a(process.o)
                0x00000000000039b0                process_post_synch
 .text.process_start
                0x00000000000039c4       0x30 contiki-srf06-cc26xx.a(process.o)
                0x00000000000039c4                process_start
 .text.process_poll
                0x00000000000039f4       0x18 contiki-srf06-cc26xx.a(process.o)
                0x00000000000039f4                process_poll
 .text.rtimer_set
                0x0000000000003a0c       0x24 contiki-srf06-cc26xx.a(rtimer.o)
                0x0000000000003a0c                rtimer_set
 .text.rtimer_run_next
                0x0000000000003a30       0x28 contiki-srf06-cc26xx.a(rtimer.o)
                0x0000000000003a30                rtimer_run_next
 .text.process_thread_serial_line_process
                0x0000000000003a58       0x98 contiki-srf06-cc26xx.a(serial-line.o)
 .text.serial_line_init
                0x0000000000003af0       0x24 contiki-srf06-cc26xx.a(serial-line.o)
                0x0000000000003af0                serial_line_init
 .text.uip_ds6_prefix_add
                0x0000000000003b14       0x64 contiki-srf06-cc26xx.a(uip-ds6.o)
                0x0000000000003b14                uip_ds6_prefix_add
 .text.uip_ds6_is_addr_onlink
                0x0000000000003b78       0x3c contiki-srf06-cc26xx.a(uip-ds6.o)
                0x0000000000003b78                uip_ds6_is_addr_onlink
 .text.uip_ds6_addr_lookup
                0x0000000000003bb4       0x2c contiki-srf06-cc26xx.a(uip-ds6.o)
                0x0000000000003bb4                uip_ds6_addr_lookup
 .text.uip_ds6_get_link_local
                0x0000000000003be0       0x3c contiki-srf06-cc26xx.a(uip-ds6.o)
                0x0000000000003be0                uip_ds6_get_link_local
 .text.uip_ds6_maddr_add
                0x0000000000003c1c       0x4c contiki-srf06-cc26xx.a(uip-ds6.o)
                0x0000000000003c1c                uip_ds6_maddr_add
 .text.uip_ds6_addr_add
                0x0000000000003c68       0x98 contiki-srf06-cc26xx.a(uip-ds6.o)
                0x0000000000003c68                uip_ds6_addr_add
 .text.uip_ds6_maddr_lookup
                0x0000000000003d00       0x2c contiki-srf06-cc26xx.a(uip-ds6.o)
                0x0000000000003d00                uip_ds6_maddr_lookup
 .text.uip_ds6_addr_rm
                0x0000000000003d2c       0x44 contiki-srf06-cc26xx.a(uip-ds6.o)
                0x0000000000003d2c                uip_ds6_addr_rm
 .text.uip_ds6_periodic
                0x0000000000003d70       0x48 contiki-srf06-cc26xx.a(uip-ds6.o)
                0x0000000000003d70                uip_ds6_periodic
 .text.uip_ds6_select_src
                0x0000000000003db8       0x94 contiki-srf06-cc26xx.a(uip-ds6.o)
                0x0000000000003db8                uip_ds6_select_src
 .text.uip_ds6_compute_reachable_time
                0x0000000000003e4c       0x2c contiki-srf06-cc26xx.a(uip-ds6.o)
                0x0000000000003e4c                uip_ds6_compute_reachable_time
 .text.uip_ds6_init
                0x0000000000003e78       0xe4 contiki-srf06-cc26xx.a(uip-ds6.o)
                0x0000000000003e78                uip_ds6_init
 .text.call_route_callback
                0x0000000000003f5c       0x54 contiki-srf06-cc26xx.a(uip-ds6-route.o)
 .text.uip_ds6_route_init
                0x0000000000003fb0       0x4c contiki-srf06-cc26xx.a(uip-ds6-route.o)
                0x0000000000003fb0                uip_ds6_route_init
 .text.uip_ds6_route_nexthop
                0x0000000000003ffc       0x1c contiki-srf06-cc26xx.a(uip-ds6-route.o)
                0x0000000000003ffc                uip_ds6_route_nexthop
 .text.uip_ds6_route_head
                0x0000000000004018        0xc contiki-srf06-cc26xx.a(uip-ds6-route.o)
                0x0000000000004018                uip_ds6_route_head
 .text.uip_ds6_route_is_nexthop
                0x0000000000004024       0x20 contiki-srf06-cc26xx.a(uip-ds6-route.o)
                0x0000000000004024                uip_ds6_route_is_nexthop
 .text.uip_ds6_route_lookup
                0x0000000000004044       0x64 contiki-srf06-cc26xx.a(uip-ds6-route.o)
                0x0000000000004044                uip_ds6_route_lookup
 .text.uip_ds6_route_rm
                0x00000000000040a8       0xa0 contiki-srf06-cc26xx.a(uip-ds6-route.o)
                0x00000000000040a8                uip_ds6_route_rm
 .text.rm_routelist
                0x0000000000004148       0x30 contiki-srf06-cc26xx.a(uip-ds6-route.o)
 .text.uip_ds6_route_add
                0x0000000000004178       0xf8 contiki-srf06-cc26xx.a(uip-ds6-route.o)
                0x0000000000004178                uip_ds6_route_add
 .text.uip_ds6_defrt_rm
                0x0000000000004270       0x44 contiki-srf06-cc26xx.a(uip-ds6-route.o)
                0x0000000000004270                uip_ds6_defrt_rm
 .text.uip_ds6_defrt_lookup
                0x00000000000042b4       0x2c contiki-srf06-cc26xx.a(uip-ds6-route.o)
                0x00000000000042b4                uip_ds6_defrt_lookup
 .text.uip_ds6_defrt_add
                0x00000000000042e0       0x64 contiki-srf06-cc26xx.a(uip-ds6-route.o)
                0x00000000000042e0                uip_ds6_defrt_add
 .text.uip_ds6_defrt_choose
                0x0000000000004344       0x30 contiki-srf06-cc26xx.a(uip-ds6-route.o)
                0x0000000000004344                uip_ds6_defrt_choose
 .text.uip_ds6_defrt_periodic
                0x0000000000004374       0x3c contiki-srf06-cc26xx.a(uip-ds6-route.o)
                0x0000000000004374                uip_ds6_defrt_periodic
 .text.upper_layer_chksum
                0x00000000000043b0       0x50 contiki-srf06-cc26xx.a(uip6.o)
 .text.ext_hdr_options_process
                0x0000000000004400       0xb8 contiki-srf06-cc26xx.a(uip6.o)
 .text.uip_add32
                0x00000000000044b8       0x54 contiki-srf06-cc26xx.a(uip6.o)
                0x00000000000044b8                uip_add32
 .text.unlikely.uip_add_rcv_nxt
                0x000000000000450c       0x30 contiki-srf06-cc26xx.a(uip6.o)
 .text.uip_init
                0x000000000000453c       0x60 contiki-srf06-cc26xx.a(uip6.o)
                0x000000000000453c                uip_init
 .text.remove_ext_hdr
                0x000000000000459c       0x50 contiki-srf06-cc26xx.a(uip6.o)
                0x000000000000459c                remove_ext_hdr
 .text.uip_unlisten
                0x00000000000045ec       0x20 contiki-srf06-cc26xx.a(uip6.o)
                0x00000000000045ec                uip_unlisten
 .text.uip_listen
                0x000000000000460c       0x1c contiki-srf06-cc26xx.a(uip6.o)
                0x000000000000460c                uip_listen
 .text.uip_process
                0x0000000000004628      0xcac contiki-srf06-cc26xx.a(uip6.o)
                0x0000000000004628                uip_process
 .text.uip_htonl
                0x00000000000052d4       0x1c contiki-srf06-cc26xx.a(uip6.o)
                0x00000000000052d4                uip_htonl
 .text.uip_send
                0x00000000000052f0       0x48 contiki-srf06-cc26xx.a(uip6.o)
                0x00000000000052f0                uip_send
 .text.uip_ds6_nbr_rm
                0x0000000000005338       0x20 contiki-srf06-cc26xx.a(uip-ds6-nbr.o)
                0x0000000000005338                uip_ds6_nbr_rm
 .text.uip_ds6_neighbors_init
                0x0000000000005358       0x1c contiki-srf06-cc26xx.a(uip-ds6-nbr.o)
                0x0000000000005358                uip_ds6_neighbors_init
 .text.uip_ds6_nbr_add
                0x0000000000005374       0x3c contiki-srf06-cc26xx.a(uip-ds6-nbr.o)
                0x0000000000005374                uip_ds6_nbr_add
 .text.uip_ds6_nbr_get_ll
                0x00000000000053b0       0x10 contiki-srf06-cc26xx.a(uip-ds6-nbr.o)
                0x00000000000053b0                uip_ds6_nbr_get_ll
 .text.uip_ds6_nbr_lookup
                0x00000000000053c0       0x38 contiki-srf06-cc26xx.a(uip-ds6-nbr.o)
                0x00000000000053c0                uip_ds6_nbr_lookup
 .text.uip_ds6_nbr_ll_lookup
                0x00000000000053f8       0x10 contiki-srf06-cc26xx.a(uip-ds6-nbr.o)
                0x00000000000053f8                uip_ds6_nbr_ll_lookup
 .text.uip_ds6_link_neighbor_callback
                0x0000000000005408       0x34 contiki-srf06-cc26xx.a(uip-ds6-nbr.o)
                0x0000000000005408                uip_ds6_link_neighbor_callback
 .text.ns_input
                0x000000000000543c      0x278 contiki-srf06-cc26xx.a(uip-nd6.o)
 .text.uip_nd6_init
                0x00000000000056b4        0xc contiki-srf06-cc26xx.a(uip-nd6.o)
                0x00000000000056b4                uip_nd6_init
 .text.clear_fragments
                0x00000000000056c0       0x3c contiki-srf06-cc26xx.a(sicslowpan.o)
 .text.sicslowpan_init
                0x00000000000056fc       0x24 contiki-srf06-cc26xx.a(sicslowpan.o)
                0x00000000000056fc                sicslowpan_init
 .text.compress_addr_64
                0x0000000000005720       0x90 contiki-srf06-cc26xx.a(sicslowpan.o)
 .text.set_packet_attrs
                0x00000000000057b0       0x40 contiki-srf06-cc26xx.a(sicslowpan.o)
 .text.addr_context_lookup_by_prefix
                0x00000000000057f0       0x28 contiki-srf06-cc26xx.a(sicslowpan.o)
 .text.send_packet
                0x0000000000005818       0x24 contiki-srf06-cc26xx.a(sicslowpan.o)
 .text.packet_sent
                0x000000000000583c       0x28 contiki-srf06-cc26xx.a(sicslowpan.o)
 .text.store_fragment
                0x0000000000005864       0x64 contiki-srf06-cc26xx.a(sicslowpan.o)
 .text.uncompress_addr
                0x00000000000058c8       0x90 contiki-srf06-cc26xx.a(sicslowpan.o)
 .text.output   0x0000000000005958      0x6f8 contiki-srf06-cc26xx.a(sicslowpan.o)
 .text.add_fragment
                0x0000000000006050      0x148 contiki-srf06-cc26xx.a(sicslowpan.o)
 .text.input    0x0000000000006198      0x574 contiki-srf06-cc26xx.a(sicslowpan.o)
 .text.psock_send
                0x000000000000670c       0x94 contiki-srf06-cc26xx.a(psock.o)
                0x000000000000670c                psock_send
 .text.psock_newdata
                0x00000000000067a0       0x28 contiki-srf06-cc26xx.a(psock.o)
                0x00000000000067a0                psock_newdata
 .text.psock_readto
                0x00000000000067c8       0x98 contiki-srf06-cc26xx.a(psock.o)
                0x00000000000067c8                psock_readto
 .text.start_periodic_tcp_timer
                0x0000000000006860       0x1c contiki-srf06-cc26xx.a(tcpip.o)
 .text.tcpip_output
                0x000000000000687c       0x10 contiki-srf06-cc26xx.a(tcpip.o)
                0x000000000000687c                tcpip_output
 .text.tcpip_set_outputfunc
                0x000000000000688c        0xc contiki-srf06-cc26xx.a(tcpip.o)
                0x000000000000688c                tcpip_set_outputfunc
 .text.tcp_listen
                0x0000000000006898       0x2c contiki-srf06-cc26xx.a(tcpip.o)
                0x0000000000006898                tcp_listen
 .text.tcp_attach
                0x00000000000068c4       0x10 contiki-srf06-cc26xx.a(tcpip.o)
                0x00000000000068c4                tcp_attach
 .text.tcpip_icmp6_call
                0x00000000000068d4       0x28 contiki-srf06-cc26xx.a(tcpip.o)
                0x00000000000068d4                tcpip_icmp6_call
 .text.tcpip_input
                0x00000000000068fc       0x24 contiki-srf06-cc26xx.a(tcpip.o)
                0x00000000000068fc                tcpip_input
 .text.tcpip_ipv6_output
                0x0000000000006920       0xe4 contiki-srf06-cc26xx.a(tcpip.o)
                0x0000000000006920                tcpip_ipv6_output
 .text.process_thread_tcpip_process
                0x0000000000006a04      0x1c4 contiki-srf06-cc26xx.a(tcpip.o)
 .text.tcpip_uipcall
                0x0000000000006bc8       0x68 contiki-srf06-cc26xx.a(tcpip.o)
                0x0000000000006bc8                tcpip_uipcall
 .text.uip_debug_ipaddr_print
                0x0000000000006c30       0xac contiki-srf06-cc26xx.a(uip-debug.o)
                0x0000000000006c30                uip_debug_ipaddr_print
 .text.update_hbh_header
                0x0000000000006cdc       0xc8 contiki-srf06-cc26xx.a(rpl-ext-header.)
 .text.insert_hbh_header
                0x0000000000006da4       0xa4 contiki-srf06-cc26xx.a(rpl-ext-header.)
 .text.rpl_verify_hbh_header
                0x0000000000006e48       0xfc contiki-srf06-cc26xx.a(rpl-ext-header.)
                0x0000000000006e48                rpl_verify_hbh_header
 .text.rpl_remove_header
                0x0000000000006f44       0x74 contiki-srf06-cc26xx.a(rpl-ext-header.)
                0x0000000000006f44                rpl_remove_header
 .text.rpl_update_header
                0x0000000000006fb8       0x6c contiki-srf06-cc26xx.a(rpl-ext-header.)
                0x0000000000006fb8                rpl_update_header
 .text.rpl_get_mode
                0x0000000000007024        0xc contiki-srf06-cc26xx.a(rpl.o)
                0x0000000000007024                rpl_get_mode
 .text.rpl_purge_routes
                0x0000000000007030       0x6c contiki-srf06-cc26xx.a(rpl.o)
                0x0000000000007030                rpl_purge_routes
 .text.rpl_link_neighbor_callback
                0x000000000000709c       0x3c contiki-srf06-cc26xx.a(rpl.o)
                0x000000000000709c                rpl_link_neighbor_callback
 .text.rpl_ipv6_neighbor_callback
                0x00000000000070d8       0x28 contiki-srf06-cc26xx.a(rpl.o)
                0x00000000000070d8                rpl_ipv6_neighbor_callback
 .text.rpl_purge_dags
                0x0000000000007100       0x58 contiki-srf06-cc26xx.a(rpl.o)
                0x0000000000007100                rpl_purge_dags
 .text.rpl_init
                0x0000000000007158       0x34 contiki-srf06-cc26xx.a(rpl.o)
                0x0000000000007158                rpl_init
 .text.dao_ack_input
                0x000000000000718c       0x14 contiki-srf06-cc26xx.a(rpl-icmp6.o)
 .text.dio_input
                0x00000000000071a0      0x244 contiki-srf06-cc26xx.a(rpl-icmp6.o)
 .text.dao_input
                0x00000000000073e4      0x274 contiki-srf06-cc26xx.a(rpl-icmp6.o)
 .text.dis_output
                0x0000000000007658       0x3c contiki-srf06-cc26xx.a(rpl-icmp6.o)
                0x0000000000007658                dis_output
 .text.dio_output
                0x0000000000007694      0x1fc contiki-srf06-cc26xx.a(rpl-icmp6.o)
                0x0000000000007694                dio_output
 .text.dis_input
                0x0000000000007890       0x50 contiki-srf06-cc26xx.a(rpl-icmp6.o)
 .text.dao_output_target
                0x00000000000078e0      0x100 contiki-srf06-cc26xx.a(rpl-icmp6.o)
                0x00000000000078e0                dao_output_target
 .text.dao_output
                0x00000000000079e0       0x90 contiki-srf06-cc26xx.a(rpl-icmp6.o)
                0x00000000000079e0                dao_output
 .text.rpl_icmp6_register_handlers
                0x0000000000007a70       0x30 contiki-srf06-cc26xx.a(rpl-icmp6.o)
                0x0000000000007a70                rpl_icmp6_register_handlers
 .text.rpl_set_preferred_parent
                0x0000000000007aa0       0x28 contiki-srf06-cc26xx.a(rpl-dag.o)
 .text.set_ip_from_prefix
                0x0000000000007ac8       0x28 contiki-srf06-cc26xx.a(rpl-dag.o)
 .text.find_parent_any_dag_any_instance
                0x0000000000007af0       0x1c contiki-srf06-cc26xx.a(rpl-dag.o)
 .text.rpl_dag_init
                0x0000000000007b0c       0x14 contiki-srf06-cc26xx.a(rpl-dag.o)
                0x0000000000007b0c                rpl_dag_init
 .text.rpl_get_parent
                0x0000000000007b20       0x10 contiki-srf06-cc26xx.a(rpl-dag.o)
                0x0000000000007b20                rpl_get_parent
 .text.rpl_get_parent_lladdr
                0x0000000000007b30       0x10 contiki-srf06-cc26xx.a(rpl-dag.o)
                0x0000000000007b30                rpl_get_parent_lladdr
 .text.best_parent
                0x0000000000007b40       0x7c contiki-srf06-cc26xx.a(rpl-dag.o)
 .text.rpl_alloc_instance
                0x0000000000007bbc       0x34 contiki-srf06-cc26xx.a(rpl-dag.o)
                0x0000000000007bbc                rpl_alloc_instance
 .text.rpl_add_parent
                0x0000000000007bf0       0x30 contiki-srf06-cc26xx.a(rpl-dag.o)
                0x0000000000007bf0                rpl_add_parent
 .text.rpl_remove_parent
                0x0000000000007c20       0x1c contiki-srf06-cc26xx.a(rpl-dag.o)
                0x0000000000007c20                rpl_remove_parent
 .text.remove_parents.constprop.8
                0x0000000000007c3c       0x2c contiki-srf06-cc26xx.a(rpl-dag.o)
 .text.rpl_get_dag
                0x0000000000007c68       0x54 contiki-srf06-cc26xx.a(rpl-dag.o)
                0x0000000000007c68                rpl_get_dag
 .text.rpl_get_any_dag
                0x0000000000007cbc       0x18 contiki-srf06-cc26xx.a(rpl-dag.o)
                0x0000000000007cbc                rpl_get_any_dag
 .text.rpl_get_instance
                0x0000000000007cd4       0x20 contiki-srf06-cc26xx.a(rpl-dag.o)
                0x0000000000007cd4                rpl_get_instance
 .text.rpl_find_of
                0x0000000000007cf4       0x14 contiki-srf06-cc26xx.a(rpl-dag.o)
                0x0000000000007cf4                rpl_find_of
 .text.rpl_set_root
                0x0000000000007d08      0x104 contiki-srf06-cc26xx.a(rpl-dag.o)
                0x0000000000007d08                rpl_set_root
 .text.rpl_join_instance
                0x0000000000007e0c      0x130 contiki-srf06-cc26xx.a(rpl-dag.o)
                0x0000000000007e0c                rpl_join_instance
 .text.rpl_local_repair
                0x0000000000007f3c       0x78 contiki-srf06-cc26xx.a(rpl-dag.o)
                0x0000000000007f3c                rpl_local_repair
 .text.rpl_recalculate_ranks
                0x0000000000007fb4       0x3c contiki-srf06-cc26xx.a(rpl-dag.o)
                0x0000000000007fb4                rpl_recalculate_ranks
 .text.NOROM_PowerCtrlSourceSet
                0x0000000000007ff0       0x2c contiki-srf06-cc26xx.a(pwr_ctrl.o)
                0x0000000000007ff0                NOROM_PowerCtrlSourceSet
 .text.NOROM_AONRTCCurrentCompareValueGet
                0x000000000000801c       0x20 contiki-srf06-cc26xx.a(aon_rtc.o)
                0x000000000000801c                NOROM_AONRTCCurrentCompareValueGet
 .text.NOROM_TRNGConfigure
                0x000000000000803c       0x38 contiki-srf06-cc26xx.a(trng.o)
                0x000000000000803c                NOROM_TRNGConfigure
 .text.SafeHapiVoid
                0x0000000000008074       0x28 contiki-srf06-cc26xx.a(adi.o)
                0x0000000000008074                SafeHapiVoid
 .text.NOROM_ChipInfo_GetSupportedProtocol_BV
                0x000000000000809c       0x10 contiki-srf06-cc26xx.a(chipinfo.o)
                0x000000000000809c                NOROM_ChipInfo_GetSupportedProtocol_BV
 .text.NOROM_ChipInfo_GetChipFamily
                0x00000000000080ac       0x4c contiki-srf06-cc26xx.a(chipinfo.o)
                0x00000000000080ac                NOROM_ChipInfo_GetChipFamily
 .text.NOROM_ChipInfo_GetChipType
                0x00000000000080f8       0x50 contiki-srf06-cc26xx.a(chipinfo.o)
                0x00000000000080f8                NOROM_ChipInfo_GetChipType
 .text.NOROM_ChipInfo_GetHwRevision
                0x0000000000008148       0x70 contiki-srf06-cc26xx.a(chipinfo.o)
                0x0000000000008148                NOROM_ChipInfo_GetHwRevision
 .text.TrimAfterColdResetWakeupFromShutDown
                0x00000000000081b8       0xd8 contiki-srf06-cc26xx.a(setup.o)
 .text.NOROM_SetupTrimDevice
                0x0000000000008290       0xa4 contiki-srf06-cc26xx.a(setup.o)
                0x0000000000008290                NOROM_SetupTrimDevice
 .text.AuxAdiDdiSafeWrite.constprop.1
                0x0000000000008334       0x28 contiki-srf06-cc26xx.a(ddi.o)
 .text.NOROM_DDI16BitfieldRead
                0x000000000000835c       0x40 contiki-srf06-cc26xx.a(ddi.o)
                0x000000000000835c                NOROM_DDI16BitfieldRead
 .text.NOROM_SysCtrlSetRechargeBeforePowerDown
                0x000000000000839c      0x1ec contiki-srf06-cc26xx.a(sys_ctrl.o)
                0x000000000000839c                NOROM_SysCtrlSetRechargeBeforePowerDown
 .text.NOROM_SysCtrlAdjustRechargeAfterPowerDown
                0x0000000000008588       0x60 contiki-srf06-cc26xx.a(sys_ctrl.o)
                0x0000000000008588                NOROM_SysCtrlAdjustRechargeAfterPowerDown
 .text.NOROM_SysCtrl_DCDC_VoltageConditionalControl
                0x00000000000085e8       0x78 contiki-srf06-cc26xx.a(sys_ctrl.o)
                0x00000000000085e8                NOROM_SysCtrl_DCDC_VoltageConditionalControl
 .text.NOROM_OSCClockSourceSet
                0x0000000000008660       0x4c contiki-srf06-cc26xx.a(osc.o)
                0x0000000000008660                NOROM_OSCClockSourceSet
 .text.NOROM_OSCClockSourceGet
                0x00000000000086ac       0x20 contiki-srf06-cc26xx.a(osc.o)
                0x00000000000086ac                NOROM_OSCClockSourceGet
 .text.queuebuf_init
                0x00000000000086cc       0x1c contiki-srf06-cc26xx.a(queuebuf.o)
                0x00000000000086cc                queuebuf_init
 .text.queuebuf_numfree
                0x00000000000086e8        0xc contiki-srf06-cc26xx.a(queuebuf.o)
                0x00000000000086e8                queuebuf_numfree
 .text.queuebuf_new_from_packetbuf
                0x00000000000086f4       0x44 contiki-srf06-cc26xx.a(queuebuf.o)
                0x00000000000086f4                queuebuf_new_from_packetbuf
 .text.queuebuf_free
                0x0000000000008738       0x2c contiki-srf06-cc26xx.a(queuebuf.o)
                0x0000000000008738                queuebuf_free
 .text.queuebuf_to_packetbuf
                0x0000000000008764       0x30 contiki-srf06-cc26xx.a(queuebuf.o)
                0x0000000000008764                queuebuf_to_packetbuf
 .text.key_from_index
                0x0000000000008794       0x18 contiki-srf06-cc26xx.a(nbr-table.o)
 .text.index_from_key
                0x00000000000087ac       0x20 contiki-srf06-cc26xx.a(nbr-table.o)
 .text.index_from_lladdr
                0x00000000000087cc       0x40 contiki-srf06-cc26xx.a(nbr-table.o)
 .text.nbr_get_bit.constprop.0
                0x000000000000880c       0x24 contiki-srf06-cc26xx.a(nbr-table.o)
 .text.remove_key
                0x0000000000008830       0x60 contiki-srf06-cc26xx.a(nbr-table.o)
 .text.nbr_table_register
                0x0000000000008890       0x28 contiki-srf06-cc26xx.a(nbr-table.o)
                0x0000000000008890                nbr_table_register
 .text.nbr_table_head
                0x00000000000088b8       0x38 contiki-srf06-cc26xx.a(nbr-table.o)
                0x00000000000088b8                nbr_table_head
 .text.nbr_table_add_lladdr
                0x00000000000088f0       0xf8 contiki-srf06-cc26xx.a(nbr-table.o)
                0x00000000000088f0                nbr_table_add_lladdr
 .text.nbr_table_remove
                0x00000000000089e8       0x2c contiki-srf06-cc26xx.a(nbr-table.o)
                0x00000000000089e8                nbr_table_remove
 .text.nbr_table_lock
                0x0000000000008a14       0x10 contiki-srf06-cc26xx.a(nbr-table.o)
                0x0000000000008a14                nbr_table_lock
 .text.nbr_table_unlock
                0x0000000000008a24       0x10 contiki-srf06-cc26xx.a(nbr-table.o)
                0x0000000000008a24                nbr_table_unlock
 .text.packetbuf_hdrreduce
                0x0000000000008a34       0x28 contiki-srf06-cc26xx.a(packetbuf.o)
                0x0000000000008a34                packetbuf_hdrreduce
 .text.packetbuf_set_datalen
                0x0000000000008a5c        0xc contiki-srf06-cc26xx.a(packetbuf.o)
                0x0000000000008a5c                packetbuf_set_datalen
 .text.packetbuf_hdrptr
                0x0000000000008a68        0x8 contiki-srf06-cc26xx.a(packetbuf.o)
                0x0000000000008a68                packetbuf_hdrptr
 .text.packetbuf_datalen
                0x0000000000008a70        0xc contiki-srf06-cc26xx.a(packetbuf.o)
                0x0000000000008a70                packetbuf_datalen
 .text.packetbuf_hdrlen
                0x0000000000008a7c       0x18 contiki-srf06-cc26xx.a(packetbuf.o)
                0x0000000000008a7c                packetbuf_hdrlen
 .text.packetbuf_dataptr
                0x0000000000008a94       0x10 contiki-srf06-cc26xx.a(packetbuf.o)
                0x0000000000008a94                packetbuf_dataptr
 .text.packetbuf_copyto
                0x0000000000008aa4       0x40 contiki-srf06-cc26xx.a(packetbuf.o)
                0x0000000000008aa4                packetbuf_copyto
 .text.packetbuf_totlen
                0x0000000000008ae4       0x14 contiki-srf06-cc26xx.a(packetbuf.o)
                0x0000000000008ae4                packetbuf_totlen
 .text.packetbuf_hdralloc
                0x0000000000008af8       0x3c contiki-srf06-cc26xx.a(packetbuf.o)
                0x0000000000008af8                packetbuf_hdralloc
 .text.packetbuf_attr_clear
                0x0000000000008b34       0x34 contiki-srf06-cc26xx.a(packetbuf.o)
                0x0000000000008b34                packetbuf_attr_clear
 .text.packetbuf_clear
                0x0000000000008b68       0x20 contiki-srf06-cc26xx.a(packetbuf.o)
                0x0000000000008b68                packetbuf_clear
 .text.packetbuf_copyfrom
                0x0000000000008b88       0x2c contiki-srf06-cc26xx.a(packetbuf.o)
                0x0000000000008b88                packetbuf_copyfrom
 .text.packetbuf_attr_copyto
                0x0000000000008bb4       0x34 contiki-srf06-cc26xx.a(packetbuf.o)
                0x0000000000008bb4                packetbuf_attr_copyto
 .text.packetbuf_attr_copyfrom
                0x0000000000008be8       0x34 contiki-srf06-cc26xx.a(packetbuf.o)
                0x0000000000008be8                packetbuf_attr_copyfrom
 .text.packetbuf_set_attr
                0x0000000000008c1c       0x10 contiki-srf06-cc26xx.a(packetbuf.o)
                0x0000000000008c1c                packetbuf_set_attr
 .text.packetbuf_attr
                0x0000000000008c2c        0xc contiki-srf06-cc26xx.a(packetbuf.o)
                0x0000000000008c2c                packetbuf_attr
 .text.packetbuf_set_addr
                0x0000000000008c38       0x18 contiki-srf06-cc26xx.a(packetbuf.o)
                0x0000000000008c38                packetbuf_set_addr
 .text.packetbuf_addr
                0x0000000000008c50       0x10 contiki-srf06-cc26xx.a(packetbuf.o)
                0x0000000000008c50                packetbuf_addr
 .text.packetbuf_holds_broadcast
                0x0000000000008c60       0x10 contiki-srf06-cc26xx.a(packetbuf.o)
                0x0000000000008c60                packetbuf_holds_broadcast
 .text.netstack_init
                0x0000000000008c70       0x38 contiki-srf06-cc26xx.a(netstack.o)
                0x0000000000008c70                netstack_init
 .text.periodic
                0x0000000000008ca8       0x2c contiki-srf06-cc26xx.a(link-stats.o)
 .text.link_stats_from_lladdr
                0x0000000000008cd4        0xc contiki-srf06-cc26xx.a(link-stats.o)
                0x0000000000008cd4                link_stats_from_lladdr
 .text.link_stats_packet_sent
                0x0000000000008ce0       0x78 contiki-srf06-cc26xx.a(link-stats.o)
                0x0000000000008ce0                link_stats_packet_sent
 .text.link_stats_input_callback
                0x0000000000008d58       0x4c contiki-srf06-cc26xx.a(link-stats.o)
                0x0000000000008d58                link_stats_input_callback
 .text.link_stats_init
                0x0000000000008da4       0x28 contiki-srf06-cc26xx.a(link-stats.o)
                0x0000000000008da4                link_stats_init
 .text.create_frame.isra.0
                0x0000000000008dcc      0x130 contiki-srf06-cc26xx.a(framer-802154.o)
 .text.input_packet
                0x0000000000008efc        0xc contiki-srf06-cc26xx.a(csma.o)
 .text.on       0x0000000000008f08        0xc contiki-srf06-cc26xx.a(csma.o)
 .text.off      0x0000000000008f14        0xc contiki-srf06-cc26xx.a(csma.o)
 .text.channel_check_interval
                0x0000000000008f20       0x10 contiki-srf06-cc26xx.a(csma.o)
 .text.schedule_transmission
                0x0000000000008f30       0x4c contiki-srf06-cc26xx.a(csma.o)
 .text.send_packet
                0x0000000000008f7c      0x138 contiki-srf06-cc26xx.a(csma.o)
 .text.init     0x00000000000090b4       0x24 contiki-srf06-cc26xx.a(csma.o)
 .text.transmit_packet_list
                0x00000000000090d8       0x30 contiki-srf06-cc26xx.a(csma.o)
 .text.tx_done  0x0000000000009108       0x7c contiki-srf06-cc26xx.a(csma.o)
 .text.packet_sent
                0x0000000000009184       0xdc contiki-srf06-cc26xx.a(csma.o)
 .text.init     0x0000000000009260       0x40 contiki-srf06-cc26xx.a(contikimac.o)
 .text.on       0x00000000000092a0       0x2c contiki-srf06-cc26xx.a(contikimac.o)
 .text.off      0x00000000000092cc       0x38 contiki-srf06-cc26xx.a(contikimac.o)
 .text.recv_burst_off
                0x0000000000009304       0x14 contiki-srf06-cc26xx.a(contikimac.o)
 .text.powercycle_turn_radio_off
                0x0000000000009318       0x1c contiki-srf06-cc26xx.a(contikimac.o)
 .text.turn_off
                0x0000000000009334       0x38 contiki-srf06-cc26xx.a(contikimac.o)
 .text.turn_on  0x000000000000936c       0x40 contiki-srf06-cc26xx.a(contikimac.o)
 .text.schedule_powercycle_fixed
                0x00000000000093ac       0x38 contiki-srf06-cc26xx.a(contikimac.o)
 .text.input_packet
                0x00000000000093e4       0xa4 contiki-srf06-cc26xx.a(contikimac.o)
 .text.send_packet.isra.8
                0x0000000000009488      0x1f8 contiki-srf06-cc26xx.a(contikimac.o)
 .text.qsend_list
                0x0000000000009680       0xdc contiki-srf06-cc26xx.a(contikimac.o)
 .text.powercycle_wrapper
                0x000000000000975c      0x1e4 contiki-srf06-cc26xx.a(contikimac.o)
 .text.input    0x0000000000009940        0xc contiki-srf06-cc26xx.a(nullsec.o)
 .text.send     0x000000000000994c       0x20 contiki-srf06-cc26xx.a(nullsec.o)
 .text.aux_ctrl_power_up
                0x000000000000996c       0x28 contiki-srf06-cc26xx.a(aux-ctrl.o)
                0x000000000000996c                aux_ctrl_power_up
 .text.aux_ctrl_register_consumer
                0x0000000000009994       0x40 contiki-srf06-cc26xx.a(aux-ctrl.o)
                0x0000000000009994                aux_ctrl_register_consumer
 .text.aux_ctrl_power_down
                0x00000000000099d4       0x64 contiki-srf06-cc26xx.a(aux-ctrl.o)
                0x00000000000099d4                aux_ctrl_power_down
 .text.aux_ctrl_unregister_consumer
                0x0000000000009a38       0x28 contiki-srf06-cc26xx.a(aux-ctrl.o)
                0x0000000000009a38                aux_ctrl_unregister_consumer
 .text.process_thread_rf_core_process
                0x0000000000009a60       0x54 contiki-srf06-cc26xx.a(rf-core.o)
 .text.rf_core_is_accessible
                0x0000000000009ab4       0x10 contiki-srf06-cc26xx.a(rf-core.o)
                0x0000000000009ab4                rf_core_is_accessible
 .text.rf_core_send_cmd
                0x0000000000009ac4       0x80 contiki-srf06-cc26xx.a(rf-core.o)
                0x0000000000009ac4                rf_core_send_cmd
 .text.rf_core_wait_cmd_done
                0x0000000000009b44       0x2c contiki-srf06-cc26xx.a(rf-core.o)
                0x0000000000009b44                rf_core_wait_cmd_done
 .text.rf_core_power_up
                0x0000000000009b70       0xbc contiki-srf06-cc26xx.a(rf-core.o)
                0x0000000000009b70                rf_core_power_up
 .text.rf_core_set_modesel
                0x0000000000009c2c       0x38 contiki-srf06-cc26xx.a(rf-core.o)
                0x0000000000009c2c                rf_core_set_modesel
 .text.rf_core_setup_interrupts
                0x0000000000009c64       0x64 contiki-srf06-cc26xx.a(rf-core.o)
                0x0000000000009c64                rf_core_setup_interrupts
 .text.rf_core_cmd_done_en
                0x0000000000009cc8       0x28 contiki-srf06-cc26xx.a(rf-core.o)
                0x0000000000009cc8                rf_core_cmd_done_en
 .text.rf_core_cmd_done_dis
                0x0000000000009cf0       0x18 contiki-srf06-cc26xx.a(rf-core.o)
                0x0000000000009cf0                rf_core_cmd_done_dis
 .text.rf_core_get_last_radio_op
                0x0000000000009d08        0xc contiki-srf06-cc26xx.a(rf-core.o)
                0x0000000000009d08                rf_core_get_last_radio_op
 .text.rf_core_start_rat
                0x0000000000009d14       0x3c contiki-srf06-cc26xx.a(rf-core.o)
                0x0000000000009d14                rf_core_start_rat
 .text.rf_core_stop_rat
                0x0000000000009d50       0x48 contiki-srf06-cc26xx.a(rf-core.o)
                0x0000000000009d50                rf_core_stop_rat
 .text.rf_core_power_down
                0x0000000000009d98       0xbc contiki-srf06-cc26xx.a(rf-core.o)
                0x0000000000009d98                rf_core_power_down
 .text.rf_core_primary_mode_register
                0x0000000000009e54        0xc contiki-srf06-cc26xx.a(rf-core.o)
                0x0000000000009e54                rf_core_primary_mode_register
 .text.RFCCPE1IntHandler
                0x0000000000009e60       0x20 contiki-srf06-cc26xx.a(rf-core.o)
                0x0000000000009e60                RFCCPE1IntHandler
 .text.RFCCPE0IntHandler
                0x0000000000009e80       0x54 contiki-srf06-cc26xx.a(rf-core.o)
                0x0000000000009e80                RFCCPE0IntHandler
 .text.rf_ble_is_active
                0x0000000000009ed4        0xc contiki-srf06-cc26xx.a(rf-ble.o)
                0x0000000000009ed4                rf_ble_is_active
 .text.stimer_expired
                0x0000000000009ee0       0x20 contiki-srf06-cc26xx.a(stimer.o)
                0x0000000000009ee0                stimer_expired
 .text.echo_reply_input
                0x0000000000009f00       0xa0 contiki-srf06-cc26xx.a(uip-icmp6.o)
 .text.echo_request_input
                0x0000000000009fa0       0xd0 contiki-srf06-cc26xx.a(uip-icmp6.o)
 .text.uip_icmp6_input
                0x000000000000a070       0x38 contiki-srf06-cc26xx.a(uip-icmp6.o)
                0x000000000000a070                uip_icmp6_input
 .text.uip_icmp6_register_input_handler
                0x000000000000a0a8        0xc contiki-srf06-cc26xx.a(uip-icmp6.o)
                0x000000000000a0a8                uip_icmp6_register_input_handler
 .text.uip_icmp6_error_output
                0x000000000000a0b4      0x148 contiki-srf06-cc26xx.a(uip-icmp6.o)
                0x000000000000a0b4                uip_icmp6_error_output
 .text.uip_icmp6_send
                0x000000000000a1fc       0x8c contiki-srf06-cc26xx.a(uip-icmp6.o)
                0x000000000000a1fc                uip_icmp6_send
 .text.uip_icmp6_init
                0x000000000000a288       0x1c contiki-srf06-cc26xx.a(uip-icmp6.o)
                0x000000000000a288                uip_icmp6_init
 .text.update_nbr
                0x000000000000a2a4       0xe8 contiki-srf06-cc26xx.a(rpl-nbr-policy.)
 .text.handle_periodic_timer
                0x000000000000a38c       0x14 contiki-srf06-cc26xx.a(rpl-nbr-policy.)
 .text.find_removable_dis
                0x000000000000a3a0       0x20 contiki-srf06-cc26xx.a(rpl-nbr-policy.)
                0x000000000000a3a0                find_removable_dis
 .text.find_removable_dio
                0x000000000000a3c0       0x3c contiki-srf06-cc26xx.a(rpl-nbr-policy.)
                0x000000000000a3c0                find_removable_dio
 .text.find_removable_dao
                0x000000000000a3fc       0x38 contiki-srf06-cc26xx.a(rpl-nbr-policy.)
                0x000000000000a3fc                find_removable_dao
 .text.rpl_nbr_policy_find_removable
                0x000000000000a434       0x28 contiki-srf06-cc26xx.a(rpl-nbr-policy.)
                0x000000000000a434                rpl_nbr_policy_find_removable
 .text.new_dio_interval
                0x000000000000a45c       0x5c contiki-srf06-cc26xx.a(rpl-timers.o)
 .text.handle_periodic_timer
                0x000000000000a4b8       0x4c contiki-srf06-cc26xx.a(rpl-timers.o)
 .text.handle_dio_timer
                0x000000000000a504       0x80 contiki-srf06-cc26xx.a(rpl-timers.o)
 .text.set_dao_lifetime_timer.part.1
                0x000000000000a584       0x3c contiki-srf06-cc26xx.a(rpl-timers.o)
 .text.handle_dao_timer
                0x000000000000a5c0       0x60 contiki-srf06-cc26xx.a(rpl-timers.o)
 .text.schedule_dao
                0x000000000000a620       0x58 contiki-srf06-cc26xx.a(rpl-timers.o)
 .text.rpl_reset_periodic_timer
                0x000000000000a678       0x34 contiki-srf06-cc26xx.a(rpl-timers.o)
                0x000000000000a678                rpl_reset_periodic_timer
 .text.rpl_schedule_unicast_dio_immediately
                0x000000000000a6ac       0x14 contiki-srf06-cc26xx.a(rpl-timers.o)
                0x000000000000a6ac                rpl_schedule_unicast_dio_immediately
 .text.get_probing_target
                0x000000000000a6c0       0xc4 contiki-srf06-cc26xx.a(rpl-timers.o)
                0x000000000000a6c0                get_probing_target
 .text.rpl_schedule_probing
                0x000000000000a784       0x20 contiki-srf06-cc26xx.a(rpl-timers.o)
                0x000000000000a784                rpl_schedule_probing
 .text.NOROM_SetupAfterColdResetWakeupFromShutDownCfg1
                0x000000000000a7a4       0x74 contiki-srf06-cc26xx.a(setup_rom.o)
                0x000000000000a7a4                NOROM_SetupAfterColdResetWakeupFromShutDownCfg1
 .text.NOROM_SetupGetTrimForAnabypassValue1
                0x000000000000a818       0x5c contiki-srf06-cc26xx.a(setup_rom.o)
                0x000000000000a818                NOROM_SetupGetTrimForAnabypassValue1
 .text.NOROM_SetupGetTrimForRcOscLfRtuneCtuneTrim
                0x000000000000a874       0x18 contiki-srf06-cc26xx.a(setup_rom.o)
                0x000000000000a874                NOROM_SetupGetTrimForRcOscLfRtuneCtuneTrim
 .text.NOROM_SetupGetTrimForAmpcompCtrl
                0x000000000000a88c       0x54 contiki-srf06-cc26xx.a(setup_rom.o)
                0x000000000000a88c                NOROM_SetupGetTrimForAmpcompCtrl
 .text.NOROM_SetupGetTrimForDblrLoopFilterResetVoltage
                0x000000000000a8e0       0x14 contiki-srf06-cc26xx.a(setup_rom.o)
                0x000000000000a8e0                NOROM_SetupGetTrimForDblrLoopFilterResetVoltage
 .text.NOROM_SetupGetTrimForAdcShModeEn
                0x000000000000a8f4       0x14 contiki-srf06-cc26xx.a(setup_rom.o)
                0x000000000000a8f4                NOROM_SetupGetTrimForAdcShModeEn
 .text.NOROM_SetupGetTrimForAdcShVbufEn
                0x000000000000a908       0x14 contiki-srf06-cc26xx.a(setup_rom.o)
                0x000000000000a908                NOROM_SetupGetTrimForAdcShVbufEn
 .text.NOROM_SetupGetTrimForXoscHfCtl
                0x000000000000a91c       0x28 contiki-srf06-cc26xx.a(setup_rom.o)
                0x000000000000a91c                NOROM_SetupGetTrimForXoscHfCtl
 .text.NOROM_SetupGetTrimForXoscHfFastStart
                0x000000000000a944       0x10 contiki-srf06-cc26xx.a(setup_rom.o)
                0x000000000000a944                NOROM_SetupGetTrimForXoscHfFastStart
 .text.NOROM_SetupGetTrimForRadcExtCfg
                0x000000000000a954       0x28 contiki-srf06-cc26xx.a(setup_rom.o)
                0x000000000000a954                NOROM_SetupGetTrimForRadcExtCfg
 .text.NOROM_SetupGetTrimForRcOscLfIBiasTrim
                0x000000000000a97c       0x14 contiki-srf06-cc26xx.a(setup_rom.o)
                0x000000000000a97c                NOROM_SetupGetTrimForRcOscLfIBiasTrim
 .text.NOROM_SetupGetTrimForXoscLfRegulatorAndCmirrwrRatio
                0x000000000000a990       0x14 contiki-srf06-cc26xx.a(setup_rom.o)
                0x000000000000a990                NOROM_SetupGetTrimForXoscLfRegulatorAndCmirrwrRatio
 .text.NOROM_SetupAfterColdResetWakeupFromShutDownCfg2
                0x000000000000a9a4      0x11c contiki-srf06-cc26xx.a(setup_rom.o)
                0x000000000000a9a4                NOROM_SetupAfterColdResetWakeupFromShutDownCfg2
 .text.NOROM_SetupSetCacheModeAccordingToCcfgSetting
                0x000000000000aac0       0x6c contiki-srf06-cc26xx.a(setup_rom.o)
                0x000000000000aac0                NOROM_SetupSetCacheModeAccordingToCcfgSetting
 .text.NOROM_SetupSetAonRtcSubSecInc
                0x000000000000ab2c       0x28 contiki-srf06-cc26xx.a(setup_rom.o)
                0x000000000000ab2c                NOROM_SetupSetAonRtcSubSecInc
 .text.NOROM_SetupAfterColdResetWakeupFromShutDownCfg3
                0x000000000000ab54      0x158 contiki-srf06-cc26xx.a(setup_rom.o)
                0x000000000000ab54                NOROM_SetupAfterColdResetWakeupFromShutDownCfg3
 .text.NOROM_AONBatMonTemperatureGetDegC
                0x000000000000acac       0x30 contiki-srf06-cc26xx.a(aon_batmon.o)
                0x000000000000acac                NOROM_AONBatMonTemperatureGetDegC
 .text.mac_sequence_is_duplicate
                0x000000000000acdc       0x48 contiki-srf06-cc26xx.a(mac-sequence.o)
                0x000000000000acdc                mac_sequence_is_duplicate
 .text.mac_sequence_register_seqno
                0x000000000000ad24       0x60 contiki-srf06-cc26xx.a(mac-sequence.o)
                0x000000000000ad24                mac_sequence_register_seqno
 .text.frame802154_get_pan_id
                0x000000000000ad84        0xc contiki-srf06-cc26xx.a(frame802154.o)
                0x000000000000ad84                frame802154_get_pan_id
 .text.frame802154_parse
                0x000000000000ad90      0x12c contiki-srf06-cc26xx.a(frame802154.o)
                0x000000000000ad90                frame802154_parse
 .text          0x000000000000aebc       0x30 /usr/bin/../lib/gcc/arm-none-eabi/7.3.1/thumb/v7-m/libgcc.a(_aeabi_uldivmod.o)
                0x000000000000aebc                __aeabi_uldivmod
 .text          0x000000000000aeec      0x2d0 /usr/bin/../lib/gcc/arm-none-eabi/7.3.1/thumb/v7-m/libgcc.a(_udivmoddi4.o)
                0x000000000000aeec                __udivmoddi4
 .text          0x000000000000b1bc        0x4 /usr/bin/../lib/gcc/arm-none-eabi/7.3.1/thumb/v7-m/libgcc.a(_dvmd_tls.o)
                0x000000000000b1bc                __aeabi_ldiv0
                0x000000000000b1bc                __aeabi_idiv0
 .text.memcmp   0x000000000000b1c0       0x64 /usr/bin/../lib/gcc/arm-none-eabi/7.3.1/../../../../arm-none-eabi/lib/thumb/v7-m/libc.a(lib_a-memcmp.o)
                0x000000000000b1c0                memcmp
 .text          0x000000000000b224       0xec /usr/bin/../lib/gcc/arm-none-eabi/7.3.1/../../../../arm-none-eabi/lib/thumb/v7-m/libc.a(lib_a-memcpy.o)
                0x000000000000b224                memcpy
 .text.memmove  0x000000000000b310       0xc4 /usr/bin/../lib/gcc/arm-none-eabi/7.3.1/../../../../arm-none-eabi/lib/thumb/v7-m/libc.a(lib_a-memmove.o)
                0x000000000000b310                memmove
 .text.memset   0x000000000000b3d4       0x94 /usr/bin/../lib/gcc/arm-none-eabi/7.3.1/../../../../arm-none-eabi/lib/thumb/v7-m/libc.a(lib_a-memset.o)
                0x000000000000b3d4                memset
 .text.strcpy   0x000000000000b468       0xbc /usr/bin/../lib/gcc/arm-none-eabi/7.3.1/../../../../arm-none-eabi/lib/thumb/v7-m/libc.a(lib_a-strcpy.o)
                0x000000000000b468                strcpy
 .text.strlen   0x000000000000b524       0x5c /usr/bin/../lib/gcc/arm-none-eabi/7.3.1/../../../../arm-none-eabi/lib/thumb/v7-m/libc.a(lib_a-strlen-stub.o)
                0x000000000000b524                strlen
 .text.strncmp  0x000000000000b580       0x94 /usr/bin/../lib/gcc/arm-none-eabi/7.3.1/../../../../arm-none-eabi/lib/thumb/v7-m/libc.a(lib_a-strncmp.o)
                0x000000000000b580                strncmp
 .text.strncpy  0x000000000000b614       0x64 /usr/bin/../lib/gcc/arm-none-eabi/7.3.1/../../../../arm-none-eabi/lib/thumb/v7-m/libc.a(lib_a-strncpy.o)
                0x000000000000b614                strncpy
 .text.NmiSRHandler
                0x000000000000b678        0x2 obj_srf06-cc26xx/startup_gcc.o
                0x000000000000b678                NmiSR
 .text.IntDefaultHandler
                0x000000000000b67a        0x2 obj_srf06-cc26xx/startup_gcc.o
                0x000000000000b67a                SSI0IntHandler
                0x000000000000b67a                SWEvent0IntHandler
                0x000000000000b67a                uDMAIntHandler
                0x000000000000b67a                WatchdogIntHandler
                0x000000000000b67a                RFCHardwareIntHandler
                0x000000000000b67a                Timer1BIntHandler
                0x000000000000b67a                I2SIntHandler
                0x000000000000b67a                Timer2BIntHandler
                0x000000000000b67a                Timer2AIntHandler
                0x000000000000b67a                Timer1AIntHandler
                0x000000000000b67a                AONIntHandler
                0x000000000000b67a                AUXSWEvent0IntHandler
                0x000000000000b67a                AUXADCIntHandler
                0x000000000000b67a                PendSVIntHandler
                0x000000000000b67a                AUXSWEvent1IntHandler
                0x000000000000b67a                SVCallIntHandler
                0x000000000000b67a                MPUFaultIntHandler
                0x000000000000b67a                SysTickIntHandler
                0x000000000000b67a                BusFaultIntHandler
                0x000000000000b67a                AONProgIntHandler
                0x000000000000b67a                AUXCompAIntHandler
                0x000000000000b67a                SSI1IntHandler
                0x000000000000b67a                FlashIntHandler
                0x000000000000b67a                uDMAErrIntHandler
                0x000000000000b67a                UsageFaultIntHandler
                0x000000000000b67a                RFCCmdAckIntHandler
                0x000000000000b67a                CryptoIntHandler
                0x000000000000b67a                Timer0AIntHandler
                0x000000000000b67a                I2CIntHandler
                0x000000000000b67a                DebugMonIntHandler
                0x000000000000b67a                Timer0BIntHandler
                0x000000000000b67a                AUXCombEventIntHandler
                0x000000000000b67a                Timer3AIntHandler
                0x000000000000b67a                DynProgIntHandler
                0x000000000000b67a                Timer3BIntHandler
 .text.fade     0x000000000000b67c       0x58 contiki-srf06-cc26xx.a(contiki-main.o)
 .text.status_left
                0x000000000000b6d4        0x6 contiki-srf06-cc26xx.a(button-sensor.o)
 .text.status_right
                0x000000000000b6da        0x6 contiki-srf06-cc26xx.a(button-sensor.o)
 .text.config_left
                0x000000000000b6e0        0xc contiki-srf06-cc26xx.a(button-sensor.o)
 .text.config_right
                0x000000000000b6ec        0xc contiki-srf06-cc26xx.a(button-sensor.o)
 .text.ext_flash_init
                0x000000000000b6f8        0xe contiki-srf06-cc26xx.a(ext-flash.o)
                0x000000000000b6f8                ext_flash_init
 .text.clock_update
                0x000000000000b706       0x16 contiki-srf06-cc26xx.a(clock.o)
                0x000000000000b706                clock_update
 .text.putchar  0x000000000000b71c        0xe contiki-srf06-cc26xx.a(putchar.o)
                0x000000000000b71c                putchar
 .text.puts     0x000000000000b72a       0x2c contiki-srf06-cc26xx.a(putchar.o)
                0x000000000000b72a                puts
 .text.dbg_send_bytes
                0x000000000000b756       0x28 contiki-srf06-cc26xx.a(putchar.o)
                0x000000000000b756                dbg_send_bytes
 .text.slip_arch_writeb
                0x000000000000b77e        0x4 contiki-srf06-cc26xx.a(slip-arch.o)
                0x000000000000b77e                slip_arch_writeb
 .text.oscillators_select_lf_rcosc
                0x000000000000b782       0x38 contiki-srf06-cc26xx.a(oscillators.o)
                0x000000000000b782                oscillators_select_lf_rcosc
 .text.oscillators_request_hf_xosc
                0x000000000000b7ba       0x2e contiki-srf06-cc26xx.a(oscillators.o)
                0x000000000000b7ba                oscillators_request_hf_xosc
 .text.request  0x000000000000b7e8       0x10 contiki-srf06-cc26xx.a(ieee-mode.o)
 .text.soft_on  0x000000000000b7f8       0x16 contiki-srf06-cc26xx.a(ieee-mode.o)
 .text.transmitting
                0x000000000000b80e       0x42 contiki-srf06-cc26xx.a(ieee-mode.o)
 .text.get_cca_info.part.4
                0x000000000000b850       0x3c contiki-srf06-cc26xx.a(ieee-mode.o)
 .text.send     0x000000000000b88c       0x12 contiki-srf06-cc26xx.a(ieee-mode.o)
 .text.channel_clear
                0x000000000000b89e       0x5a contiki-srf06-cc26xx.a(ieee-mode.o)
 .text.receiving_packet
                0x000000000000b8f8       0x34 contiki-srf06-cc26xx.a(ieee-mode.o)
 .text.random_rand
                0x000000000000b92c        0xa contiki-srf06-cc26xx.a(random.o)
                0x000000000000b92c                random_rand
 .text.random_init
                0x000000000000b936        0x4 contiki-srf06-cc26xx.a(random.o)
                0x000000000000b936                random_init
 .text.write_str
                0x000000000000b93a       0x10 contiki-srf06-cc26xx.a(dbg-printf.o)
 .text.buffer_str
                0x000000000000b94a       0x28 contiki-srf06-cc26xx.a(dbg-snprintf.o)
 .text.snprintf
                0x000000000000b972       0x1a contiki-srf06-cc26xx.a(dbg-snprintf.o)
                0x000000000000b972                snprintf
 .text.autostart_start
                0x000000000000b98c       0x14 contiki-srf06-cc26xx.a(autostart.o)
                0x000000000000b98c                autostart_start
 .text.energest_init
                0x000000000000b9a0        0x2 contiki-srf06-cc26xx.a(energest.o)
                0x000000000000b9a0                energest_init
 .text.etimer_set
                0x000000000000b9a2       0x12 contiki-srf06-cc26xx.a(etimer.o)
                0x000000000000b9a2                etimer_set
 .text.etimer_reset
                0x000000000000b9b4       0x12 contiki-srf06-cc26xx.a(etimer.o)
                0x000000000000b9b4                etimer_reset
 .text.etimer_restart
                0x000000000000b9c6       0x12 contiki-srf06-cc26xx.a(etimer.o)
                0x000000000000b9c6                etimer_restart
 .text.etimer_expired
                0x000000000000b9d8        0xa contiki-srf06-cc26xx.a(etimer.o)
                0x000000000000b9d8                etimer_expired
 .text.etimer_expiration_time
                0x000000000000b9e2        0x8 contiki-srf06-cc26xx.a(etimer.o)
                0x000000000000b9e2                etimer_expiration_time
 .text.call_process
                0x000000000000b9ea        0xc contiki-srf06-cc26xx.a(process.o)
 .text.rtimer_init
                0x000000000000b9f6        0x4 contiki-srf06-cc26xx.a(rtimer.o)
                0x000000000000b9f6                rtimer_init
 .text.timer_set
                0x000000000000b9fa        0xe contiki-srf06-cc26xx.a(timer.o)
                0x000000000000b9fa                timer_set
 .text.timer_reset
                0x000000000000ba08        0xa contiki-srf06-cc26xx.a(timer.o)
                0x000000000000ba08                timer_reset
 .text.timer_restart
                0x000000000000ba12        0xc contiki-srf06-cc26xx.a(timer.o)
                0x000000000000ba12                timer_restart
 .text.timer_expired
                0x000000000000ba1e       0x1c contiki-srf06-cc26xx.a(timer.o)
                0x000000000000ba1e                timer_expired
 .text.list_init
                0x000000000000ba3a        0x6 contiki-srf06-cc26xx.a(list.o)
                0x000000000000ba3a                list_init
 .text.list_head
                0x000000000000ba40        0x4 contiki-srf06-cc26xx.a(list.o)
                0x000000000000ba40                list_head
 .text.list_tail
                0x000000000000ba44       0x10 contiki-srf06-cc26xx.a(list.o)
                0x000000000000ba44                list_tail
 .text.list_remove
                0x000000000000ba54       0x26 contiki-srf06-cc26xx.a(list.o)
                0x000000000000ba54                list_remove
 .text.list_add
                0x000000000000ba7a       0x1a contiki-srf06-cc26xx.a(list.o)
                0x000000000000ba7a                list_add
 .text.list_push
                0x000000000000ba94       0x10 contiki-srf06-cc26xx.a(list.o)
                0x000000000000ba94                list_push
 .text.list_length
                0x000000000000baa4        0xe contiki-srf06-cc26xx.a(list.o)
                0x000000000000baa4                list_length
 .text.list_item_next
                0x000000000000bab2        0x6 contiki-srf06-cc26xx.a(list.o)
                0x000000000000bab2                list_item_next
 .text.memb_init
                0x000000000000bab8       0x20 contiki-srf06-cc26xx.a(memb.o)
                0x000000000000bab8                memb_init
 .text.memb_alloc
                0x000000000000bad8       0x28 contiki-srf06-cc26xx.a(memb.o)
                0x000000000000bad8                memb_alloc
 .text.memb_free
                0x000000000000bb00       0x2c contiki-srf06-cc26xx.a(memb.o)
                0x000000000000bb00                memb_free
 .text.memb_inmemb
                0x000000000000bb2c       0x1c contiki-srf06-cc26xx.a(memb.o)
                0x000000000000bb2c                memb_inmemb
 .text.memb_numfree
                0x000000000000bb48       0x1c contiki-srf06-cc26xx.a(memb.o)
                0x000000000000bb48                memb_numfree
 .text.ringbuf_init
                0x000000000000bb64        0xe contiki-srf06-cc26xx.a(ringbuf.o)
                0x000000000000bb64                ringbuf_init
 .text.ringbuf_get
                0x000000000000bb72       0x20 contiki-srf06-cc26xx.a(ringbuf.o)
                0x000000000000bb72                ringbuf_get
 .text.uip_ds6_list_loop
                0x000000000000bb92       0x46 contiki-srf06-cc26xx.a(uip-ds6.o)
                0x000000000000bb92                uip_ds6_list_loop
 .text.uip_ds6_maddr_rm
                0x000000000000bbd8        0x8 contiki-srf06-cc26xx.a(uip-ds6.o)
                0x000000000000bbd8                uip_ds6_maddr_rm
 .text.uip_ds6_set_addr_iid
                0x000000000000bbe0       0x12 contiki-srf06-cc26xx.a(uip-ds6.o)
                0x000000000000bbe0                uip_ds6_set_addr_iid
 .text.get_match_length
                0x000000000000bbf2       0x36 contiki-srf06-cc26xx.a(uip-ds6.o)
                0x000000000000bbf2                get_match_length
 .text.uip_ds6_route_next
                0x000000000000bc28        0x8 contiki-srf06-cc26xx.a(uip-ds6-route.o)
                0x000000000000bc28                uip_ds6_route_next
 .text.rm_routelist_callback
                0x000000000000bc30        0x4 contiki-srf06-cc26xx.a(uip-ds6-route.o)
 .text.chksum   0x000000000000bc34       0x38 contiki-srf06-cc26xx.a(uip6.o)
 .text.uip_icmp6chksum
                0x000000000000bc6c        0x6 contiki-srf06-cc26xx.a(uip6.o)
                0x000000000000bc6c                uip_icmp6chksum
 .text.uip_tcpchksum
                0x000000000000bc72        0x6 contiki-srf06-cc26xx.a(uip6.o)
                0x000000000000bc72                uip_tcpchksum
 .text.uip_udpchksum
                0x000000000000bc78        0x6 contiki-srf06-cc26xx.a(uip6.o)
                0x000000000000bc78                uip_udpchksum
 .text.uip_ds6_nbr_ipaddr_from_lladdr
                0x000000000000bc7e        0x4 contiki-srf06-cc26xx.a(uip-ds6-nbr.o)
                0x000000000000bc7e                uip_ds6_nbr_ipaddr_from_lladdr
 .text.uip_ds6_nbr_lladdr_from_ipaddr
                0x000000000000bc82       0x12 contiki-srf06-cc26xx.a(uip-ds6-nbr.o)
                0x000000000000bc82                uip_ds6_nbr_lladdr_from_ipaddr
 .text.psock_datalen
                0x000000000000bc94        0xa contiki-srf06-cc26xx.a(psock.o)
                0x000000000000bc94                psock_datalen
 .text.psock_init
                0x000000000000bc9e       0x14 contiki-srf06-cc26xx.a(psock.o)
                0x000000000000bc9e                psock_init
 .text.rpl_remove_routes
                0x000000000000bcb2       0x1e contiki-srf06-cc26xx.a(rpl.o)
                0x000000000000bcb2                rpl_remove_routes
 .text.rpl_remove_routes_by_nexthop
                0x000000000000bcd0       0x30 contiki-srf06-cc26xx.a(rpl.o)
                0x000000000000bcd0                rpl_remove_routes_by_nexthop
 .text.rpl_add_route
                0x000000000000bd00       0x36 contiki-srf06-cc26xx.a(rpl.o)
                0x000000000000bd00                rpl_add_route
 .text.get32    0x000000000000bd36       0x18 contiki-srf06-cc26xx.a(rpl-icmp6.o)
 .text.set32    0x000000000000bd4e       0x12 contiki-srf06-cc26xx.a(rpl-icmp6.o)
 .text.get16    0x000000000000bd60        0xc contiki-srf06-cc26xx.a(rpl-icmp6.o)
 .text.set16    0x000000000000bd6c        0xa contiki-srf06-cc26xx.a(rpl-icmp6.o)
 .text.rpl_icmp6_update_nbr_table
                0x000000000000bd76       0x2e contiki-srf06-cc26xx.a(rpl-icmp6.o)
                0x000000000000bd76                rpl_icmp6_update_nbr_table
 .text.check_prefix
                0x000000000000bda4       0x58 contiki-srf06-cc26xx.a(rpl-dag.o)
 .text.lollipop_greater_than
                0x000000000000bdfc       0x34 contiki-srf06-cc26xx.a(rpl-dag.o)
 .text.rpl_rank_via_parent
                0x000000000000be30       0x1a contiki-srf06-cc26xx.a(rpl-dag.o)
                0x000000000000be30                rpl_rank_via_parent
 .text.rpl_get_parent_ipaddr
                0x000000000000be4a        0xe contiki-srf06-cc26xx.a(rpl-dag.o)
                0x000000000000be4a                rpl_get_parent_ipaddr
 .text.rpl_get_parent_link_stats
                0x000000000000be58        0xe contiki-srf06-cc26xx.a(rpl-dag.o)
                0x000000000000be58                rpl_get_parent_link_stats
 .text.rpl_parent_is_fresh
                0x000000000000be66        0xe contiki-srf06-cc26xx.a(rpl-dag.o)
                0x000000000000be66                rpl_parent_is_fresh
 .text.rpl_parent_is_reachable
                0x000000000000be74       0x36 contiki-srf06-cc26xx.a(rpl-dag.o)
                0x000000000000be74                rpl_parent_is_reachable
 .text.rpl_set_prefix
                0x000000000000beaa       0x6a contiki-srf06-cc26xx.a(rpl-dag.o)
                0x000000000000beaa                rpl_set_prefix
 .text.rpl_set_default_route
                0x000000000000bf14       0x30 contiki-srf06-cc26xx.a(rpl-dag.o)
                0x000000000000bf14                rpl_set_default_route
 .text.rpl_find_parent
                0x000000000000bf44       0x16 contiki-srf06-cc26xx.a(rpl-dag.o)
                0x000000000000bf44                rpl_find_parent
 .text.rpl_find_parent_any_dag
                0x000000000000bf5a       0x1e contiki-srf06-cc26xx.a(rpl-dag.o)
                0x000000000000bf5a                rpl_find_parent_any_dag
 .text.rpl_select_parent
                0x000000000000bf78       0x4a contiki-srf06-cc26xx.a(rpl-dag.o)
                0x000000000000bf78                rpl_select_parent
 .text.rpl_select_dag
                0x000000000000bfc2      0x152 contiki-srf06-cc26xx.a(rpl-dag.o)
                0x000000000000bfc2                rpl_select_dag
 .text.rpl_nullify_parent
                0x000000000000c114       0x54 contiki-srf06-cc26xx.a(rpl-dag.o)
                0x000000000000c114                rpl_nullify_parent
 .text.nbr_callback
                0x000000000000c168        0x4 contiki-srf06-cc26xx.a(rpl-dag.o)
 .text.rpl_free_dag
                0x000000000000c16c       0x3a contiki-srf06-cc26xx.a(rpl-dag.o)
                0x000000000000c16c                rpl_free_dag
 .text.rpl_move_parent
                0x000000000000c1a6       0x58 contiki-srf06-cc26xx.a(rpl-dag.o)
                0x000000000000c1a6                rpl_move_parent
 .text.rpl_repair_root
                0x000000000000c1fe       0x44 contiki-srf06-cc26xx.a(rpl-dag.o)
                0x000000000000c1fe                rpl_repair_root
 .text.rpl_alloc_dag
                0x000000000000c242       0x4a contiki-srf06-cc26xx.a(rpl-dag.o)
                0x000000000000c242                rpl_alloc_dag
 .text.rpl_process_parent_event
                0x000000000000c28c       0x90 contiki-srf06-cc26xx.a(rpl-dag.o)
                0x000000000000c28c                rpl_process_parent_event
 .text.rpl_add_dag
                0x000000000000c31c      0x110 contiki-srf06-cc26xx.a(rpl-dag.o)
                0x000000000000c31c                rpl_add_dag
 .text.rpl_process_dio
                0x000000000000c42c      0x2da contiki-srf06-cc26xx.a(rpl-dag.o)
                0x000000000000c42c                rpl_process_dio
 .text.NOROM_CPUcpsid
                0x000000000000c706        0x8 contiki-srf06-cc26xx.a(cpu.o)
                0x000000000000c706                NOROM_CPUcpsid
 .text.NOROM_CPUcpsie
                0x000000000000c70e        0x8 contiki-srf06-cc26xx.a(cpu.o)
                0x000000000000c70e                NOROM_CPUcpsie
 .text.NOROM_ThisCodeIsBuiltForCC26xxHwRev22AndLater_HaltIfViolated
                0x000000000000c716       0x14 contiki-srf06-cc26xx.a(chipinfo.o)
                0x000000000000c716                NOROM_ThisCodeIsBuiltForCC26xxHwRev22AndLater_HaltIfViolated
 .text.NOROM_DDI32RegWrite
                0x000000000000c72a        0x8 contiki-srf06-cc26xx.a(ddi.o)
                0x000000000000c72a                NOROM_DDI32RegWrite
 .text.NOROM_DDI16BitfieldWrite
                0x000000000000c732       0x2a contiki-srf06-cc26xx.a(ddi.o)
                0x000000000000c732                NOROM_DDI16BitfieldWrite
 .text.queuebuf_update_attr_from_packetbuf
                0x000000000000c75c        0xc contiki-srf06-cc26xx.a(queuebuf.o)
                0x000000000000c75c                queuebuf_update_attr_from_packetbuf
 .text.queuebuf_update_from_packetbuf
                0x000000000000c768       0x1c contiki-srf06-cc26xx.a(queuebuf.o)
                0x000000000000c768                queuebuf_update_from_packetbuf
 .text.queuebuf_attr
                0x000000000000c784        0xc contiki-srf06-cc26xx.a(queuebuf.o)
                0x000000000000c784                queuebuf_attr
 .text.item_from_index
                0x000000000000c790       0x14 contiki-srf06-cc26xx.a(nbr-table.o)
 .text.index_from_item
                0x000000000000c7a4       0x16 contiki-srf06-cc26xx.a(nbr-table.o)
 .text.nbr_set_bit
                0x000000000000c7ba       0x3a contiki-srf06-cc26xx.a(nbr-table.o)
 .text.nbr_table_next
                0x000000000000c7f4       0x36 contiki-srf06-cc26xx.a(nbr-table.o)
                0x000000000000c7f4                nbr_table_next
 .text.nbr_table_get_from_lladdr
                0x000000000000c82a       0x26 contiki-srf06-cc26xx.a(nbr-table.o)
                0x000000000000c82a                nbr_table_get_from_lladdr
 .text.nbr_table_get_lladdr
                0x000000000000c850       0x10 contiki-srf06-cc26xx.a(nbr-table.o)
                0x000000000000c850                nbr_table_get_lladdr
 .text.nbr_table_update_lladdr
                0x000000000000c860       0x44 contiki-srf06-cc26xx.a(nbr-table.o)
                0x000000000000c860                nbr_table_update_lladdr
 .text.linkaddr_copy
                0x000000000000c8a4        0xa contiki-srf06-cc26xx.a(linkaddr.o)
                0x000000000000c8a4                linkaddr_copy
 .text.linkaddr_cmp
                0x000000000000c8ae       0x10 contiki-srf06-cc26xx.a(linkaddr.o)
                0x000000000000c8ae                linkaddr_cmp
 .text.link_stats_is_fresh
                0x000000000000c8be       0x24 contiki-srf06-cc26xx.a(link-stats.o)
                0x000000000000c8be                link_stats_is_fresh
 .text.parse    0x000000000000c8e2       0x94 contiki-srf06-cc26xx.a(framer-802154.o)
 .text.create   0x000000000000c976        0x6 contiki-srf06-cc26xx.a(framer-802154.o)
 .text.hdr_length
                0x000000000000c97c        0x6 contiki-srf06-cc26xx.a(framer-802154.o)
 .text.duty_cycle
                0x000000000000c982        0x4 contiki-srf06-cc26xx.a(contikimac.o)
 .text.qsend_packet
                0x000000000000c986       0x22 contiki-srf06-cc26xx.a(contikimac.o)
 .text.init     0x000000000000c9a8        0x2 contiki-srf06-cc26xx.a(nullsec.o)
 .text.rtimer_arch_init
                0x000000000000c9aa        0x2 contiki-srf06-cc26xx.a(rtimer-arch.o)
                0x000000000000c9aa                rtimer_arch_init
 .text.rtimer_arch_schedule
                0x000000000000c9ac        0x8 contiki-srf06-cc26xx.a(rtimer-arch.o)
                0x000000000000c9ac                rtimer_arch_schedule
 .text.rtimer_arch_now
                0x000000000000c9b4        0x4 contiki-srf06-cc26xx.a(rtimer-arch.o)
                0x000000000000c9b4                rtimer_arch_now
 .text.IntMasterEnable
                0x000000000000c9b8        0xe contiki-srf06-cc26xx.a(rf-core.o)
 .text.rf_core_init_radio_op
                0x000000000000c9c6       0x1a contiki-srf06-cc26xx.a(rf-core.o)
                0x000000000000c9c6                rf_core_init_radio_op
 .text.rf_core_boot
                0x000000000000c9e0       0x1c contiki-srf06-cc26xx.a(rf-core.o)
                0x000000000000c9e0                rf_core_boot
 .text.rf_core_restart_rat
                0x000000000000c9fc       0x16 contiki-srf06-cc26xx.a(rf-core.o)
                0x000000000000c9fc                rf_core_restart_rat
 .text.stimer_set
                0x000000000000ca12        0xe contiki-srf06-cc26xx.a(stimer.o)
                0x000000000000ca12                stimer_set
 .text.handle_unicast_dio_timer
                0x000000000000ca20       0x1c contiki-srf06-cc26xx.a(rpl-timers.o)
 .text.rpl_reset_dio_timer
                0x000000000000ca3c       0x1c contiki-srf06-cc26xx.a(rpl-timers.o)
                0x000000000000ca3c                rpl_reset_dio_timer
 .text.rpl_schedule_dao
                0x000000000000ca58        0x8 contiki-srf06-cc26xx.a(rpl-timers.o)
                0x000000000000ca58                rpl_schedule_dao
 .text.get_probing_delay
                0x000000000000ca60       0x3a contiki-srf06-cc26xx.a(rpl-timers.o)
                0x000000000000ca60                get_probing_delay
 .text.handle_probing_timer
                0x000000000000ca9a       0x32 contiki-srf06-cc26xx.a(rpl-timers.o)
 .text.reset    0x000000000000cacc        0x2 contiki-srf06-cc26xx.a(rpl-mrhof.o)
 .text.update_metric_container
                0x000000000000cace        0x6 contiki-srf06-cc26xx.a(rpl-mrhof.o)
 .text.parent_link_metric
                0x000000000000cad4       0x12 contiki-srf06-cc26xx.a(rpl-mrhof.o)
 .text.parent_has_usable_link
                0x000000000000cae6       0x12 contiki-srf06-cc26xx.a(rpl-mrhof.o)
 .text.best_dag
                0x000000000000caf8       0x2c contiki-srf06-cc26xx.a(rpl-mrhof.o)
 .text.parent_path_cost
                0x000000000000cb24       0x34 contiki-srf06-cc26xx.a(rpl-mrhof.o)
 .text.rank_via_parent
                0x000000000000cb58       0x34 contiki-srf06-cc26xx.a(rpl-mrhof.o)
 .text.parent_is_acceptable
                0x000000000000cb8c       0x26 contiki-srf06-cc26xx.a(rpl-mrhof.o)
 .text.best_parent
                0x000000000000cbb2       0x64 contiki-srf06-cc26xx.a(rpl-mrhof.o)
 .text.frame802154_has_panid
                0x000000000000cc16       0xbc contiki-srf06-cc26xx.a(frame802154.o)
                0x000000000000cc16                frame802154_has_panid
 .text.field_len
                0x000000000000ccd2       0x80 contiki-srf06-cc26xx.a(frame802154.o)
 .text.frame802154_is_broadcast_addr
                0x000000000000cd52       0x1e contiki-srf06-cc26xx.a(frame802154.o)
                0x000000000000cd52                frame802154_is_broadcast_addr
 .text.frame802154_hdrlen
                0x000000000000cd70       0x32 contiki-srf06-cc26xx.a(frame802154.o)
                0x000000000000cd70                frame802154_hdrlen
 .text.frame802154_create_fcf
                0x000000000000cda2       0x5e contiki-srf06-cc26xx.a(frame802154.o)
                0x000000000000cda2                frame802154_create_fcf
 .text.frame802154_create
                0x000000000000ce00       0x8e contiki-srf06-cc26xx.a(frame802154.o)
                0x000000000000ce00                frame802154_create
 .text.frame802154_parse_fcf
                0x000000000000ce8e       0x40 contiki-srf06-cc26xx.a(frame802154.o)
                0x000000000000ce8e                frame802154_parse_fcf
 .text.mac_call_sent_callback
                0x000000000000cece       0x18 contiki-srf06-cc26xx.a(mac.o)
                0x000000000000cece                mac_call_sent_callback
 *(SORT_BY_ALIGNMENT(.rodata*))
 *fill*         0x000000000000cee6        0x2 00000000
 .rodata.autostart_processes
                0x000000000000cee8        0xc border-router.co
                0x000000000000cee8                autostart_processes
 .rodata.rpl_interface
                0x000000000000cef4        0x8 obj_srf06-cc26xx/slip-bridge.o
                0x000000000000cef4                rpl_interface
 .rodata        0x000000000000cefc       0x48 contiki-srf06-cc26xx.a(board.o)
 .rodata.button_left_sensor
                0x000000000000cf44       0x10 contiki-srf06-cc26xx.a(button-sensor.o)
                0x000000000000cf44                button_left_sensor
 .rodata.button_right_sensor
                0x000000000000cf54       0x10 contiki-srf06-cc26xx.a(button-sensor.o)
                0x000000000000cf54                button_right_sensor
 .rodata.ieee_mode_driver
                0x000000000000cf64       0x38 contiki-srf06-cc26xx.a(ieee-mode.o)
                0x000000000000cf64                ieee_mode_driver
 .rodata.mode_ieee
                0x000000000000cf9c        0x8 contiki-srf06-cc26xx.a(ieee-mode.o)
 .rodata.output_power
                0x000000000000cfa4       0x68 contiki-srf06-cc26xx.a(ieee-mode.o)
 .rodata.sicslowpan_driver
                0x000000000000d00c        0xc contiki-srf06-cc26xx.a(sicslowpan.o)
                0x000000000000d00c                sicslowpan_driver
 .rodata.framer_802154
                0x000000000000d018        0xc contiki-srf06-cc26xx.a(framer-802154.o)
                0x000000000000d018                framer_802154
 .rodata.csma_driver
                0x000000000000d024       0x1c contiki-srf06-cc26xx.a(csma.o)
                0x000000000000d024                csma_driver
 .rodata.contikimac_driver
                0x000000000000d040       0x20 contiki-srf06-cc26xx.a(contikimac.o)
                0x000000000000d040                contikimac_driver
 .rodata.nullsec_driver
                0x000000000000d060       0x10 contiki-srf06-cc26xx.a(nullsec.o)
                0x000000000000d060                nullsec_driver
 .rodata.generate_routes.str1.1
                0x000000000000d070       0x7f border-router.co
                                         0x81 (size before relaxing)
 .rodata.ipaddr_add.str1.1
                0x000000000000d0ef        0x6 border-router.co
                                          0x8 (size before relaxing)
 .rodata.process_thread_border_router_process.str1.1
                0x000000000000d0f5       0x17 border-router.co
 .rodata.str1.1
                0x000000000000d10c       0x21 border-router.co
 .rodata.output.str1.1
                0x000000000000d12d       0x3a obj_srf06-cc26xx/slip-bridge.o
 .rodata.slip_input_callback.str1.1
                0x000000000000d167       0x67 obj_srf06-cc26xx/slip-bridge.o
 .rodata.handle_output.str1.1
                0x000000000000d1ce       0x68 obj_srf06-cc26xx/httpd-simple.o
 .rodata.http_content_type_html
                0x000000000000d236       0x1c obj_srf06-cc26xx/httpd-simple.o
                0x000000000000d236                http_content_type_html
 .rodata.http_get
                0x000000000000d252        0x5 obj_srf06-cc26xx/httpd-simple.o
                0x000000000000d252                http_get
 .rodata.http_header_200
                0x000000000000d257       0x56 obj_srf06-cc26xx/httpd-simple.o
                0x000000000000d257                http_header_200
 .rodata.http_header_404
                0x000000000000d2ad       0x5d obj_srf06-cc26xx/httpd-simple.o
                0x000000000000d2ad                http_header_404
 .rodata.http_index_html
                0x000000000000d30a        0xc obj_srf06-cc26xx/httpd-simple.o
                0x000000000000d30a                http_index_html
 .rodata.main.str1.1
                0x000000000000d316       0xe4 contiki-srf06-cc26xx.a(contiki-main.o)
 .rodata.str1.1
                0x000000000000d3fa        0x8 contiki-srf06-cc26xx.a(sensors.o)
 .rodata.str1.1
                0x000000000000d402        0x7 contiki-srf06-cc26xx.a(button-sensor.o)
 .rodata        0x000000000000d409        0x4 contiki-srf06-cc26xx.a(ext-flash.o)
 .rodata.str1.1
                0x000000000000d40d        0xc contiki-srf06-cc26xx.a(slip.o)
 .rodata.str1.1
                0x000000000000d419       0x1b contiki-srf06-cc26xx.a(soc-trng.o)
 .rodata.buffer.4041
                0x000000000000d434       0x10 contiki-srf06-cc26xx.a(strformat.o)
 .rodata.buffer.4050
                0x000000000000d444       0x10 contiki-srf06-cc26xx.a(strformat.o)
 .rodata.format_str_v.str1.1
                0x000000000000d454       0x24 contiki-srf06-cc26xx.a(strformat.o)