Archive member included to satisfy reference by file (symbol)

contiki-srf06-cc26xx.a(contiki-main.o)
                              obj_srf06-cc26xx/startup_gcc.o (main)
contiki-srf06-cc26xx.a(sensors.o)
                              cc26xx-demo.co (sensors_event)
contiki-srf06-cc26xx.a(leds.o)
                              contiki-srf06-cc26xx.a(contiki-main.o) (leds_init)
contiki-srf06-cc26xx.a(board.o)
                              contiki-srf06-cc26xx.a(contiki-main.o) (board_init)
contiki-srf06-cc26xx.a(launchpad-senso)
                              contiki-srf06-cc26xx.a(sensors.o) (sensors_flags)
contiki-srf06-cc26xx.a(leds-arch.o)
                              contiki-srf06-cc26xx.a(leds.o) (leds_arch_init)
contiki-srf06-cc26xx.a(button-sensor.o)
                              cc26xx-demo.co (button_right_sensor)
contiki-srf06-cc26xx.a(ext-flash.o)
                              contiki-srf06-cc26xx.a(board.o) (ext_flash_init)
contiki-srf06-cc26xx.a(board-spi.o)
                              contiki-srf06-cc26xx.a(ext-flash.o) (board_spi_write)
contiki-srf06-cc26xx.a(clock.o)
                              contiki-srf06-cc26xx.a(contiki-main.o) (clock_init)
contiki-srf06-cc26xx.a(soc-rtc.o)
                              contiki-srf06-cc26xx.a(contiki-main.o) (soc_rtc_init)
contiki-srf06-cc26xx.a(contiki-watchdo)
                              contiki-srf06-cc26xx.a(contiki-main.o) (watchdog_init)
contiki-srf06-cc26xx.a(putchar.o)
                              contiki-srf06-cc26xx.a(contiki-main.o) (putchar)
contiki-srf06-cc26xx.a(ieee-addr.o)
                              contiki-srf06-cc26xx.a(contiki-main.o) (ieee_addr_cpy_to)
contiki-srf06-cc26xx.a(batmon-sensor.o)
                              cc26xx-demo.co (batmon_sensor)
contiki-srf06-cc26xx.a(cc26xx-uart.o)
                              contiki-srf06-cc26xx.a(contiki-main.o) (cc26xx_uart_init)
contiki-srf06-cc26xx.a(lpm.o)
                              contiki-srf06-cc26xx.a(contiki-main.o) (lpm_drop)
contiki-srf06-cc26xx.a(gpio-interrupt.)
                              contiki-srf06-cc26xx.a(button-sensor.o) (gpio_interrupt_register_handler)
contiki-srf06-cc26xx.a(oscillators.o)
                              contiki-srf06-cc26xx.a(contiki-main.o) (oscillators_select_lf_xosc)
contiki-srf06-cc26xx.a(rf-ble.o)
                              cc26xx-demo.co (rf_ble_beacond_config)
contiki-srf06-cc26xx.a(ieee-mode.o)
                              contiki-srf06-cc26xx.a(contiki-main.o) (ieee_mode_driver)
contiki-srf06-cc26xx.a(random.o)
                              contiki-srf06-cc26xx.a(contiki-main.o) (random_init)
contiki-srf06-cc26xx.a(soc-trng.o)
                              contiki-srf06-cc26xx.a(random.o) (soc_trng_rand_synchronous)
contiki-srf06-cc26xx.a(dbg-printf.o)
                              cc26xx-demo.co (printf)
contiki-srf06-cc26xx.a(strformat.o)
                              contiki-srf06-cc26xx.a(dbg-printf.o) (format_str_v)
contiki-srf06-cc26xx.a(autostart.o)
                              contiki-srf06-cc26xx.a(contiki-main.o) (autostart_start)
contiki-srf06-cc26xx.a(energest.o)
                              contiki-srf06-cc26xx.a(contiki-main.o) (energest_init)
contiki-srf06-cc26xx.a(ctimer.o)
                              contiki-srf06-cc26xx.a(contiki-main.o) (ctimer_init)
contiki-srf06-cc26xx.a(etimer.o)
                              contiki-srf06-cc26xx.a(clock.o) (etimer_request_poll)
contiki-srf06-cc26xx.a(process.o)
                              contiki-srf06-cc26xx.a(sensors.o) (process_alloc_event)
contiki-srf06-cc26xx.a(rtimer.o)
                              contiki-srf06-cc26xx.a(contiki-main.o) (rtimer_init)
contiki-srf06-cc26xx.a(timer.o)
                              contiki-srf06-cc26xx.a(button-sensor.o) (timer_set)
contiki-srf06-cc26xx.a(serial-line.o)
                              contiki-srf06-cc26xx.a(contiki-main.o) (serial_line_init)
contiki-srf06-cc26xx.a(list.o)
                              contiki-srf06-cc26xx.a(lpm.o) (list_init)
contiki-srf06-cc26xx.a(ringbuf.o)
                              contiki-srf06-cc26xx.a(serial-line.o) (ringbuf_init)
contiki-srf06-cc26xx.a(uip6.o)
                              contiki-srf06-cc26xx.a(contiki-main.o) (uip_lladdr)
contiki-srf06-cc26xx.a(uip-nd6.o)
                              contiki-srf06-cc26xx.a(uip6.o) (uip_nd6_init)
contiki-srf06-cc26xx.a(sicslowpan.o)
                              contiki-srf06-cc26xx.a(contiki-main.o) (sicslowpan_driver)
contiki-srf06-cc26xx.a(tcpip.o)
                              contiki-srf06-cc26xx.a(sicslowpan.o) (tcpip_set_outputfunc)
contiki-srf06-cc26xx.a(rpl-ext-header.)
                              contiki-srf06-cc26xx.a(uip6.o) (rpl_verify_hbh_header)
contiki-srf06-cc26xx.a(rpl.o)
                              contiki-srf06-cc26xx.a(tcpip.o) (rpl_init)
contiki-srf06-cc26xx.a(rpl-icmp6.o)
                              contiki-srf06-cc26xx.a(rpl.o) (dao_output)
contiki-srf06-cc26xx.a(rpl-dag.o)
[...]
Memory Configuration

Name             Origin             Length             Attributes
FLASH            0x0000000000000000 0x000000000001ffa8 xr
FLASH_CCFG       0x000000000001ffa8 0x0000000000000058 xr
SRAM             0x0000000020000000 0x0000000000005000 xrw
GPRAM            0x0000000011000000 0x0000000000002000 xrw
*default*        0x0000000000000000 0xffffffffffffffff

Linker script and memory map

LOAD obj_srf06-cc26xx/fault-handlers.o
LOAD obj_srf06-cc26xx/ccfg.o
LOAD obj_srf06-cc26xx/startup_gcc.o
LOAD cc26xx-demo.co
LOAD contiki-srf06-cc26xx.a
LOAD /usr/bin/../lib/gcc/arm-none-eabi/7.3.1/../../../../arm-none-eabi/lib/thumb/v7-m/libm.a
START GROUP
LOAD /usr/bin/../lib/gcc/arm-none-eabi/7.3.1/thumb/v7-m/libgcc.a
LOAD /usr/bin/../lib/gcc/arm-none-eabi/7.3.1/../../../../arm-none-eabi/lib/thumb/v7-m/libc.a
END GROUP
                0x0000000020005000                _estack = (ORIGIN (SRAM) + LENGTH (SRAM))
                0x0000000000000000                _Min_Heap_Size = 0x0
                0x0000000000000100                _Min_Stack_Size = 0x100

.text           0x0000000000000000     0xdc50
                0x0000000000000000                _text = .
 *(SORT_BY_ALIGNMENT(.vectors))
 .vectors       0x0000000000000000       0xc8 obj_srf06-cc26xx/startup_gcc.o
                0x0000000000000000                g_pfnVectors
 *(SORT_BY_ALIGNMENT(.text*))
 .text.FaultISR
                0x00000000000000c8       0x18 obj_srf06-cc26xx/fault-handlers.o
                0x00000000000000c8                FaultISR
 .text.NmiSRHandler
                0x00000000000000e0        0x4 obj_srf06-cc26xx/startup_gcc.o
                0x00000000000000e0                NmiSR
 .text.IntDefaultHandler
                0x00000000000000e4        0x4 obj_srf06-cc26xx/startup_gcc.o
                0x00000000000000e4                SSI0IntHandler
                0x00000000000000e4                SWEvent0IntHandler
                0x00000000000000e4                uDMAIntHandler
                0x00000000000000e4                WatchdogIntHandler
                0x00000000000000e4                RFCHardwareIntHandler
                0x00000000000000e4                Timer1BIntHandler
                0x00000000000000e4                I2SIntHandler
                0x00000000000000e4                Timer2BIntHandler
                0x00000000000000e4                Timer2AIntHandler
                0x00000000000000e4                Timer1AIntHandler
                0x00000000000000e4                AONIntHandler
                0x00000000000000e4                AUXSWEvent0IntHandler
                0x00000000000000e4                AUXADCIntHandler
                0x00000000000000e4                PendSVIntHandler
                0x00000000000000e4                AUXSWEvent1IntHandler
                0x00000000000000e4                SVCallIntHandler
                0x00000000000000e4                MPUFaultIntHandler
                0x00000000000000e4                SysTickIntHandler
                0x00000000000000e4                BusFaultIntHandler
                0x00000000000000e4                AONProgIntHandler
                0x00000000000000e4                AUXCompAIntHandler
                0x00000000000000e4                SSI1IntHandler
                0x00000000000000e4                FlashIntHandler
                0x00000000000000e4                uDMAErrIntHandler
                0x00000000000000e4                UsageFaultIntHandler
                0x00000000000000e4                RFCCmdAckIntHandler
                0x00000000000000e4                CryptoIntHandler
                0x00000000000000e4                Timer0AIntHandler
                0x00000000000000e4                I2CIntHandler
                0x00000000000000e4                DebugMonIntHandler
                0x00000000000000e4                Timer0BIntHandler
                0x00000000000000e4                AUXCombEventIntHandler
                0x00000000000000e4                Timer3AIntHandler
                0x00000000000000e4                DynProgIntHandler
                0x00000000000000e4                Timer3BIntHandler
 .text.ResetISR
                0x00000000000000e8       0x58 obj_srf06-cc26xx/startup_gcc.o
                0x00000000000000e8                ResetISR
 .text.get_sync_sensor_readings
                0x0000000000000140       0x40 cc26xx-demo.co
 .text.process_thread_cc26xx_demo_process
                0x0000000000000180      0x10c cc26xx-demo.co
 .text.fade     0x000000000000028c       0x64 contiki-srf06-cc26xx.a(contiki-main.o)
 .text.startup.main
                0x00000000000002f0      0x24c contiki-srf06-cc26xx.a(contiki-main.o)
                0x00000000000002f0                main
 .text.process_thread_sensors_process
                0x000000000000053c       0xf0 contiki-srf06-cc26xx.a(sensors.o)
 .text.sensors_changed
                0x000000000000062c       0x4c contiki-srf06-cc26xx.a(sensors.o)
                0x000000000000062c                sensors_changed
 .text.leds_init
                0x0000000000000678       0x14 contiki-srf06-cc26xx.a(leds.o)
                0x0000000000000678                leds_init
 .text.leds_on  0x000000000000068c       0x14 contiki-srf06-cc26xx.a(leds.o)
                0x000000000000068c                leds_on
 .text.leds_off
                0x00000000000006a0       0x14 contiki-srf06-cc26xx.a(leds.o)
                0x00000000000006a0                leds_off
 .text.leds_toggle
                0x00000000000006b4       0x14 contiki-srf06-cc26xx.a(leds.o)
                0x00000000000006b4                leds_toggle
 .text.wakeup_handler
                0x00000000000006c8       0x20 contiki-srf06-cc26xx.a(board.o)
 .text.board_init
                0x00000000000006e8       0x8c contiki-srf06-cc26xx.a(board.o)
                0x00000000000006e8                board_init
 .text.leds_arch_init
                0x0000000000000774       0x34 contiki-srf06-cc26xx.a(leds-arch.o)
                0x0000000000000774                leds_arch_init
 .text.leds_arch_set
                0x00000000000007a8       0x2c contiki-srf06-cc26xx.a(leds-arch.o)
                0x00000000000007a8                leds_arch_set
 .text.status_left
                0x00000000000007d4       0x20 contiki-srf06-cc26xx.a(button-sensor.o)
 .text.status_right
                0x00000000000007f4       0x20 contiki-srf06-cc26xx.a(button-sensor.o)
 .text.value_left
                0x0000000000000814       0x24 contiki-srf06-cc26xx.a(button-sensor.o)
 .text.value_right
                0x0000000000000838       0x24 contiki-srf06-cc26xx.a(button-sensor.o)
 .text.config_buttons
                0x000000000000085c       0x84 contiki-srf06-cc26xx.a(button-sensor.o)
 .text.config_left
                0x00000000000008e0        0xc contiki-srf06-cc26xx.a(button-sensor.o)
 .text.config_right
                0x00000000000008ec        0xc contiki-srf06-cc26xx.a(button-sensor.o)
 .text.button_press_handler
                0x00000000000008f8       0x90 contiki-srf06-cc26xx.a(button-sensor.o)
 .text.verify_part
                0x0000000000000988       0x80 contiki-srf06-cc26xx.a(ext-flash.o)
 .text.wait_ready
                0x0000000000000a08       0x58 contiki-srf06-cc26xx.a(ext-flash.o)
 .text.power_down
                0x0000000000000a60       0x50 contiki-srf06-cc26xx.a(ext-flash.o)
 .text.ext_flash_open
                0x0000000000000ab0       0x60 contiki-srf06-cc26xx.a(ext-flash.o)
                0x0000000000000ab0                ext_flash_open
 .text.ext_flash_init
                0x0000000000000b10       0x14 contiki-srf06-cc26xx.a(ext-flash.o)
                0x0000000000000b10                ext_flash_init
 .text.accessible
                0x0000000000000b24       0x24 contiki-srf06-cc26xx.a(board-spi.o)
 .text.board_spi_write
                0x0000000000000b48       0x40 contiki-srf06-cc26xx.a(board-spi.o)
                0x0000000000000b48                board_spi_write
 .text.board_spi_read
                0x0000000000000b88       0x4c contiki-srf06-cc26xx.a(board-spi.o)
                0x0000000000000b88                board_spi_read
 .text.board_spi_flush
                0x0000000000000bd4       0x24 contiki-srf06-cc26xx.a(board-spi.o)
                0x0000000000000bd4                board_spi_flush
 .text.board_spi_open
                0x0000000000000bf8       0xb8 contiki-srf06-cc26xx.a(board-spi.o)
                0x0000000000000bf8                board_spi_open
 .text.board_spi_close
                0x0000000000000cb0       0x70 contiki-srf06-cc26xx.a(board-spi.o)
                0x0000000000000cb0                board_spi_close
 .text.power_domain_on
                0x0000000000000d20       0x20 contiki-srf06-cc26xx.a(clock.o)
 .text.clock_init
                0x0000000000000d40       0x9c contiki-srf06-cc26xx.a(clock.o)
                0x0000000000000d40                clock_init
 .text.clock_time
                0x0000000000000ddc       0x34 contiki-srf06-cc26xx.a(clock.o)
                0x0000000000000ddc                clock_time
 .text.clock_update
                0x0000000000000e10       0x3c contiki-srf06-cc26xx.a(clock.o)
                0x0000000000000e10                clock_update
 .text.clock_seconds
                0x0000000000000e4c       0x18 contiki-srf06-cc26xx.a(clock.o)
                0x0000000000000e4c                clock_seconds
 .text.soc_rtc_init
                0x0000000000000e64       0xa0 contiki-srf06-cc26xx.a(soc-rtc.o)
                0x0000000000000e64                soc_rtc_init
 .text.soc_rtc_schedule_one_shot
                0x0000000000000f04       0x6c contiki-srf06-cc26xx.a(soc-rtc.o)
                0x0000000000000f04                soc_rtc_schedule_one_shot
 .text.soc_rtc_last_isr_time
                0x0000000000000f70        0xc contiki-srf06-cc26xx.a(soc-rtc.o)
                0x0000000000000f70                soc_rtc_last_isr_time
 .text.AONRTCIntHandler
                0x0000000000000f7c       0x88 contiki-srf06-cc26xx.a(soc-rtc.o)
                0x0000000000000f7c                AONRTCIntHandler
 .text.watchdog_init
                0x0000000000001004       0x1c contiki-srf06-cc26xx.a(contiki-watchdo)
                0x0000000000001004                watchdog_init
 .text.watchdog_start
                0x0000000000001020       0x68 contiki-srf06-cc26xx.a(contiki-watchdo)
                0x0000000000001020                watchdog_start
 .text.watchdog_periodic
                0x0000000000001088       0x1c contiki-srf06-cc26xx.a(contiki-watchdo)
                0x0000000000001088                watchdog_periodic
 .text.watchdog_reboot
                0x00000000000010a4        0x8 contiki-srf06-cc26xx.a(contiki-watchdo)
                0x00000000000010a4                watchdog_reboot
 .text.putchar  0x00000000000010ac       0x10 contiki-srf06-cc26xx.a(putchar.o)
                0x00000000000010ac                putchar
 .text.puts     0x00000000000010bc       0x30 contiki-srf06-cc26xx.a(putchar.o)
                0x00000000000010bc                puts
 .text.dbg_send_bytes
                0x00000000000010ec       0x40 contiki-srf06-cc26xx.a(putchar.o)
                0x00000000000010ec                dbg_send_bytes
 .text.ieee_addr_cpy_to
                0x000000000000112c       0x3c contiki-srf06-cc26xx.a(ieee-addr.o)
                0x000000000000112c                ieee_addr_cpy_to
 .text.configure
                0x0000000000001168       0x34 contiki-srf06-cc26xx.a(batmon-sensor.o)
 .text.status   0x000000000000119c       0x14 contiki-srf06-cc26xx.a(batmon-sensor.o)
 .text.value    0x00000000000011b0       0x24 contiki-srf06-cc26xx.a(batmon-sensor.o)
 .text.power_and_clock
                0x00000000000011d4       0x40 contiki-srf06-cc26xx.a(cc26xx-uart.o)
 .text.enable   0x0000000000001214       0xf0 contiki-srf06-cc26xx.a(cc26xx-uart.o)
 .text.accessible
                0x0000000000001304       0x24 contiki-srf06-cc26xx.a(cc26xx-uart.o)
 .text.lpm_drop_handler
                0x0000000000001328       0xc4 contiki-srf06-cc26xx.a(cc26xx-uart.o)
 .text.cc26xx_uart_init
                0x00000000000013ec       0x28 contiki-srf06-cc26xx.a(cc26xx-uart.o)
                0x00000000000013ec                cc26xx_uart_init
 .text.cc26xx_uart_write_byte
                0x0000000000001414       0x28 contiki-srf06-cc26xx.a(cc26xx-uart.o)
                0x0000000000001414                cc26xx_uart_write_byte
 .text.cc26xx_uart_busy
                0x000000000000143c       0x18 contiki-srf06-cc26xx.a(cc26xx-uart.o)
                0x000000000000143c                cc26xx_uart_busy
 .text.UART0IntHandler
                0x0000000000001454       0x54 contiki-srf06-cc26xx.a(cc26xx-uart.o)
                0x0000000000001454                UART0IntHandler
 .text.lpm_sleep
                0x00000000000014a8       0x14 contiki-srf06-cc26xx.a(lpm.o)
                0x00000000000014a8                lpm_sleep
 .text.lpm_drop
                0x00000000000014bc      0x250 contiki-srf06-cc26xx.a(lpm.o)
                0x00000000000014bc                lpm_drop
 .text.lpm_register_module
                0x000000000000170c        0xc contiki-srf06-cc26xx.a(lpm.o)
                0x000000000000170c                lpm_register_module
 .text.lpm_unregister_module
                0x0000000000001718        0xc contiki-srf06-cc26xx.a(lpm.o)
                0x0000000000001718                lpm_unregister_module
 .text.lpm_init
                0x0000000000001724       0x20 contiki-srf06-cc26xx.a(lpm.o)
                0x0000000000001724                lpm_init
 .text.lpm_pin_set_default_state
                0x0000000000001744       0x2c contiki-srf06-cc26xx.a(lpm.o)
                0x0000000000001744                lpm_pin_set_default_state
 .text.gpio_interrupt_register_handler
                0x0000000000001770       0x2c contiki-srf06-cc26xx.a(gpio-interrupt.)
                0x0000000000001770                gpio_interrupt_register_handler
 .text.gpio_interrupt_init
                0x000000000000179c       0x24 contiki-srf06-cc26xx.a(gpio-interrupt.)
                0x000000000000179c                gpio_interrupt_init
 .text.GPIOIntHandler
                0x00000000000017c0       0x30 contiki-srf06-cc26xx.a(gpio-interrupt.)
                0x00000000000017c0                GPIOIntHandler
 .text.oscillators_select_lf_xosc
                0x00000000000017f0       0x50 contiki-srf06-cc26xx.a(oscillators.o)
                0x00000000000017f0                oscillators_select_lf_xosc
 .text.oscillators_request_hf_xosc
                0x0000000000001840       0x30 contiki-srf06-cc26xx.a(oscillators.o)
                0x0000000000001840                oscillators_request_hf_xosc
 .text.oscillators_switch_to_hf_xosc
                0x0000000000001870       0x34 contiki-srf06-cc26xx.a(oscillators.o)
                0x0000000000001870                oscillators_switch_to_hf_xosc
 .text.oscillators_switch_to_hf_rc
                0x00000000000018a4       0x38 contiki-srf06-cc26xx.a(oscillators.o)
                0x00000000000018a4                oscillators_switch_to_hf_rc
 .text.process_thread_rf_ble_beacon_process
                0x00000000000018dc      0x260 contiki-srf06-cc26xx.a(rf-ble.o)
 .text.rf_ble_beacond_config
                0x0000000000001b3c       0x44 contiki-srf06-cc26xx.a(rf-ble.o)
                0x0000000000001b3c                rf_ble_beacond_config
 .text.rf_ble_beacond_start
                0x0000000000001b80       0x34 contiki-srf06-cc26xx.a(rf-ble.o)
                0x0000000000001b80                rf_ble_beacond_start
 .text.rf_ble_is_active
                0x0000000000001bb4        0xc contiki-srf06-cc26xx.a(rf-ble.o)
                0x0000000000001bb4                rf_ble_is_active
 .text.request  0x0000000000001bc0       0x20 contiki-srf06-cc26xx.a(ieee-mode.o)
 .text.rx_on    0x0000000000001be0       0x5c contiki-srf06-cc26xx.a(ieee-mode.o)
 .text.rf_radio_setup
                0x0000000000001c3c       0x60 contiki-srf06-cc26xx.a(ieee-mode.o)
 .text.soft_on  0x0000000000001c9c       0x18 contiki-srf06-cc26xx.a(ieee-mode.o)
 .text.pending_packet
                0x0000000000001cb4       0x48 contiki-srf06-cc26xx.a(ieee-mode.o)
 .text.prepare  0x0000000000001cfc       0x1c contiki-srf06-cc26xx.a(ieee-mode.o)
 .text.soft_off
                0x0000000000001d18       0x44 contiki-srf06-cc26xx.a(ieee-mode.o)
 .text.get_object
                0x0000000000001d5c       0x48 contiki-srf06-cc26xx.a(ieee-mode.o)
 .text.transmitting.part.1
                0x0000000000001da4       0x44 contiki-srf06-cc26xx.a(ieee-mode.o)
 .text.rx_off   0x0000000000001de8       0x74 contiki-srf06-cc26xx.a(ieee-mode.o)
 .text.set_object
                0x0000000000001e5c       0x60 contiki-srf06-cc26xx.a(ieee-mode.o)
 .text.get_cca_info
                0x0000000000001ebc       0x54 contiki-srf06-cc26xx.a(ieee-mode.o)
 .text.check_rat_overflow
                0x0000000000001f10       0x84 contiki-srf06-cc26xx.a(ieee-mode.o)
 .text.receiving_packet
                0x0000000000001f94       0x3c contiki-srf06-cc26xx.a(ieee-mode.o)
 .text.off.part.7
                0x0000000000001fd0       0x68 contiki-srf06-cc26xx.a(ieee-mode.o)
 .text.off      0x0000000000002038       0x14 contiki-srf06-cc26xx.a(ieee-mode.o)
 .text.on       0x000000000000204c       0xa4 contiki-srf06-cc26xx.a(ieee-mode.o)
 .text.set_value
                0x00000000000020f0      0x174 contiki-srf06-cc26xx.a(ieee-mode.o)
 .text.get_value
                0x0000000000002264      0x198 contiki-srf06-cc26xx.a(ieee-mode.o)
 .text.transmit
                0x00000000000023fc      0x104 contiki-srf06-cc26xx.a(ieee-mode.o)
 .text.send     0x0000000000002500       0x24 contiki-srf06-cc26xx.a(ieee-mode.o)
 .text.channel_clear
                0x0000000000002524       0x84 contiki-srf06-cc26xx.a(ieee-mode.o)
 .text.read_frame
                0x00000000000025a8      0x194 contiki-srf06-cc26xx.a(ieee-mode.o)
 .text.handle_rat_overflow
                0x000000000000273c       0x68 contiki-srf06-cc26xx.a(ieee-mode.o)
 .text.init     0x00000000000027a4      0x114 contiki-srf06-cc26xx.a(ieee-mode.o)
 .text.random_rand
                0x00000000000028b8        0xc contiki-srf06-cc26xx.a(random.o)
                0x00000000000028b8                random_rand
 .text.random_init
                0x00000000000028c4        0x4 contiki-srf06-cc26xx.a(random.o)
                0x00000000000028c4                random_init
 .text.power_up
                0x00000000000028c8       0x40 contiki-srf06-cc26xx.a(soc-trng.o)
 .text.request  0x0000000000002908       0x14 contiki-srf06-cc26xx.a(soc-trng.o)
 .text.process_thread_soc_trng_process
                0x000000000000291c       0x94 contiki-srf06-cc26xx.a(soc-trng.o)
 .text.accessible
                0x00000000000029b0       0x24 contiki-srf06-cc26xx.a(soc-trng.o)
 .text.soc_trng_rand_synchronous
                0x00000000000029d4       0xcc contiki-srf06-cc26xx.a(soc-trng.o)
                0x00000000000029d4                soc_trng_rand_synchronous
 .text.TRNGIntHandler
                0x0000000000002aa0       0x50 contiki-srf06-cc26xx.a(soc-trng.o)
                0x0000000000002aa0                TRNGIntHandler
 .text.soc_trng_init
                0x0000000000002af0       0x28 contiki-srf06-cc26xx.a(soc-trng.o)
                0x0000000000002af0                soc_trng_init
 .text.write_str
                0x0000000000002b18       0x14 contiki-srf06-cc26xx.a(dbg-printf.o)
 .text.printf   0x0000000000002b2c       0x24 contiki-srf06-cc26xx.a(dbg-printf.o)
                0x0000000000002b2c                printf
 .text.fill_space
                0x0000000000002b50       0x40 contiki-srf06-cc26xx.a(strformat.o)
 .text.format_str_v
                0x0000000000002b90      0x928 contiki-srf06-cc26xx.a(strformat.o)
                0x0000000000002b90                format_str_v
 .text.autostart_start
                0x00000000000034b8       0x18 contiki-srf06-cc26xx.a(autostart.o)
                0x00000000000034b8                autostart_start
 .text.energest_init
                0x00000000000034d0        0x4 contiki-srf06-cc26xx.a(energest.o)
                0x00000000000034d0                energest_init
 .text.process_thread_ctimer_process
                0x00000000000034d4       0x94 contiki-srf06-cc26xx.a(ctimer.o)
 .text.ctimer_init
                0x0000000000003568       0x28 contiki-srf06-cc26xx.a(ctimer.o)
                0x0000000000003568                ctimer_init
 .text.ctimer_set_with_process
                0x0000000000003590       0x4c contiki-srf06-cc26xx.a(ctimer.o)
                0x0000000000003590                ctimer_set_with_process
 .text.ctimer_set
                0x00000000000035dc       0x18 contiki-srf06-cc26xx.a(ctimer.o)
                0x00000000000035dc                ctimer_set
 .text.ctimer_reset
                0x00000000000035f4       0x38 contiki-srf06-cc26xx.a(ctimer.o)
                0x00000000000035f4                ctimer_reset
 .text.ctimer_restart
                0x000000000000362c       0x38 contiki-srf06-cc26xx.a(ctimer.o)
                0x000000000000362c                ctimer_restart
 .text.ctimer_stop
                0x0000000000003664       0x34 contiki-srf06-cc26xx.a(ctimer.o)
                0x0000000000003664                ctimer_stop
 .text.update_time.part.0
                0x0000000000003698       0x3c contiki-srf06-cc26xx.a(etimer.o)
 .text.process_thread_etimer_process
                0x00000000000036d4       0xdc contiki-srf06-cc26xx.a(etimer.o)
 .text.add_timer
                0x00000000000037b0       0x54 contiki-srf06-cc26xx.a(etimer.o)
 .text.etimer_request_poll
                0x0000000000003804        0xc contiki-srf06-cc26xx.a(etimer.o)
                0x0000000000003804                etimer_request_poll
 .text.etimer_set
                0x0000000000003810       0x14 contiki-srf06-cc26xx.a(etimer.o)
                0x0000000000003810                etimer_set
 .text.etimer_reset
                0x0000000000003824       0x14 contiki-srf06-cc26xx.a(etimer.o)
                0x0000000000003824                etimer_reset
 .text.etimer_restart
                0x0000000000003838       0x14 contiki-srf06-cc26xx.a(etimer.o)
                0x0000000000003838                etimer_restart
 .text.etimer_expired
                0x000000000000384c        0xc contiki-srf06-cc26xx.a(etimer.o)
                0x000000000000384c                etimer_expired
 .text.etimer_expiration_time
                0x0000000000003858        0x8 contiki-srf06-cc26xx.a(etimer.o)
                0x0000000000003858                etimer_expiration_time
 .text.etimer_pending
                0x0000000000003860       0x10 contiki-srf06-cc26xx.a(etimer.o)
                0x0000000000003860                etimer_pending
 .text.etimer_next_expiration_time
                0x0000000000003870       0x14 contiki-srf06-cc26xx.a(etimer.o)
                0x0000000000003870                etimer_next_expiration_time
 .text.etimer_stop
                0x0000000000003884       0x50 contiki-srf06-cc26xx.a(etimer.o)
                0x0000000000003884                etimer_stop
 .text.exit_process
                0x00000000000038d4       0x9c contiki-srf06-cc26xx.a(process.o)
 .text.call_process.part.0
                0x0000000000003970       0x38 contiki-srf06-cc26xx.a(process.o)
 .text.do_poll  0x00000000000039a8       0x38 contiki-srf06-cc26xx.a(process.o)
 .text.process_alloc_event
                0x00000000000039e0       0x10 contiki-srf06-cc26xx.a(process.o)
                0x00000000000039e0                process_alloc_event
 .text.process_start
                0x00000000000039f0       0x48 contiki-srf06-cc26xx.a(process.o)
                0x00000000000039f0                process_start
 .text.process_init
                0x0000000000003a38       0x34 contiki-srf06-cc26xx.a(process.o)
                0x0000000000003a38                process_init
 .text.process_run
                0x0000000000003a6c       0xa4 contiki-srf06-cc26xx.a(process.o)
                0x0000000000003a6c                process_run
 .text.process_nevents
                0x0000000000003b10       0x14 contiki-srf06-cc26xx.a(process.o)
                0x0000000000003b10                process_nevents
 .text.process_post
                0x0000000000003b24       0x40 contiki-srf06-cc26xx.a(process.o)
                0x0000000000003b24                process_post
 .text.process_post_synch
                0x0000000000003b64       0x18 contiki-srf06-cc26xx.a(process.o)
                0x0000000000003b64                process_post_synch
 .text.process_poll
                0x0000000000003b7c       0x1c contiki-srf06-cc26xx.a(process.o)
                0x0000000000003b7c                process_poll
 .text.rtimer_init
                0x0000000000003b98        0x4 contiki-srf06-cc26xx.a(rtimer.o)
                0x0000000000003b98                rtimer_init
 .text.rtimer_set
                0x0000000000003b9c       0x30 contiki-srf06-cc26xx.a(rtimer.o)
                0x0000000000003b9c                rtimer_set
 .text.rtimer_run_next
                0x0000000000003bcc       0x28 contiki-srf06-cc26xx.a(rtimer.o)
                0x0000000000003bcc                rtimer_run_next
 .text.timer_set
                0x0000000000003bf4       0x10 contiki-srf06-cc26xx.a(timer.o)
                0x0000000000003bf4                timer_set
 .text.timer_reset
                0x0000000000003c04        0xc contiki-srf06-cc26xx.a(timer.o)
                0x0000000000003c04                timer_reset
 .text.timer_restart
                0x0000000000003c10        0xc contiki-srf06-cc26xx.a(timer.o)
                0x0000000000003c10                timer_restart
 .text.timer_expired
                0x0000000000003c1c       0x1c contiki-srf06-cc26xx.a(timer.o)
                0x0000000000003c1c                timer_expired
 .text.process_thread_serial_line_process
                0x0000000000003c38       0xa4 contiki-srf06-cc26xx.a(serial-line.o)
 .text.serial_line_init
                0x0000000000003cdc       0x24 contiki-srf06-cc26xx.a(serial-line.o)
                0x0000000000003cdc                serial_line_init
 .text.list_init
                0x0000000000003d00        0x8 contiki-srf06-cc26xx.a(list.o)
                0x0000000000003d00                list_init
 .text.list_head
                0x0000000000003d08        0x4 contiki-srf06-cc26xx.a(list.o)
                0x0000000000003d08                list_head
 .text.list_add
                0x0000000000003d0c       0x4c contiki-srf06-cc26xx.a(list.o)
                0x0000000000003d0c                list_add
 .text.list_push
                0x0000000000003d58       0x40 contiki-srf06-cc26xx.a(list.o)
                0x0000000000003d58                list_push
 .text.list_remove
                0x0000000000003d98       0x38 contiki-srf06-cc26xx.a(list.o)
                0x0000000000003d98                list_remove
 .text.list_length
                0x0000000000003dd0       0x14 contiki-srf06-cc26xx.a(list.o)
                0x0000000000003dd0                list_length
 .text.list_item_next
                0x0000000000003de4        0x8 contiki-srf06-cc26xx.a(list.o)
                0x0000000000003de4                list_item_next
 .text.ringbuf_init
                0x0000000000003dec       0x10 contiki-srf06-cc26xx.a(ringbuf.o)
                0x0000000000003dec                ringbuf_init
 .text.ringbuf_get
                0x0000000000003dfc       0x24 contiki-srf06-cc26xx.a(ringbuf.o)
                0x0000000000003dfc                ringbuf_get
 .text.chksum   0x0000000000003e20       0x58 contiki-srf06-cc26xx.a(uip6.o)
 .text.upper_layer_chksum
                0x0000000000003e78       0x54 contiki-srf06-cc26xx.a(uip6.o)
 .text.ext_hdr_options_process
                0x0000000000003ecc       0xd0 contiki-srf06-cc26xx.a(uip6.o)
 .text.uip_add32
                0x0000000000003f9c       0x58 contiki-srf06-cc26xx.a(uip6.o)
                0x0000000000003f9c                uip_add32
 .text.unlikely.uip_add_rcv_nxt
                0x0000000000003ff4       0x2c contiki-srf06-cc26xx.a(uip6.o)
 .text.uip_icmp6chksum
                0x0000000000004020        0x8 contiki-srf06-cc26xx.a(uip6.o)
                0x0000000000004020                uip_icmp6chksum
 .text.uip_init
                0x0000000000004028       0x5c contiki-srf06-cc26xx.a(uip6.o)
                0x0000000000004028                uip_init
 .text.remove_ext_hdr
                0x0000000000004084       0x54 contiki-srf06-cc26xx.a(uip6.o)
                0x0000000000004084                remove_ext_hdr
 .text.uip_unlisten
                0x00000000000040d8       0x28 contiki-srf06-cc26xx.a(uip6.o)
                0x00000000000040d8                uip_unlisten
 .text.uip_process
                0x0000000000004100      0xf3c contiki-srf06-cc26xx.a(uip6.o)
                0x0000000000004100                uip_process
 .text.uip_htonl
                0x000000000000503c       0x1c contiki-srf06-cc26xx.a(uip6.o)
                0x000000000000503c                uip_htonl
 .text.ns_input
                0x0000000000005058      0x278 contiki-srf06-cc26xx.a(uip-nd6.o)
 .text.uip_nd6_init
                0x00000000000052d0        0xc contiki-srf06-cc26xx.a(uip-nd6.o)
                0x00000000000052d0                uip_nd6_init
 .text.sicslowpan_init
                0x00000000000052dc       0x1c contiki-srf06-cc26xx.a(sicslowpan.o)
                0x00000000000052dc                sicslowpan_init
 .text.compress_addr_64
                0x00000000000052f8       0x98 contiki-srf06-cc26xx.a(sicslowpan.o)
 .text.set_packet_attrs
                0x0000000000005390       0x50 contiki-srf06-cc26xx.a(sicslowpan.o)
 .text.addr_context_lookup_by_prefix
                0x00000000000053e0       0x40 contiki-srf06-cc26xx.a(sicslowpan.o)
 .text.send_packet
                0x0000000000005420       0x24 contiki-srf06-cc26xx.a(sicslowpan.o)
 .text.packet_sent
                0x0000000000005444       0x28 contiki-srf06-cc26xx.a(sicslowpan.o)
 .text.store_fragment
                0x000000000000546c       0x74 contiki-srf06-cc26xx.a(sicslowpan.o)
 .text.add_fragment
                0x00000000000054e0      0x1bc contiki-srf06-cc26xx.a(sicslowpan.o)
 .text.uncompress_addr
                0x000000000000569c       0xc0 contiki-srf06-cc26xx.a(sicslowpan.o)
 .text.input    0x000000000000575c      0x5fc contiki-srf06-cc26xx.a(sicslowpan.o)
 .text.output   0x0000000000005d58      0x738 contiki-srf06-cc26xx.a(sicslowpan.o)
 .text.start_periodic_tcp_timer
                0x0000000000006490       0x1c contiki-srf06-cc26xx.a(tcpip.o)
 .text.tcpip_set_outputfunc
                0x00000000000064ac        0xc contiki-srf06-cc26xx.a(tcpip.o)
                0x00000000000064ac                tcpip_set_outputfunc
 .text.tcpip_icmp6_call
                0x00000000000064b8       0x28 contiki-srf06-cc26xx.a(tcpip.o)
                0x00000000000064b8                tcpip_icmp6_call
 .text.tcpip_input
                0x00000000000064e0       0x24 contiki-srf06-cc26xx.a(tcpip.o)
                0x00000000000064e0                tcpip_input
 .text.tcpip_ipv6_output
                0x0000000000006504       0xc4 contiki-srf06-cc26xx.a(tcpip.o)
                0x0000000000006504                tcpip_ipv6_output
 .text.process_thread_tcpip_process
                0x00000000000065c8      0x1c8 contiki-srf06-cc26xx.a(tcpip.o)
 .text.tcpip_uipcall
                0x0000000000006790       0x70 contiki-srf06-cc26xx.a(tcpip.o)
                0x0000000000006790                tcpip_uipcall
 .text.update_hbh_header
                0x0000000000006800       0xd0 contiki-srf06-cc26xx.a(rpl-ext-header.)
 .text.insert_hbh_header.isra.0
                0x00000000000068d0       0xa8 contiki-srf06-cc26xx.a(rpl-ext-header.)
 .text.rpl_verify_hbh_header
                0x0000000000006978       0xe8 contiki-srf06-cc26xx.a(rpl-ext-header.)
                0x0000000000006978                rpl_verify_hbh_header
 .text.rpl_remove_header
                0x0000000000006a60       0x78 contiki-srf06-cc26xx.a(rpl-ext-header.)
                0x0000000000006a60                rpl_remove_header
 .text.rpl_update_header
                0x0000000000006ad8       0x74 contiki-srf06-cc26xx.a(rpl-ext-header.)
                0x0000000000006ad8                rpl_update_header
 .text.rpl_get_mode
                0x0000000000006b4c        0xc contiki-srf06-cc26xx.a(rpl.o)
                0x0000000000006b4c                rpl_get_mode
 .text.rpl_purge_routes
                0x0000000000006b58       0x80 contiki-srf06-cc26xx.a(rpl.o)
                0x0000000000006b58                rpl_purge_routes
 .text.rpl_remove_routes
                0x0000000000006bd8       0x24 contiki-srf06-cc26xx.a(rpl.o)
                0x0000000000006bd8                rpl_remove_routes
 .text.rpl_remove_routes_by_nexthop
                0x0000000000006bfc       0x34 contiki-srf06-cc26xx.a(rpl.o)
                0x0000000000006bfc                rpl_remove_routes_by_nexthop
 .text.rpl_add_route
                0x0000000000006c30       0x38 contiki-srf06-cc26xx.a(rpl.o)
                0x0000000000006c30                rpl_add_route
 .text.rpl_link_neighbor_callback
                0x0000000000006c68       0x48 contiki-srf06-cc26xx.a(rpl.o)
                0x0000000000006c68                rpl_link_neighbor_callback
 .text.rpl_ipv6_neighbor_callback
                0x0000000000006cb0       0x30 contiki-srf06-cc26xx.a(rpl.o)
                0x0000000000006cb0                rpl_ipv6_neighbor_callback
 .text.rpl_purge_dags
                0x0000000000006ce0       0x5c contiki-srf06-cc26xx.a(rpl.o)
                0x0000000000006ce0                rpl_purge_dags
 .text.rpl_init
                0x0000000000006d3c       0x34 contiki-srf06-cc26xx.a(rpl.o)
                0x0000000000006d3c                rpl_init
 .text.dao_ack_input
                0x0000000000006d70       0x14 contiki-srf06-cc26xx.a(rpl-icmp6.o)
 .text.dao_output_target_seq
                0x0000000000006d84      0x118 contiki-srf06-cc26xx.a(rpl-icmp6.o)
 .text.dio_input
                0x0000000000006e9c      0x29c contiki-srf06-cc26xx.a(rpl-icmp6.o)
 .text.rpl_icmp6_update_nbr_table
                0x0000000000007138       0x38 contiki-srf06-cc26xx.a(rpl-icmp6.o)
                0x0000000000007138                rpl_icmp6_update_nbr_table
 .text.dao_input
                0x0000000000007170      0x2d4 contiki-srf06-cc26xx.a(rpl-icmp6.o)
 .text.dis_output
                0x0000000000007444       0x40 contiki-srf06-cc26xx.a(rpl-icmp6.o)
                0x0000000000007444                dis_output
 .text.dio_output
                0x0000000000007484      0x29c contiki-srf06-cc26xx.a(rpl-icmp6.o)
                0x0000000000007484                dio_output
 .text.dis_input
                0x0000000000007720       0x54 contiki-srf06-cc26xx.a(rpl-icmp6.o)
 .text.dao_output
                0x0000000000007774       0x88 contiki-srf06-cc26xx.a(rpl-icmp6.o)
                0x0000000000007774                dao_output
 .text.dao_output_target
                0x00000000000077fc        0xc contiki-srf06-cc26xx.a(rpl-icmp6.o)
                0x00000000000077fc                dao_output_target
 .text.rpl_icmp6_register_handlers
                0x0000000000007808       0x30 contiki-srf06-cc26xx.a(rpl-icmp6.o)
                0x0000000000007808                rpl_icmp6_register_handlers
 .text.rpl_set_preferred_parent
                0x0000000000007838       0x2c contiki-srf06-cc26xx.a(rpl-dag.o)
 .text.set_ip_from_prefix
                0x0000000000007864       0x24 contiki-srf06-cc26xx.a(rpl-dag.o)
 .text.check_prefix
                0x0000000000007888       0x7c contiki-srf06-cc26xx.a(rpl-dag.o)
 .text.find_parent_any_dag_any_instance
                0x0000000000007904       0x1c contiki-srf06-cc26xx.a(rpl-dag.o)
 .text.lollipop_greater_than
                0x0000000000007920       0x3c contiki-srf06-cc26xx.a(rpl-dag.o)
 .text.rpl_dag_init
                0x000000000000795c       0x14 contiki-srf06-cc26xx.a(rpl-dag.o)
                0x000000000000795c                rpl_dag_init
 .text.rpl_get_parent
                0x0000000000007970       0x10 contiki-srf06-cc26xx.a(rpl-dag.o)
                0x0000000000007970                rpl_get_parent
 .text.rpl_rank_via_parent
                0x0000000000007980       0x1c contiki-srf06-cc26xx.a(rpl-dag.o)
                0x0000000000007980                rpl_rank_via_parent
 .text.rpl_get_parent_ipaddr
                0x000000000000799c       0x18 contiki-srf06-cc26xx.a(rpl-dag.o)
                0x000000000000799c                rpl_get_parent_ipaddr
 .text.rpl_get_parent_link_stats
                0x00000000000079b4       0x18 contiki-srf06-cc26xx.a(rpl-dag.o)
                0x00000000000079b4                rpl_get_parent_link_stats
 .text.best_parent
                0x00000000000079cc       0x94 contiki-srf06-cc26xx.a(rpl-dag.o)
 .text.rpl_parent_is_fresh
                0x0000000000007a60       0x10 contiki-srf06-cc26xx.a(rpl-dag.o)
                0x0000000000007a60                rpl_parent_is_fresh
 .text.rpl_parent_is_reachable
                0x0000000000007a70       0x38 contiki-srf06-cc26xx.a(rpl-dag.o)
                0x0000000000007a70                rpl_parent_is_reachable
 .text.rpl_repair_root
                0x0000000000007aa8       0x54 contiki-srf06-cc26xx.a(rpl-dag.o)
                0x0000000000007aa8                rpl_repair_root
 .text.rpl_set_prefix
                0x0000000000007afc       0x9c contiki-srf06-cc26xx.a(rpl-dag.o)
                0x0000000000007afc                rpl_set_prefix
 .text.rpl_set_default_route
                0x0000000000007b98       0x30 contiki-srf06-cc26xx.a(rpl-dag.o)
                0x0000000000007b98                rpl_set_default_route
 .text.rpl_alloc_instance
                0x0000000000007bc8       0x34 contiki-srf06-cc26xx.a(rpl-dag.o)
                0x0000000000007bc8                rpl_alloc_instance
 .text.rpl_alloc_dag
                0x0000000000007bfc       0x5c contiki-srf06-cc26xx.a(rpl-dag.o)
                0x0000000000007bfc                rpl_alloc_dag
 .text.rpl_add_parent
                0x0000000000007c58       0x30 contiki-srf06-cc26xx.a(rpl-dag.o)
                0x0000000000007c58                rpl_add_parent
 .text.rpl_join_instance.part.6
                0x0000000000007c88      0x150 contiki-srf06-cc26xx.a(rpl-dag.o)
 .text.rpl_find_parent
                0x0000000000007dd8       0x18 contiki-srf06-cc26xx.a(rpl-dag.o)
                0x0000000000007dd8                rpl_find_parent
 .text.rpl_find_parent_any_dag
                0x0000000000007df0       0x20 contiki-srf06-cc26xx.a(rpl-dag.o)
                0x0000000000007df0                rpl_find_parent_any_dag
 .text.rpl_select_parent
                0x0000000000007e10       0x58 contiki-srf06-cc26xx.a(rpl-dag.o)
                0x0000000000007e10                rpl_select_parent
 .text.rpl_select_dag
                0x0000000000007e68      0x170 contiki-srf06-cc26xx.a(rpl-dag.o)
                0x0000000000007e68                rpl_select_dag
 .text.rpl_nullify_parent
                0x0000000000007fd8       0x58 contiki-srf06-cc26xx.a(rpl-dag.o)
                0x0000000000007fd8                rpl_nullify_parent
 .text.nbr_callback
                0x0000000000008030       0x1c contiki-srf06-cc26xx.a(rpl-dag.o)
 .text.remove_parents.constprop.9
                0x000000000000804c       0x48 contiki-srf06-cc26xx.a(rpl-dag.o)
 .text.rpl_free_dag
                0x0000000000008094       0x48 contiki-srf06-cc26xx.a(rpl-dag.o)
                0x0000000000008094                rpl_free_dag
 .text.rpl_move_parent
                0x00000000000080dc       0x58 contiki-srf06-cc26xx.a(rpl-dag.o)
                0x00000000000080dc                rpl_move_parent
 .text.rpl_get_dag
                0x0000000000008134       0x58 contiki-srf06-cc26xx.a(rpl-dag.o)
                0x0000000000008134                rpl_get_dag
 .text.rpl_get_any_dag
                0x000000000000818c       0x18 contiki-srf06-cc26xx.a(rpl-dag.o)
                0x000000000000818c                rpl_get_any_dag
 .text.rpl_get_instance
                0x00000000000081a4       0x1c contiki-srf06-cc26xx.a(rpl-dag.o)
                0x00000000000081a4                rpl_get_instance
 .text.rpl_local_repair
                0x00000000000081c0       0x80 contiki-srf06-cc26xx.a(rpl-dag.o)
                0x00000000000081c0                rpl_local_repair
 .text.rpl_process_parent_event
                0x0000000000008240       0xa0 contiki-srf06-cc26xx.a(rpl-dag.o)
                0x0000000000008240                rpl_process_parent_event
 .text.rpl_add_dag
                0x00000000000082e0      0x14c contiki-srf06-cc26xx.a(rpl-dag.o)
                0x00000000000082e0                rpl_add_dag
 .text.rpl_recalculate_ranks
                0x000000000000842c       0x50 contiki-srf06-cc26xx.a(rpl-dag.o)
                0x000000000000842c                rpl_recalculate_ranks
 .text.rpl_process_dio
                0x000000000000847c      0x314 contiki-srf06-cc26xx.a(rpl-dag.o)
                0x000000000000847c                rpl_process_dio
 .text.NOROM_PowerCtrlSourceSet
                0x0000000000008790       0x30 contiki-srf06-cc26xx.a(pwr_ctrl.o)
                0x0000000000008790                NOROM_PowerCtrlSourceSet
 .text.NOROM_AONRTCCurrentCompareValueGet
                0x00000000000087c0       0x24 contiki-srf06-cc26xx.a(aon_rtc.o)
                0x00000000000087c0                NOROM_AONRTCCurrentCompareValueGet
 .text.NOROM_TRNGConfigure
                0x00000000000087e4       0x38 contiki-srf06-cc26xx.a(trng.o)
                0x00000000000087e4                NOROM_TRNGConfigure
 .text.SafeHapiVoid
                0x000000000000881c       0x28 contiki-srf06-cc26xx.a(adi.o)
                0x000000000000881c                SafeHapiVoid
 .text.NOROM_CPUcpsid
                0x0000000000008844        0x8 contiki-srf06-cc26xx.a(cpu.o)
                0x0000000000008844                NOROM_CPUcpsid
 .text.NOROM_CPUcpsie
                0x000000000000884c        0x8 contiki-srf06-cc26xx.a(cpu.o)
                0x000000000000884c                NOROM_CPUcpsie
 .text.NOROM_ChipInfo_GetSupportedProtocol_BV
                0x0000000000008854       0x10 contiki-srf06-cc26xx.a(chipinfo.o)
                0x0000000000008854                NOROM_ChipInfo_GetSupportedProtocol_BV
 .text.NOROM_ChipInfo_GetChipFamily
                0x0000000000008864       0x4c contiki-srf06-cc26xx.a(chipinfo.o)
                0x0000000000008864                NOROM_ChipInfo_GetChipFamily
 .text.NOROM_ChipInfo_GetChipType
                0x00000000000088b0       0x50 contiki-srf06-cc26xx.a(chipinfo.o)
                0x00000000000088b0                NOROM_ChipInfo_GetChipType
 .text.NOROM_ChipInfo_GetHwRevision
                0x0000000000008900       0x6c contiki-srf06-cc26xx.a(chipinfo.o)
                0x0000000000008900                NOROM_ChipInfo_GetHwRevision
 .text.NOROM_ThisCodeIsBuiltForCC26xxHwRev22AndLater_HaltIfViolated
                0x000000000000896c       0x14 contiki-srf06-cc26xx.a(chipinfo.o)
                0x000000000000896c                NOROM_ThisCodeIsBuiltForCC26xxHwRev22AndLater_HaltIfViolated
 .text.NOROM_AONBatMonTemperatureGetDegC
                0x0000000000008980       0x30 contiki-srf06-cc26xx.a(aon_batmon.o)
                0x0000000000008980                NOROM_AONBatMonTemperatureGetDegC
 .text.TrimAfterColdResetWakeupFromShutDown
                0x00000000000089b0       0xe4 contiki-srf06-cc26xx.a(setup.o)
 .text.NOROM_SetupTrimDevice
                0x0000000000008a94       0xa0 contiki-srf06-cc26xx.a(setup.o)
                0x0000000000008a94                NOROM_SetupTrimDevice
 .text.NOROM_DDI32RegWrite
                0x0000000000008b34       0x2c contiki-srf06-cc26xx.a(ddi.o)
                0x0000000000008b34                NOROM_DDI32RegWrite
 .text.NOROM_DDI16BitfieldWrite
                0x0000000000008b60       0x48 contiki-srf06-cc26xx.a(ddi.o)
                0x0000000000008b60                NOROM_DDI16BitfieldWrite
 .text.NOROM_DDI16BitfieldRead
                0x0000000000008ba8       0x48 contiki-srf06-cc26xx.a(ddi.o)
                0x0000000000008ba8                NOROM_DDI16BitfieldRead
 .text.NOROM_SysCtrlSetRechargeBeforePowerDown
                0x0000000000008bf0      0x238 contiki-srf06-cc26xx.a(sys_ctrl.o)
                0x0000000000008bf0                NOROM_SysCtrlSetRechargeBeforePowerDown
 .text.NOROM_SysCtrlAdjustRechargeAfterPowerDown
                0x0000000000008e28       0x64 contiki-srf06-cc26xx.a(sys_ctrl.o)
                0x0000000000008e28                NOROM_SysCtrlAdjustRechargeAfterPowerDown
 .text.NOROM_SysCtrl_DCDC_VoltageConditionalControl
                0x0000000000008e8c       0x7c contiki-srf06-cc26xx.a(sys_ctrl.o)
                0x0000000000008e8c                NOROM_SysCtrl_DCDC_VoltageConditionalControl
 .text.NOROM_OSCClockSourceSet
                0x0000000000008f08       0x50 contiki-srf06-cc26xx.a(osc.o)
                0x0000000000008f08                NOROM_OSCClockSourceSet
 .text.NOROM_OSCClockSourceGet
                0x0000000000008f58       0x20 contiki-srf06-cc26xx.a(osc.o)
                0x0000000000008f58                NOROM_OSCClockSourceGet
 .text.queuebuf_init
                0x0000000000008f78       0x1c contiki-srf06-cc26xx.a(queuebuf.o)
                0x0000000000008f78                queuebuf_init
 .text.queuebuf_numfree
                0x0000000000008f94        0xc contiki-srf06-cc26xx.a(queuebuf.o)
                0x0000000000008f94                queuebuf_numfree
 .text.queuebuf_new_from_packetbuf
                0x0000000000008fa0       0x44 contiki-srf06-cc26xx.a(queuebuf.o)
                0x0000000000008fa0                queuebuf_new_from_packetbuf
 .text.queuebuf_update_attr_from_packetbuf
                0x0000000000008fe4        0xc contiki-srf06-cc26xx.a(queuebuf.o)
                0x0000000000008fe4                queuebuf_update_attr_from_packetbuf
 .text.queuebuf_update_from_packetbuf
                0x0000000000008ff0       0x1c contiki-srf06-cc26xx.a(queuebuf.o)
                0x0000000000008ff0                queuebuf_update_from_packetbuf
 .text.queuebuf_free
                0x000000000000900c       0x2c contiki-srf06-cc26xx.a(queuebuf.o)
                0x000000000000900c                queuebuf_free
 .text.queuebuf_to_packetbuf
                0x0000000000009038       0x30 contiki-srf06-cc26xx.a(queuebuf.o)
                0x0000000000009038                queuebuf_to_packetbuf
 .text.queuebuf_attr
                0x0000000000009068        0xc contiki-srf06-cc26xx.a(queuebuf.o)
                0x0000000000009068                queuebuf_attr
 .text.index_from_lladdr
                0x0000000000009074       0x50 contiki-srf06-cc26xx.a(nbr-table.o)
 .text.remove_key
                0x00000000000090c4       0x90 contiki-srf06-cc26xx.a(nbr-table.o)
 .text.nbr_table_register
                0x0000000000009154       0x2c contiki-srf06-cc26xx.a(nbr-table.o)
                0x0000000000009154                nbr_table_register
 .text.nbr_table_next
                0x0000000000009180       0x70 contiki-srf06-cc26xx.a(nbr-table.o)
                0x0000000000009180                nbr_table_next
 .text.nbr_table_head
                0x00000000000091f0       0x58 contiki-srf06-cc26xx.a(nbr-table.o)
                0x00000000000091f0                nbr_table_head
 .text.nbr_table_add_lladdr
                0x0000000000009248      0x150 contiki-srf06-cc26xx.a(nbr-table.o)
                0x0000000000009248                nbr_table_add_lladdr
 .text.nbr_table_get_from_lladdr
                0x0000000000009398       0x38 contiki-srf06-cc26xx.a(nbr-table.o)
                0x0000000000009398                nbr_table_get_from_lladdr
 .text.nbr_table_remove
                0x00000000000093d0       0x5c contiki-srf06-cc26xx.a(nbr-table.o)
                0x00000000000093d0                nbr_table_remove
 .text.nbr_table_lock
                0x000000000000942c       0x34 contiki-srf06-cc26xx.a(nbr-table.o)
                0x000000000000942c                nbr_table_lock
 .text.nbr_table_unlock
                0x0000000000009460       0x38 contiki-srf06-cc26xx.a(nbr-table.o)
                0x0000000000009460                nbr_table_unlock
 .text.nbr_table_get_lladdr
                0x0000000000009498       0x30 contiki-srf06-cc26xx.a(nbr-table.o)
                0x0000000000009498                nbr_table_get_lladdr
 .text.nbr_table_update_lladdr
                0x00000000000094c8       0x58 contiki-srf06-cc26xx.a(nbr-table.o)
                0x00000000000094c8                nbr_table_update_lladdr
 .text.packetbuf_copyto
                0x0000000000009520       0x50 contiki-srf06-cc26xx.a(packetbuf.o)
                0x0000000000009520                packetbuf_copyto
 .text.packetbuf_hdralloc
                0x0000000000009570       0x60 contiki-srf06-cc26xx.a(packetbuf.o)
                0x0000000000009570                packetbuf_hdralloc
 .text.packetbuf_hdrreduce
                0x00000000000095d0       0x2c contiki-srf06-cc26xx.a(packetbuf.o)
                0x00000000000095d0                packetbuf_hdrreduce
 .text.packetbuf_set_datalen
                0x00000000000095fc        0xc contiki-srf06-cc26xx.a(packetbuf.o)
                0x00000000000095fc                packetbuf_set_datalen
 .text.packetbuf_dataptr
                0x0000000000009608       0x20 contiki-srf06-cc26xx.a(packetbuf.o)
                0x0000000000009608                packetbuf_dataptr
 .text.packetbuf_hdrptr
                0x0000000000009628        0x8 contiki-srf06-cc26xx.a(packetbuf.o)
                0x0000000000009628                packetbuf_hdrptr
 .text.packetbuf_datalen
                0x0000000000009630        0xc contiki-srf06-cc26xx.a(packetbuf.o)
                0x0000000000009630                packetbuf_datalen
 .text.packetbuf_totlen
                0x000000000000963c       0x24 contiki-srf06-cc26xx.a(packetbuf.o)
                0x000000000000963c                packetbuf_totlen
 .text.packetbuf_attr_clear
                0x0000000000009660       0x34 contiki-srf06-cc26xx.a(packetbuf.o)
                0x0000000000009660                packetbuf_attr_clear
 .text.packetbuf_clear
                0x0000000000009694       0x20 contiki-srf06-cc26xx.a(packetbuf.o)
                0x0000000000009694                packetbuf_clear
 .text.packetbuf_copyfrom
                0x00000000000096b4       0x40 contiki-srf06-cc26xx.a(packetbuf.o)
                0x00000000000096b4                packetbuf_copyfrom
 .text.packetbuf_attr_copyto
                0x00000000000096f4       0x44 contiki-srf06-cc26xx.a(packetbuf.o)
                0x00000000000096f4                packetbuf_attr_copyto
 .text.packetbuf_attr_copyfrom
                0x0000000000009738       0x44 contiki-srf06-cc26xx.a(packetbuf.o)
                0x0000000000009738                packetbuf_attr_copyfrom
 .text.packetbuf_set_attr
                0x000000000000977c       0x10 contiki-srf06-cc26xx.a(packetbuf.o)
                0x000000000000977c                packetbuf_set_attr
 .text.packetbuf_attr
                0x000000000000978c        0xc contiki-srf06-cc26xx.a(packetbuf.o)
                0x000000000000978c                packetbuf_attr
 .text.packetbuf_set_addr
                0x0000000000009798       0x18 contiki-srf06-cc26xx.a(packetbuf.o)
                0x0000000000009798                packetbuf_set_addr
 .text.packetbuf_addr
                0x00000000000097b0       0x10 contiki-srf06-cc26xx.a(packetbuf.o)
                0x00000000000097b0                packetbuf_addr
 .text.packetbuf_holds_broadcast
                0x00000000000097c0       0x10 contiki-srf06-cc26xx.a(packetbuf.o)
                0x00000000000097c0                packetbuf_holds_broadcast
 .text.netstack_init
                0x00000000000097d0       0x38 contiki-srf06-cc26xx.a(netstack.o)
                0x00000000000097d0                netstack_init
 .text.linkaddr_copy
                0x0000000000009808        0xc contiki-srf06-cc26xx.a(linkaddr.o)
                0x0000000000009808                linkaddr_copy
 .text.linkaddr_cmp
                0x0000000000009814       0x10 contiki-srf06-cc26xx.a(linkaddr.o)
                0x0000000000009814                linkaddr_cmp
 .text.periodic
                0x0000000000009824       0x30 contiki-srf06-cc26xx.a(link-stats.o)
 .text.link_stats_from_lladdr
                0x0000000000009854        0xc contiki-srf06-cc26xx.a(link-stats.o)
                0x0000000000009854                link_stats_from_lladdr
 .text.link_stats_is_fresh
                0x0000000000009860       0x28 contiki-srf06-cc26xx.a(link-stats.o)
                0x0000000000009860                link_stats_is_fresh
 .text.link_stats_packet_sent
                0x0000000000009888       0xcc contiki-srf06-cc26xx.a(link-stats.o)
                0x0000000000009888                link_stats_packet_sent
 .text.link_stats_input_callback
                0x0000000000009954       0x5c contiki-srf06-cc26xx.a(link-stats.o)
                0x0000000000009954                link_stats_input_callback
 .text.link_stats_init
                0x00000000000099b0       0x28 contiki-srf06-cc26xx.a(link-stats.o)
                0x00000000000099b0                link_stats_init
 .text.parse    0x00000000000099d8       0xa0 contiki-srf06-cc26xx.a(framer-802154.o)
 .text.create_frame.isra.0
                0x0000000000009a78      0x144 contiki-srf06-cc26xx.a(framer-802154.o)
 .text.create   0x0000000000009bbc        0x8 contiki-srf06-cc26xx.a(framer-802154.o)
 .text.hdr_length
                0x0000000000009bc4        0x8 contiki-srf06-cc26xx.a(framer-802154.o)
 .text.input_packet
                0x0000000000009bcc        0xc contiki-srf06-cc26xx.a(csma.o)
 .text.on       0x0000000000009bd8        0xc contiki-srf06-cc26xx.a(csma.o)
 .text.off      0x0000000000009be4        0xc contiki-srf06-cc26xx.a(csma.o)
 .text.channel_check_interval
                0x0000000000009bf0       0x10 contiki-srf06-cc26xx.a(csma.o)
 .text.schedule_transmission
                0x0000000000009c00       0x4c contiki-srf06-cc26xx.a(csma.o)
 .text.send_packet
                0x0000000000009c4c      0x150 contiki-srf06-cc26xx.a(csma.o)
 .text.init     0x0000000000009d9c       0x24 contiki-srf06-cc26xx.a(csma.o)
 .text.transmit_packet_list
                0x0000000000009dc0       0x34 contiki-srf06-cc26xx.a(csma.o)
 .text.tx_done  0x0000000000009df4       0x8c contiki-srf06-cc26xx.a(csma.o)
 .text.packet_sent
                0x0000000000009e80       0xe4 contiki-srf06-cc26xx.a(csma.o)
 .text.duty_cycle
                0x0000000000009f64        0x4 contiki-srf06-cc26xx.a(contikimac.o)
 .text.init     0x0000000000009f68       0x40 contiki-srf06-cc26xx.a(contikimac.o)
 .text.on.part.0
                0x0000000000009fa8       0x14 contiki-srf06-cc26xx.a(contikimac.o)
 .text.off      0x0000000000009fbc       0x38 contiki-srf06-cc26xx.a(contikimac.o)
 .text.recv_burst_off
                0x0000000000009ff4       0x14 contiki-srf06-cc26xx.a(contikimac.o)
 .text.powercycle_turn_radio_off.part.2
                0x000000000000a008       0x10 contiki-srf06-cc26xx.a(contikimac.o)
 .text.turn_off
                0x000000000000a018       0x48 contiki-srf06-cc26xx.a(contikimac.o)
 .text.turn_on  0x000000000000a060       0x44 contiki-srf06-cc26xx.a(contikimac.o)
 .text.schedule_powercycle_fixed.part.5
                0x000000000000a0a4       0x30 contiki-srf06-cc26xx.a(contikimac.o)
 .text.input_packet
                0x000000000000a0d4       0xc0 contiki-srf06-cc26xx.a(contikimac.o)
 .text.send_packet.isra.8
                0x000000000000a194      0x24c contiki-srf06-cc26xx.a(contikimac.o)
 .text.qsend_packet
                0x000000000000a3e0       0x24 contiki-srf06-cc26xx.a(contikimac.o)
 .text.qsend_list
                0x000000000000a404       0xf4 contiki-srf06-cc26xx.a(contikimac.o)
 .text.powercycle_wrapper
                0x000000000000a4f8      0x278 contiki-srf06-cc26xx.a(contikimac.o)
 .text.init     0x000000000000a770        0x4 contiki-srf06-cc26xx.a(nullsec.o)
 .text.input    0x000000000000a774        0xc contiki-srf06-cc26xx.a(nullsec.o)
 .text.send     0x000000000000a780       0x20 contiki-srf06-cc26xx.a(nullsec.o)
 .text.rtimer_arch_init
                0x000000000000a7a0        0x4 contiki-srf06-cc26xx.a(rtimer-arch.o)
                0x000000000000a7a0                rtimer_arch_init
 .text.rtimer_arch_schedule
                0x000000000000a7a4        0x8 contiki-srf06-cc26xx.a(rtimer-arch.o)
                0x000000000000a7a4                rtimer_arch_schedule
 .text.rtimer_arch_now
                0x000000000000a7ac        0x4 contiki-srf06-cc26xx.a(rtimer-arch.o)
                0x000000000000a7ac                rtimer_arch_now
 .text.aux_ctrl_power_up
                0x000000000000a7b0       0x28 contiki-srf06-cc26xx.a(aux-ctrl.o)
                0x000000000000a7b0                aux_ctrl_power_up
 .text.aux_ctrl_register_consumer
                0x000000000000a7d8       0x40 contiki-srf06-cc26xx.a(aux-ctrl.o)
                0x000000000000a7d8                aux_ctrl_register_consumer
 .text.aux_ctrl_power_down
                0x000000000000a818       0x6c contiki-srf06-cc26xx.a(aux-ctrl.o)
                0x000000000000a818                aux_ctrl_power_down
 .text.aux_ctrl_unregister_consumer
                0x000000000000a884       0x28 contiki-srf06-cc26xx.a(aux-ctrl.o)
                0x000000000000a884                aux_ctrl_unregister_consumer
 .text.process_thread_rf_core_process
                0x000000000000a8ac       0x58 contiki-srf06-cc26xx.a(rf-core.o)
 .text.rf_core_is_accessible
                0x000000000000a904       0x10 contiki-srf06-cc26xx.a(rf-core.o)
                0x000000000000a904                rf_core_is_accessible
 .text.rf_core_send_cmd
                0x000000000000a914       0x98 contiki-srf06-cc26xx.a(rf-core.o)
                0x000000000000a914                rf_core_send_cmd
 .text.rf_core_wait_cmd_done
                0x000000000000a9ac       0x30 contiki-srf06-cc26xx.a(rf-core.o)
                0x000000000000a9ac                rf_core_wait_cmd_done
 .text.rf_core_power_up
                0x000000000000a9dc       0xcc contiki-srf06-cc26xx.a(rf-core.o)
                0x000000000000a9dc                rf_core_power_up
 .text.rf_core_start_rat
                0x000000000000aaa8       0x78 contiki-srf06-cc26xx.a(rf-core.o)
                0x000000000000aaa8                rf_core_start_rat
 .text.rf_core_stop_rat
                0x000000000000ab20       0x8c contiki-srf06-cc26xx.a(rf-core.o)
                0x000000000000ab20                rf_core_stop_rat
 .text.rf_core_power_down
                0x000000000000abac       0xfc contiki-srf06-cc26xx.a(rf-core.o)
                0x000000000000abac                rf_core_power_down
 .text.rf_core_set_modesel
                0x000000000000aca8       0x44 contiki-srf06-cc26xx.a(rf-core.o)
                0x000000000000aca8                rf_core_set_modesel
 .text.rf_core_boot
                0x000000000000acec       0x1c contiki-srf06-cc26xx.a(rf-core.o)
                0x000000000000acec                rf_core_boot
 .text.rf_core_restart_rat
                0x000000000000ad08       0x18 contiki-srf06-cc26xx.a(rf-core.o)
                0x000000000000ad08                rf_core_restart_rat
 .text.rf_core_setup_interrupts
                0x000000000000ad20       0x70 contiki-srf06-cc26xx.a(rf-core.o)
                0x000000000000ad20                rf_core_setup_interrupts
 .text.rf_core_cmd_done_en
                0x000000000000ad90       0x28 contiki-srf06-cc26xx.a(rf-core.o)
                0x000000000000ad90                rf_core_cmd_done_en
 .text.rf_core_cmd_done_dis
                0x000000000000adb8       0x18 contiki-srf06-cc26xx.a(rf-core.o)
                0x000000000000adb8                rf_core_cmd_done_dis
 .text.rf_core_get_last_radio_op
                0x000000000000add0        0xc contiki-srf06-cc26xx.a(rf-core.o)
                0x000000000000add0                rf_core_get_last_radio_op
 .text.rf_core_init_radio_op
                0x000000000000addc       0x1c contiki-srf06-cc26xx.a(rf-core.o)
                0x000000000000addc                rf_core_init_radio_op
 .text.rf_core_primary_mode_register
                0x000000000000adf8        0xc contiki-srf06-cc26xx.a(rf-core.o)
                0x000000000000adf8                rf_core_primary_mode_register
 .text.rf_core_primary_mode_abort
                0x000000000000ae04       0x14 contiki-srf06-cc26xx.a(rf-core.o)
                0x000000000000ae04                rf_core_primary_mode_abort
 .text.rf_core_primary_mode_restore
                0x000000000000ae18       0x14 contiki-srf06-cc26xx.a(rf-core.o)
                0x000000000000ae18                rf_core_primary_mode_restore
 .text.RFCCPE1IntHandler
                0x000000000000ae2c       0x28 contiki-srf06-cc26xx.a(rf-core.o)
                0x000000000000ae2c                RFCCPE1IntHandler
 .text.RFCCPE0IntHandler
                0x000000000000ae54       0x5c contiki-srf06-cc26xx.a(rf-core.o)
                0x000000000000ae54                RFCCPE0IntHandler
 .text.memb_init
                0x000000000000aeb0       0x24 contiki-srf06-cc26xx.a(memb.o)
                0x000000000000aeb0                memb_init
 .text.memb_alloc
                0x000000000000aed4       0x3c contiki-srf06-cc26xx.a(memb.o)
                0x000000000000aed4                memb_alloc
 .text.memb_free
                0x000000000000af10       0x3c contiki-srf06-cc26xx.a(memb.o)
                0x000000000000af10                memb_free
 .text.memb_inmemb
                0x000000000000af4c       0x1c contiki-srf06-cc26xx.a(memb.o)
                0x000000000000af4c                memb_inmemb
 .text.memb_numfree
                0x000000000000af68       0x20 contiki-srf06-cc26xx.a(memb.o)
                0x000000000000af68                memb_numfree
 .text.echo_reply_input
                0x000000000000af88       0xb0 contiki-srf06-cc26xx.a(uip-icmp6.o)
 .text.echo_request_input
                0x000000000000b038       0xb8 contiki-srf06-cc26xx.a(uip-icmp6.o)
 .text.uip_icmp6_input
                0x000000000000b0f0       0x3c contiki-srf06-cc26xx.a(uip-icmp6.o)
                0x000000000000b0f0                uip_icmp6_input
 .text.uip_icmp6_register_input_handler
                0x000000000000b12c        0xc contiki-srf06-cc26xx.a(uip-icmp6.o)
                0x000000000000b12c                uip_icmp6_register_input_handler
 .text.uip_icmp6_error_output
                0x000000000000b138      0x16c contiki-srf06-cc26xx.a(uip-icmp6.o)
                0x000000000000b138                uip_icmp6_error_output
 .text.uip_icmp6_send
                0x000000000000b2a4       0x8c contiki-srf06-cc26xx.a(uip-icmp6.o)
                0x000000000000b2a4                uip_icmp6_send
 .text.uip_icmp6_init
                0x000000000000b330       0x24 contiki-srf06-cc26xx.a(uip-icmp6.o)
                0x000000000000b330                uip_icmp6_init
 .text.uip_ds6_list_loop
                0x000000000000b354       0x58 contiki-srf06-cc26xx.a(uip-ds6.o)
                0x000000000000b354                uip_ds6_list_loop
 .text.uip_ds6_prefix_add
                0x000000000000b3ac       0x6c contiki-srf06-cc26xx.a(uip-ds6.o)
                0x000000000000b3ac                uip_ds6_prefix_add
 .text.uip_ds6_is_addr_onlink
                0x000000000000b418       0x40 contiki-srf06-cc26xx.a(uip-ds6.o)
                0x000000000000b418                uip_ds6_is_addr_onlink
 .text.uip_ds6_addr_lookup
                0x000000000000b458       0x2c contiki-srf06-cc26xx.a(uip-ds6.o)
                0x000000000000b458                uip_ds6_addr_lookup
 .text.uip_ds6_get_link_local
                0x000000000000b484       0x54 contiki-srf06-cc26xx.a(uip-ds6.o)
                0x000000000000b484                uip_ds6_get_link_local
 .text.uip_ds6_maddr_add
                0x000000000000b4d8       0x50 contiki-srf06-cc26xx.a(uip-ds6.o)
                0x000000000000b4d8                uip_ds6_maddr_add
 .text.uip_ds6_addr_add
                0x000000000000b528       0xa0 contiki-srf06-cc26xx.a(uip-ds6.o)
                0x000000000000b528                uip_ds6_addr_add
 .text.uip_ds6_maddr_lookup
                0x000000000000b5c8       0x2c contiki-srf06-cc26xx.a(uip-ds6.o)
                0x000000000000b5c8                uip_ds6_maddr_lookup
 .text.uip_ds6_addr_rm.part.0
                0x000000000000b5f4       0x40 contiki-srf06-cc26xx.a(uip-ds6.o)
 .text.uip_ds6_addr_rm
                0x000000000000b634        0x8 contiki-srf06-cc26xx.a(uip-ds6.o)
                0x000000000000b634                uip_ds6_addr_rm
 .text.uip_ds6_periodic
                0x000000000000b63c       0x58 contiki-srf06-cc26xx.a(uip-ds6.o)
                0x000000000000b63c                uip_ds6_periodic
 .text.uip_ds6_select_src
                0x000000000000b694      0x114 contiki-srf06-cc26xx.a(uip-ds6.o)
                0x000000000000b694                uip_ds6_select_src
 .text.uip_ds6_set_addr_iid
                0x000000000000b7a8       0x14 contiki-srf06-cc26xx.a(uip-ds6.o)
                0x000000000000b7a8                uip_ds6_set_addr_iid
 .text.uip_ds6_compute_reachable_time
                0x000000000000b7bc       0x2c contiki-srf06-cc26xx.a(uip-ds6.o)
                0x000000000000b7bc                uip_ds6_compute_reachable_time
 .text.uip_ds6_init
                0x000000000000b7e8       0xe0 contiki-srf06-cc26xx.a(uip-ds6.o)
                0x000000000000b7e8                uip_ds6_init
 .text.call_route_callback
                0x000000000000b8c8       0x54 contiki-srf06-cc26xx.a(uip-ds6-route.o)
 .text.uip_ds6_route_init
                0x000000000000b91c       0x4c contiki-srf06-cc26xx.a(uip-ds6-route.o)
                0x000000000000b91c                uip_ds6_route_init
 .text.uip_ds6_route_nexthop
                0x000000000000b968       0x1c contiki-srf06-cc26xx.a(uip-ds6-route.o)
                0x000000000000b968                uip_ds6_route_nexthop
 .text.uip_ds6_route_rm.part.0
                0x000000000000b984       0x9c contiki-srf06-cc26xx.a(uip-ds6-route.o)
 .text.rm_routelist
                0x000000000000ba20       0x3c contiki-srf06-cc26xx.a(uip-ds6-route.o)
 .text.rm_routelist_callback
                0x000000000000ba5c        0x4 contiki-srf06-cc26xx.a(uip-ds6-route.o)
 .text.uip_ds6_route_head
                0x000000000000ba60        0xc contiki-srf06-cc26xx.a(uip-ds6-route.o)
                0x000000000000ba60                uip_ds6_route_head
 .text.uip_ds6_route_next
                0x000000000000ba6c        0x8 contiki-srf06-cc26xx.a(uip-ds6-route.o)
                0x000000000000ba6c                uip_ds6_route_next
 .text.uip_ds6_route_is_nexthop
                0x000000000000ba74       0x20 contiki-srf06-cc26xx.a(uip-ds6-route.o)
                0x000000000000ba74                uip_ds6_route_is_nexthop
 .text.uip_ds6_route_lookup
                0x000000000000ba94       0x78 contiki-srf06-cc26xx.a(uip-ds6-route.o)
                0x000000000000ba94                uip_ds6_route_lookup
 .text.uip_ds6_route_add
                0x000000000000bb0c      0x114 contiki-srf06-cc26xx.a(uip-ds6-route.o)
                0x000000000000bb0c                uip_ds6_route_add
 .text.uip_ds6_route_rm
                0x000000000000bc20        0xc contiki-srf06-cc26xx.a(uip-ds6-route.o)
                0x000000000000bc20                uip_ds6_route_rm
 .text.uip_ds6_defrt_rm
                0x000000000000bc2c       0x48 contiki-srf06-cc26xx.a(uip-ds6-route.o)
                0x000000000000bc2c                uip_ds6_defrt_rm
 .text.uip_ds6_defrt_lookup
                0x000000000000bc74       0x38 contiki-srf06-cc26xx.a(uip-ds6-route.o)
                0x000000000000bc74                uip_ds6_defrt_lookup
 .text.uip_ds6_defrt_add
                0x000000000000bcac       0x5c contiki-srf06-cc26xx.a(uip-ds6-route.o)
                0x000000000000bcac                uip_ds6_defrt_add
 .text.uip_ds6_defrt_choose
                0x000000000000bd08       0x34 contiki-srf06-cc26xx.a(uip-ds6-route.o)
                0x000000000000bd08                uip_ds6_defrt_choose
 .text.uip_ds6_defrt_periodic
                0x000000000000bd3c       0x44 contiki-srf06-cc26xx.a(uip-ds6-route.o)
                0x000000000000bd3c                uip_ds6_defrt_periodic
 .text.uip_ds6_nbr_rm
                0x000000000000bd80       0x20 contiki-srf06-cc26xx.a(uip-ds6-nbr.o)
                0x000000000000bd80                uip_ds6_nbr_rm
 .text.uip_ds6_neighbors_init
                0x000000000000bda0       0x1c contiki-srf06-cc26xx.a(uip-ds6-nbr.o)
                0x000000000000bda0                uip_ds6_neighbors_init
 .text.uip_ds6_nbr_add
                0x000000000000bdbc       0x38 contiki-srf06-cc26xx.a(uip-ds6-nbr.o)
                0x000000000000bdbc                uip_ds6_nbr_add
 .text.uip_ds6_nbr_get_ll
                0x000000000000bdf4       0x10 contiki-srf06-cc26xx.a(uip-ds6-nbr.o)
                0x000000000000bdf4                uip_ds6_nbr_get_ll
 .text.uip_ds6_nbr_lookup
                0x000000000000be04       0x34 contiki-srf06-cc26xx.a(uip-ds6-nbr.o)
                0x000000000000be04                uip_ds6_nbr_lookup
 .text.uip_ds6_nbr_ipaddr_from_lladdr
                0x000000000000be38       0x10 contiki-srf06-cc26xx.a(uip-ds6-nbr.o)
                0x000000000000be38                uip_ds6_nbr_ipaddr_from_lladdr
 .text.uip_ds6_nbr_lladdr_from_ipaddr
                0x000000000000be48       0x1c contiki-srf06-cc26xx.a(uip-ds6-nbr.o)
                0x000000000000be48                uip_ds6_nbr_lladdr_from_ipaddr
 .text.uip_ds6_link_neighbor_callback
                0x000000000000be64       0x34 contiki-srf06-cc26xx.a(uip-ds6-nbr.o)
                0x000000000000be64                uip_ds6_link_neighbor_callback
 .text.uip_debug_ipaddr_print
                0x000000000000be98       0xc4 contiki-srf06-cc26xx.a(uip-debug.o)
                0x000000000000be98                uip_debug_ipaddr_print
 .text.update_nbr
                0x000000000000bf5c      0x10c contiki-srf06-cc26xx.a(rpl-nbr-policy.)
 .text.handle_periodic_timer
                0x000000000000c068       0x14 contiki-srf06-cc26xx.a(rpl-nbr-policy.)
 .text.find_removable_dio
                0x000000000000c07c       0x3c contiki-srf06-cc26xx.a(rpl-nbr-policy.)
                0x000000000000c07c                find_removable_dio
 .text.rpl_nbr_policy_find_removable
                0x000000000000c0b8       0x60 contiki-srf06-cc26xx.a(rpl-nbr-policy.)
                0x000000000000c0b8                rpl_nbr_policy_find_removable
 .text.new_dio_interval
                0x000000000000c118       0x60 contiki-srf06-cc26xx.a(rpl-timers.o)
 .text.handle_periodic_timer
                0x000000000000c178       0x60 contiki-srf06-cc26xx.a(rpl-timers.o)
 .text.handle_unicast_dio_timer
                0x000000000000c1d8       0x1c contiki-srf06-cc26xx.a(rpl-timers.o)
 .text.handle_dio_timer
                0x000000000000c1f4       0x8c contiki-srf06-cc26xx.a(rpl-timers.o)
 .text.set_dao_lifetime_timer.part.1
                0x000000000000c280       0x40 contiki-srf06-cc26xx.a(rpl-timers.o)
 .text.schedule_dao
                0x000000000000c2c0       0x5c contiki-srf06-cc26xx.a(rpl-timers.o)
 .text.handle_dao_timer
                0x000000000000c31c       0x64 contiki-srf06-cc26xx.a(rpl-timers.o)
 .text.rpl_reset_periodic_timer
                0x000000000000c380       0x3c contiki-srf06-cc26xx.a(rpl-timers.o)
                0x000000000000c380                rpl_reset_periodic_timer
 .text.rpl_reset_dio_timer
                0x000000000000c3bc       0x1c contiki-srf06-cc26xx.a(rpl-timers.o)
                0x000000000000c3bc                rpl_reset_dio_timer
 .text.rpl_schedule_dao
                0x000000000000c3d8        0x8 contiki-srf06-cc26xx.a(rpl-timers.o)
                0x000000000000c3d8                rpl_schedule_dao
 .text.rpl_schedule_unicast_dio_immediately
                0x000000000000c3e0       0x14 contiki-srf06-cc26xx.a(rpl-timers.o)
                0x000000000000c3e0                rpl_schedule_unicast_dio_immediately
 .text.get_probing_delay
                0x000000000000c3f4       0x4c contiki-srf06-cc26xx.a(rpl-timers.o)
                0x000000000000c3f4                get_probing_delay
 .text.get_probing_target
                0x000000000000c440       0xd8 contiki-srf06-cc26xx.a(rpl-timers.o)
                0x000000000000c440                get_probing_target
 .text.rpl_schedule_probing
                0x000000000000c518       0x20 contiki-srf06-cc26xx.a(rpl-timers.o)
                0x000000000000c518                rpl_schedule_probing
 .text.handle_probing_timer
                0x000000000000c538       0x34 contiki-srf06-cc26xx.a(rpl-timers.o)
 .text.reset    0x000000000000c56c        0x4 contiki-srf06-cc26xx.a(rpl-mrhof.o)
 .text.update_metric_container
                0x000000000000c570        0x8 contiki-srf06-cc26xx.a(rpl-mrhof.o)
 .text.parent_link_metric
                0x000000000000c578       0x14 contiki-srf06-cc26xx.a(rpl-mrhof.o)
 .text.parent_has_usable_link
                0x000000000000c58c       0x18 contiki-srf06-cc26xx.a(rpl-mrhof.o)
 .text.best_dag
                0x000000000000c5a4       0x30 contiki-srf06-cc26xx.a(rpl-mrhof.o)
 .text.parent_path_cost
                0x000000000000c5d4       0x4c contiki-srf06-cc26xx.a(rpl-mrhof.o)
 .text.rank_via_parent
                0x000000000000c620       0x3c contiki-srf06-cc26xx.a(rpl-mrhof.o)
 .text.parent_is_acceptable
                0x000000000000c65c       0x34 contiki-srf06-cc26xx.a(rpl-mrhof.o)
 .text.best_parent
                0x000000000000c690       0x68 contiki-srf06-cc26xx.a(rpl-mrhof.o)
 .text.NOROM_SetupGetTrimForXoscHfCtl.part.3
                0x000000000000c6f8       0x20 contiki-srf06-cc26xx.a(setup_rom.o)
 .text.NOROM_SetupGetTrimForRadcExtCfg.part.4
                0x000000000000c718       0x1c contiki-srf06-cc26xx.a(setup_rom.o)
 .text.NOROM_SetupAfterColdResetWakeupFromShutDownCfg1
                0x000000000000c734       0x74 contiki-srf06-cc26xx.a(setup_rom.o)
                0x000000000000c734                NOROM_SetupAfterColdResetWakeupFromShutDownCfg1
 .text.NOROM_SetupAfterColdResetWakeupFromShutDownCfg3
                0x000000000000c7a8      0x1a0 contiki-srf06-cc26xx.a(setup_rom.o)
                0x000000000000c7a8                NOROM_SetupAfterColdResetWakeupFromShutDownCfg3
 .text.NOROM_SetupGetTrimForAnabypassValue1
                0x000000000000c948       0x64 contiki-srf06-cc26xx.a(setup_rom.o)
                0x000000000000c948                NOROM_SetupGetTrimForAnabypassValue1
 .text.NOROM_SetupGetTrimForAmpcompCtrl
                0x000000000000c9ac       0x58 contiki-srf06-cc26xx.a(setup_rom.o)
                0x000000000000c9ac                NOROM_SetupGetTrimForAmpcompCtrl
 .text.NOROM_SetupAfterColdResetWakeupFromShutDownCfg2
                0x000000000000ca04      0x190 contiki-srf06-cc26xx.a(setup_rom.o)
                0x000000000000ca04                NOROM_SetupAfterColdResetWakeupFromShutDownCfg2
 .text.NOROM_SetupSetCacheModeAccordingToCcfgSetting
                0x000000000000cb94       0x6c contiki-srf06-cc26xx.a(setup_rom.o)
                0x000000000000cb94                NOROM_SetupSetCacheModeAccordingToCcfgSetting
 .text.mac_sequence_is_duplicate
                0x000000000000cc00       0x50 contiki-srf06-cc26xx.a(mac-sequence.o)
                0x000000000000cc00                mac_sequence_is_duplicate
 .text.mac_sequence_register_seqno
                0x000000000000cc50       0x6c contiki-srf06-cc26xx.a(mac-sequence.o)
                0x000000000000cc50                mac_sequence_register_seqno
 .text.frame802154_get_pan_id
                0x000000000000ccbc        0xc contiki-srf06-cc26xx.a(frame802154.o)
                0x000000000000ccbc                frame802154_get_pan_id
 .text.frame802154_has_panid
                0x000000000000ccc8       0xd0 contiki-srf06-cc26xx.a(frame802154.o)
                0x000000000000ccc8                frame802154_has_panid
 .text.field_len
                0x000000000000cd98       0x88 contiki-srf06-cc26xx.a(frame802154.o)
 .text.frame802154_is_broadcast_addr
                0x000000000000ce20       0x20 contiki-srf06-cc26xx.a(frame802154.o)
                0x000000000000ce20                frame802154_is_broadcast_addr
 .text.frame802154_hdrlen
                0x000000000000ce40       0x34 contiki-srf06-cc26xx.a(frame802154.o)
                0x000000000000ce40                frame802154_hdrlen
 .text.frame802154_create_fcf
                0x000000000000ce74       0x64 contiki-srf06-cc26xx.a(frame802154.o)
                0x000000000000ce74                frame802154_create_fcf
 .text.frame802154_create
                0x000000000000ced8       0xa8 contiki-srf06-cc26xx.a(frame802154.o)
                0x000000000000ced8                frame802154_create
 .text.frame802154_parse_fcf
                0x000000000000cf80       0x44 contiki-srf06-cc26xx.a(frame802154.o)
                0x000000000000cf80                frame802154_parse_fcf
 .text.frame802154_parse
                0x000000000000cfc4      0x13c contiki-srf06-cc26xx.a(frame802154.o)
                0x000000000000cfc4                frame802154_parse
 .text.mac_call_sent_callback
                0x000000000000d100       0x18 contiki-srf06-cc26xx.a(mac.o)
                0x000000000000d100                mac_call_sent_callback
 .text.stimer_set
                0x000000000000d118       0x10 contiki-srf06-cc26xx.a(stimer.o)
                0x000000000000d118                stimer_set
 .text.stimer_expired
                0x000000000000d128       0x20 contiki-srf06-cc26xx.a(stimer.o)
                0x000000000000d128                stimer_expired
 .text          0x000000000000d148       0x30 /usr/bin/../lib/gcc/arm-none-eabi/7.3.1/thumb/v7-m/libgcc.a(_aeabi_uldivmod.o)
                0x000000000000d148                __aeabi_uldivmod
 .text          0x000000000000d178      0x2d0 /usr/bin/../lib/gcc/arm-none-eabi/7.3.1/thumb/v7-m/libgcc.a(_udivmoddi4.o)
                0x000000000000d178                __udivmoddi4
 .text          0x000000000000d448        0x4 /usr/bin/../lib/gcc/arm-none-eabi/7.3.1/thumb/v7-m/libgcc.a(_dvmd_tls.o)
                0x000000000000d448                __aeabi_ldiv0
                0x000000000000d448                __aeabi_idiv0
 .text.memcmp   0x000000000000d44c       0x64 /usr/bin/../lib/gcc/arm-none-eabi/7.3.1/../../../../arm-none-eabi/lib/thumb/v7-m/libc.a(lib_a-memcmp.o)
                0x000000000000d44c                memcmp
 .text          0x000000000000d4b0       0xec /usr/bin/../lib/gcc/arm-none-eabi/7.3.1/../../../../arm-none-eabi/lib/thumb/v7-m/libc.a(lib_a-memcpy.o)
                0x000000000000d4b0                memcpy
 .text.memmove  0x000000000000d59c       0xc4 /usr/bin/../lib/gcc/arm-none-eabi/7.3.1/../../../../arm-none-eabi/lib/thumb/v7-m/libc.a(lib_a-memmove.o)
                0x000000000000d59c                memmove
 .text.memset   0x000000000000d660       0x94 /usr/bin/../lib/gcc/arm-none-eabi/7.3.1/../../../../arm-none-eabi/lib/thumb/v7-m/libc.a(lib_a-memset.o)
                0x000000000000d660                memset
 .text.strlen   0x000000000000d6f4       0x5c /usr/bin/../lib/gcc/arm-none-eabi/7.3.1/../../../../arm-none-eabi/lib/thumb/v7-m/libc.a(lib_a-strlen-stub.o)
                0x000000000000d6f4                strlen
 *(SORT_BY_ALIGNMENT(.rodata*))
 .rodata.autostart_processes
                0x000000000000d750        0x8 cc26xx-demo.co
                0x000000000000d750                autostart_processes
 .rodata.get_sync_sensor_readings.str1.4
                0x000000000000d758       0x4d cc26xx-demo.co
 *fill*         0x000000000000d7a5        0x3 00000000
 .rodata.process_thread_cc26xx_demo_process.str1.4
                0x000000000000d7a8       0x6b cc26xx-demo.co
 *fill*         0x000000000000d813        0x1 00000000
 .rodata.str1.4
                0x000000000000d814       0x14 cc26xx-demo.co
 .rodata.main.str1.4
                0x000000000000d828       0xde contiki-srf06-cc26xx.a(contiki-main.o)
                                         0xf2 (size before relaxing)
 *fill*         0x000000000000d906        0x2 00000000
 .rodata.str1.4
                0x000000000000d908        0x8 contiki-srf06-cc26xx.a(sensors.o)
 .rodata        0x000000000000d910       0x48 contiki-srf06-cc26xx.a(board.o)
 .rodata.button_left_sensor
                0x000000000000d958       0x10 contiki-srf06-cc26xx.a(button-sensor.o)
                0x000000000000d958                button_left_sensor
 .rodata.button_right_sensor
                0x000000000000d968       0x10 contiki-srf06-cc26xx.a(button-sensor.o)
                0x000000000000d968                button_right_sensor
 .rodata.str1.4
                0x000000000000d978        0x7 contiki-srf06-cc26xx.a(button-sensor.o)
 *fill*         0x000000000000d97f        0x1 00000000
 .rodata        0x000000000000d980        0x4 contiki-srf06-cc26xx.a(ext-flash.o)
 .rodata.batmon_sensor
                0x000000000000d984       0x10 contiki-srf06-cc26xx.a(batmon-sensor.o)
                0x000000000000d984                batmon_sensor
 .rodata.str1.4
                0x000000000000d994       0x10 contiki-srf06-cc26xx.a(batmon-sensor.o)
 .rodata.str1.4
                0x000000000000d9a4       0x26 contiki-srf06-cc26xx.a(rf-ble.o)
 *fill*         0x000000000000d9ca        0x2 00000000
 .rodata.ieee_mode_driver
                0x000000000000d9cc       0x38 contiki-srf06-cc26xx.a(ieee-mode.o)
                0x000000000000d9cc                ieee_mode_driver
 .rodata.mode_ieee
                0x000000000000da04        0x8 contiki-srf06-cc26xx.a(ieee-mode.o)
 .rodata.output_power
                0x000000000000da0c       0x68 contiki-srf06-cc26xx.a(ieee-mode.o)
 .rodata.str1.4
                0x000000000000da74       0x1b contiki-srf06-cc26xx.a(soc-trng.o)
 *fill*         0x000000000000da8f        0x1 00000000
 .rodata.buffer.4041
                0x000000000000da90       0x10 contiki-srf06-cc26xx.a(strformat.o)
 .rodata.buffer.4050
                0x000000000000daa0       0x10 contiki-srf06-cc26xx.a(strformat.o)
 .rodata.format_str_v.str1.4
                0x000000000000dab0       0x42 contiki-srf06-cc26xx.a(strformat.o)
                                         0x46 (size before relaxing)
 *fill*         0x000000000000daf2        0x2 00000000
 .rodata.str1.4
                0x000000000000daf4        0xf contiki-srf06-cc26xx.a(ctimer.o)
 *fill*         0x000000000000db03        0x1 00000000
 .rodata.str1.4
                0x000000000000db04        0xc contiki-srf06-cc26xx.a(etimer.o)
 .rodata.str1.4
                0x000000000000db10        0xe contiki-srf06-cc26xx.a(serial-line.o)
 *fill*         0x000000000000db1e        0x2 00000000
 .rodata        0x000000000000db20        0x2 contiki-srf06-cc26xx.a(sicslowpan.o)
 *fill*         0x000000000000db22        0x2 00000000
 .rodata.llprefix
                0x000000000000db24        0x2 contiki-srf06-cc26xx.a(sicslowpan.o)
                0x000000000000db24                llprefix
 *fill*         0x000000000000db26        0x2 00000000
 .rodata.sicslowpan_driver
                0x000000000000db28        0xc contiki-srf06-cc26xx.a(sicslowpan.o)
                0x000000000000db28                sicslowpan_driver
 .rodata.str1.4
                0x000000000000db34        0xb contiki-srf06-cc26xx.a(sicslowpan.o)
 *fill*         0x000000000000db3f        0x1 00000000
 .rodata.ttl_values
                0x000000000000db40        0x4 contiki-srf06-cc26xx.a(sicslowpan.o)
 .rodata.unc_ctxconf
                0x000000000000db44        0x4 contiki-srf06-cc26xx.a(sicslowpan.o)
                0x000000000000db44                unc_ctxconf
 .rodata.unc_llconf
                0x000000000000db48        0x4 contiki-srf06-cc26xx.a(sicslowpan.o)
                0x000000000000db48                unc_llconf
 .rodata.unc_mxconf
                0x000000000000db4c        0x4 contiki-srf06-cc26xx.a(sicslowpan.o)
                0x000000000000db4c                unc_mxconf
 .rodata.str1.4
                0x000000000000db50        0xd contiki-srf06-cc26xx.a(tcpip.o)
 *fill*         0x000000000000db5d        0x3 00000000
 .rodata.linkaddr_null
                0x000000000000db60        0x8 contiki-srf06-cc26xx.a(linkaddr.o)
                0x000000000000db60                linkaddr_null
 .rodata.framer_802154
                0x000000000000db68        0xc contiki-srf06-cc26xx.a(framer-802154.o)
                0x000000000000db68                framer_802154
 .rodata.csma_driver
                0x000000000000db74       0x1c contiki-srf06-cc26xx.a(csma.o)
                0x000000000000db74                csma_driver
 .rodata.str1.4
                0x000000000000db90        0x5 contiki-srf06-cc26xx.a(csma.o)
 *fill*         0x000000000000db95        0x3 00000000
 .rodata.contikimac_driver
                0x000000000000db98       0x20 contiki-srf06-cc26xx.a(contikimac.o)
                0x000000000000db98                contikimac_driver
 .rodata.str1.4
                0x000000000000dbb8        0xb contiki-srf06-cc26xx.a(contikimac.o)
 *fill*         0x000000000000dbc3        0x1 00000000
 .rodata.nullsec_driver
                0x000000000000dbc4       0x10 contiki-srf06-cc26xx.a(nullsec.o)
                0x000000000000dbc4                nullsec_driver
 .rodata.str1.4
                0x000000000000dbd4        0x8 contiki-srf06-cc26xx.a(nullsec.o)
 .rodata.RFCCPE0IntHandler.str1.4
                0x000000000000dbdc       0x2a contiki-srf06-cc26xx.a(rf-core.o)
 *fill*         0x000000000000dc06        0x2 00000000
 .rodata.str1.4
                0x000000000000dc08       0x1a contiki-srf06-cc26xx.a(rf-core.o)
 *fill*         0x000000000000dc22        0x2 00000000
 .rodata.uip_debug_ipaddr_print.str1.4
                0x000000000000dc24       0x2c contiki-srf06-cc26xx.a(uip-debug.o)
                                         0x2b (size before relaxing)
                0x000000000000dc50                _etext = .

.glue_7         0x000000000000dc50        0x0
 .glue_7        0x000000000000dc50        0x0 linker stubs

.glue_7t        0x000000000000dc50        0x0
 .glue_7t       0x000000000000dc50        0x0 linker stubs

.vfp11_veneer   0x000000000000dc50        0x0
 .vfp11_veneer  0x000000000000dc50        0x0 linker stubs

.v4_bx          0x000000000000dc50        0x0
 .v4_bx         0x000000000000dc50        0x0 linker stubs

.iplt           0x000000000000dc50        0x0
 .iplt          0x000000000000dc50        0x0 obj_srf06-cc26xx/startup_gcc.o

.data           0x0000000020000000      0x298 load address 0x000000000000dc50
                0x0000000020000000                _data = .
 *(SORT_BY_ALIGNMENT(vtable))
 *(SORT_BY_ALIGNMENT(.data*))
 .data.cc26xx_demo_process
                0x0000000020000000       0x10 cc26xx-demo.co
                0x0000000020000000                cc26xx_demo_process
 .data.sensors_process
                0x0000000020000010       0x10 contiki-srf06-cc26xx.a(sensors.o)
                0x0000000020000010                sensors_process
 .data.launchpad_module
                0x0000000020000020       0x14 contiki-srf06-cc26xx.a(board.o)
 .data.sensors  0x0000000020000034        0xc contiki-srf06-cc26xx.a(launchpad-senso)
                0x0000000020000034                sensors
 .data.uart_module
                0x0000000020000040       0x14 contiki-srf06-cc26xx.a(cc26xx-uart.o)
 .data.beacond_config
                0x0000000020000054       0x24 contiki-srf06-cc26xx.a(rf-ble.o)
 .data.ble_overrides
                0x0000000020000078       0x1c contiki-srf06-cc26xx.a(rf-ble.o)
 .data.rf_ble_beacon_process
                0x0000000020000094       0x10 contiki-srf06-cc26xx.a(rf-ble.o)
                0x0000000020000094                rf_ble_beacon_process
 .data.cc26xx_rf_lpm_module
                0x00000000200000a4       0x14 contiki-srf06-cc26xx.a(ieee-mode.o)
 .data.ieee_overrides
                0x00000000200000b8       0x2c contiki-srf06-cc26xx.a(ieee-mode.o)
 .data.tx_power_current
                0x00000000200000e4        0x4 contiki-srf06-cc26xx.a(ieee-mode.o)
                0x00000000200000e4                tx_power_current
 .data.rng_module
                0x00000000200000e8       0x14 contiki-srf06-cc26xx.a(soc-trng.o)
 .data.soc_trng_process
                0x00000000200000fc       0x10 contiki-srf06-cc26xx.a(soc-trng.o)
                0x00000000200000fc                soc_trng_process
 .data.ctxt     0x000000002000010c        0x8 contiki-srf06-cc26xx.a(dbg-printf.o)
 .data.ctimer_process
                0x0000000020000114       0x10 contiki-srf06-cc26xx.a(ctimer.o)
                0x0000000020000114                ctimer_process
 .data.etimer_process
                0x0000000020000124       0x10 contiki-srf06-cc26xx.a(etimer.o)
                0x0000000020000124                etimer_process
 .data.serial_line_process
                0x0000000020000134       0x10 contiki-srf06-cc26xx.a(serial-line.o)
                0x0000000020000134                serial_line_process
 .data.ns_input_handler
                0x0000000020000144        0xc contiki-srf06-cc26xx.a(uip-nd6.o)
 .data.tcpip_process
                0x0000000020000150       0x10 contiki-srf06-cc26xx.a(tcpip.o)
                0x0000000020000150                tcpip_process
 .data.dao_ack_handler
                0x0000000020000160        0xc contiki-srf06-cc26xx.a(rpl-icmp6.o)
 .data.dao_handler
                0x000000002000016c        0xc contiki-srf06-cc26xx.a(rpl-icmp6.o)
 .data.dio_handler
                0x0000000020000178        0xc contiki-srf06-cc26xx.a(rpl-icmp6.o)
 .data.dis_handler
                0x0000000020000184        0xc contiki-srf06-cc26xx.a(rpl-icmp6.o)
 .data.rpl_parents
                0x0000000020000190        0x4 contiki-srf06-cc26xx.a(rpl-dag.o)
                0x0000000020000190                rpl_parents
 .data.rpl_parents_struct
                0x0000000020000194       0x10 contiki-srf06-cc26xx.a(rpl-dag.o)
 .data.bufmem   0x00000000200001a4        0xc contiki-srf06-cc26xx.a(queuebuf.o)
 .data.buframmem
                0x00000000200001b0        0xc contiki-srf06-cc26xx.a(queuebuf.o)
 .data.neighbor_addr_mem
                0x00000000200001bc        0xc contiki-srf06-cc26xx.a(nbr-table.o)
 .data.link_stats_struct
                0x00000000200001c8       0x10 contiki-srf06-cc26xx.a(link-stats.o)
 .data.metadata_memb
                0x00000000200001d8        0xc contiki-srf06-cc26xx.a(csma.o)
 .data.neighbor_memb
                0x00000000200001e4        0xc contiki-srf06-cc26xx.a(csma.o)
 .data.packet_memb
                0x00000000200001f0        0xc contiki-srf06-cc26xx.a(csma.o)
 .data.rf_core_process
                0x00000000200001fc       0x10 contiki-srf06-cc26xx.a(rf-core.o)
                0x00000000200001fc                rf_core_process
 .data.echo_reply_handler
                0x000000002000020c        0xc contiki-srf06-cc26xx.a(uip-icmp6.o)
 .data.echo_request_handler
                0x0000000020000218        0xc contiki-srf06-cc26xx.a(uip-icmp6.o)
 .data.defaultroutermemb
                0x0000000020000224        0xc contiki-srf06-cc26xx.a(uip-ds6-route.o)
 .data.nbr_routes
                0x0000000020000230        0x4 contiki-srf06-cc26xx.a(uip-ds6-route.o)
                0x0000000020000230                nbr_routes
 .data.nbr_routes_struct
                0x0000000020000234       0x10 contiki-srf06-cc26xx.a(uip-ds6-route.o)
 .data.neighborroutememb
                0x0000000020000244        0xc contiki-srf06-cc26xx.a(uip-ds6-route.o)
 .data.routememb
                0x0000000020000250        0xc contiki-srf06-cc26xx.a(uip-ds6-route.o)
 .data.ds6_neighbors
                0x000000002000025c        0x4 contiki-srf06-cc26xx.a(uip-ds6-nbr.o)
                0x000000002000025c                ds6_neighbors
 .data.ds6_neighbors_struct
                0x0000000020000260       0x10 contiki-srf06-cc26xx.a(uip-ds6-nbr.o)
 .data.rpl_mrhof
                0x0000000020000270       0x24 contiki-srf06-cc26xx.a(rpl-mrhof.o)
                0x0000000020000270                rpl_mrhof
 .data.mac_pan_id
                0x0000000020000294        0x2 contiki-srf06-cc26xx.a(frame802154.o)
 .data.rng_ready_event
                0x0000000020000296        0x1 contiki-srf06-cc26xx.a(soc-trng.o)
 .data.dao_sequence
                0x0000000020000297        0x1 contiki-srf06-cc26xx.a(rpl-icmp6.o)
                0x0000000020000298                _edata = .

.igot.plt       0x0000000020000298        0x0 load address 0x000000000000dee8
 .igot.plt      0x0000000020000298        0x0 obj_srf06-cc26xx/startup_gcc.o

.ARM.exidx      0x000000000000dee8        0x8
 *(SORT_BY_ALIGNMENT(.ARM.exidx*))
 .ARM.exidx     0x000000000000dee8        0x8 /usr/bin/../lib/gcc/arm-none-eabi/7.3.1/thumb/v7-m/libgcc.a(_udivmoddi4.o)

.bss            0x0000000020000298     0x2ccc
                0x0000000020000298                _bss = .
 *(SORT_BY_ALIGNMENT(.bss*))
 .bss.count     0x0000000020000298        0x8 contiki-srf06-cc26xx.a(clock.o)
 .bss.rands_cache
                0x00000000200002a0       0x20 contiki-srf06-cc26xx.a(soc-trng.o)
 .bss.et        0x00000000200002c0       0x10 cc26xx-demo.co
 .bss.events.4854
                0x00000000200002d0        0x4 contiki-srf06-cc26xx.a(sensors.o)
 .bss.i.4853    0x00000000200002d4        0x4 contiki-srf06-cc26xx.a(sensors.o)
 .bss.inited    0x00000000200002d8        0x4 contiki-srf06-cc26xx.a(leds-arch.o)
 .bss.left_timer
                0x00000000200002dc       0x10 contiki-srf06-cc26xx.a(button-sensor.o)
 .bss.right_timer
                0x00000000200002ec       0x10 contiki-srf06-cc26xx.a(button-sensor.o)
 .bss.last_isr_time
                0x00000000200002fc        0x4 contiki-srf06-cc26xx.a(soc-rtc.o)
 .bss.enabled   0x0000000020000300        0x4 contiki-srf06-cc26xx.a(batmon-sensor.o)
 .bss.input_handler
                0x0000000020000304        0x4 contiki-srf06-cc26xx.a(cc26xx-uart.o)
 .bss.modules_list_list
                0x0000000020000308        0x4 contiki-srf06-cc26xx.a(lpm.o)
 .bss.handlers  0x000000002000030c       0x80 contiki-srf06-cc26xx.a(gpio-interrupt.)
 .bss.ble_adv_et